ARM Linker, 4.1 [Build 644] [Standard][RL-ARM]

==============================================================================

Section Cross References

    startup_lpc17xx.o(STACK) refers (Special) to heapauxi.o(.text) for __use_two_region_memory
    startup_lpc17xx.o(HEAP) refers (Special) to heapauxi.o(.text) for __use_two_region_memory
    startup_lpc17xx.o(RESET) refers (Special) to heapauxi.o(.text) for __use_two_region_memory
    startup_lpc17xx.o(RESET) refers to startup_lpc17xx.o(STACK) for __initial_sp
    startup_lpc17xx.o(RESET) refers to startup_lpc17xx.o(.text) for Reset_Handler
    startup_lpc17xx.o(RESET) refers to hal_cm3.o(.emb_text) for SVC_Handler
    startup_lpc17xx.o(RESET) refers to pulse.o(.text) for TIMER0_IRQHandler
    startup_lpc17xx.o(RESET) refers to timer2.o(.text) for TIMER2_IRQHandler
    startup_lpc17xx.o(RESET) refers to uart0.o(.text) for UART0_IRQHandler
    startup_lpc17xx.o(RESET) refers to uart1.o(.text) for UART1_IRQHandler
    startup_lpc17xx.o(RESET) refers to uart2 .o(.text) for UART2_IRQHandler
    startup_lpc17xx.o(RESET) refers to uart3.o(.text) for UART3_IRQHandler
    startup_lpc17xx.o(RESET) refers to iic0.o(.text) for I2C0_IRQHandler
    startup_lpc17xx.o(RESET) refers to rtc.o(.text) for RTC_IRQHandler
    startup_lpc17xx.o(RESET) refers to kionix_kxtf9_common.o(.text) for EINT3_IRQHandler
    startup_lpc17xx.o(RESET) refers to usbh_ohci_lpc17xx.o(.text) for USB_IRQHandler
    startup_lpc17xx.o(RESET) refers to can.o(.text) for CAN_IRQHandler
    startup_lpc17xx.o(RESET) refers to print.o(.text) for MCPWM_IRQHandler
    startup_lpc17xx.o(.text) refers (Special) to heapauxi.o(.text) for __use_two_region_memory
    startup_lpc17xx.o(.text) refers to __main.o(!!!main) for __main
    startup_lpc17xx.o(.text) refers to startup_lpc17xx.o(HEAP) for Heap_Mem
    startup_lpc17xx.o(.text) refers to startup_lpc17xx.o(STACK) for Stack_Mem
    system_lpc17xx.o(.text) refers to system_lpc17xx.o(.data) for .data
    rtx_conf_cm.o(.text) refers to rt_task.o(.text) for rt_tsk_self
    rtx_conf_cm.o(.text) refers to rt_mutex.o(.text) for rt_mut_init
    rtx_conf_cm.o(.text) refers to rtx_conf_cm.o(.bss) for .bss
    rtx_conf_cm.o(.text) refers to libspace.o(.bss) for __libspace_start
    rtx_conf_cm.o(.text) refers to rtx_conf_cm.o(.data) for .data
    rtx_conf_cm.o(.data) refers to rtx_conf_cm.o(.bss) for mp_tmr
    usb_config.o(.data) refers to usbh_ohci.o(.data) for usbh0_hcd_ohci
    usb_config.o(.data) refers to usbh_ohci_lpc17xx.o(.data) for usbh0_hwd_ohci
    usb_config.o(.data) refers to usbh_msc.o(.data) for usbh_dcd_msc
    file_config.o(.text) refers to file_config.o(.bss) for .bss
    file_config.o(.text) refers to fs_usbh_msc.o(.constdata) for usb0_drv
    file_config.o(.text) refers to streamlock.o(.data) for _stream_list_lock
    file_config.o(.constdata) refers to file_config.o(.bss) for usb0_vol
    taskcan.o(.text) refers to algol.o(.text) for SetBufferValue
    taskcan.o(.text) refers to strcpy.o(.text) for strcpy
    taskcan.o(.text) refers to strlen.o(.text) for strlen
    taskcan.o(.text) refers to strcat.o(.text) for strcat
    taskcan.o(.text) refers to uart0.o(.text) for UartCls::puts(char*)
    taskcan.o(.text) refers to dff_25xxx.o(.text) for DFFCls::PageRead(unsigned long, unsigned char*)
    taskcan.o(.text) refers to rtc.o(.text) for RtcCls::SecondToDateTime(unsigned, RTC_STR*)
    taskcan.o(.text) refers to gprs_alig.o(.text) for GPRSCls::JT808_DataPackPushAlignment(unsigned short, unsigned short, unsigned short, unsigned, unsigned char*)
    taskcan.o(.text) refers to rt_memmove_w.o(.text) for __aeabi_memmove4
    taskcan.o(.text) refers to rt_memmove_v6.o(.text) for __aeabi_memmove
    taskcan.o(.text) refers to main.o(.bss) for FlashPageCnt
    taskcan.o(.text) refers to uart0.o(.bss) for Uart
    taskcan.o(.text) refers to usbh_ohci_lpc17xx.o(.data) for pShareMem
    taskcan.o(.text) refers to dff_25xxx.o(.bss) for DFF
    taskcan.o(.text) refers to main.o(.data) for TestCanBus
    taskcan.o(.text) refers to rtc.o(.bss) for Rtc
    taskcan.o(.text) refers to gsm_gprs.o(.bss) for GPRS
    taskcan.o(.text) refers to main.o(.bss) for TD
    taskcan.o(.text) refers to bb_gprs_cmd.o(.data) for jt_auth_ok_flag
    taskcan.o(.text) refers to bb_gprs_cmd.o(.bss) for JT_CanSet
    taskcan.o(.text) refers to main.o(.bss) for TC
    taskcan.o(.text) refers to rt_time.o(.text) for rt_dly_wait
    taskcan.o(.text) refers to taskcan.o(.bss) for .bss
    taskcan.o(.text) refers to rt_event.o(.text) for rt_evt_wait
    taskcan.o(.text) refers to taskcan.o(.data) for .data
    taskcan.o(.text) refers to main.o(.data) for JT_ShutCommunication
    taskcan.o(.text) refers to dfe_25xxx.o(.text) for DFECls::Write(unsigned short, unsigned short, unsigned char*)
    taskcan.o(.text) refers to can.o(.text) for CanBusCls::CAN_setup(unsigned, unsigned)
[...]

    Execution Region ER_IROM1 (Base: 0x00003000, Size: 0x0003bb7c, Max: 0x00040000, ABSOLUTE)

    Base Addr    Size         Type   Attr      Idx    E Section Name        Object

    0x00003000   0x000000cc   Code   RO            3    RESET               startup_lpc17xx.o
    0x000030cc   0x00000008   Code   RO         4836  * !!!main             c_w.l(__main.o)
    0x000030d4   0x00000034   Code   RO         5264    !!!scatter          c_w.l(__scatter.o)
    0x00003108   0x0000005a   Code   RO         5262    !!dczerorl2         c_w.l(__dczerorl2.o)
    0x00003162   0x00000002   PAD
    0x00003164   0x0000001c   Code   RO         5266    !!handler_zi        c_w.l(__scatter_zi.o)
    0x00003180   0x00000000   Code   RO         4780    .ARM.Collect$$_printf_percent$$00000000  c_w.l(_printf_percent.o)
    0x00003180   0x00000006   Code   RO         4777    .ARM.Collect$$_printf_percent$$00000001  c_w.l(_printf_n.o)
    0x00003186   0x00000006   Code   RO         4778    .ARM.Collect$$_printf_percent$$00000002  c_w.l(_printf_p.o)
    0x0000318c   0x00000006   Code   RO         4779    .ARM.Collect$$_printf_percent$$00000009  c_w.l(_printf_d.o)
    0x00003192   0x00000006   Code   RO         4776    .ARM.Collect$$_printf_percent$$00000014  c_w.l(_printf_s.o)
    0x00003198   0x00000004   Code   RO         4955    .ARM.Collect$$_printf_percent$$00000017  c_w.l(_printf_percent_end.o)
    0x0000319c   0x00000006   Code   RO         5205    .ARM.Collect$$libinit$$00000000  c_w.l(libinit.o)
    0x000031a2   0x00000008   Code   RO         4990    .ARM.Collect$$libinit$$00000001  c_w.l(libinit2.o)
    0x000031aa   0x00000000   Code   RO         4992    .ARM.Collect$$libinit$$00000006  c_w.l(libinit2.o)
    0x000031aa   0x00000000   Code   RO         4994    .ARM.Collect$$libinit$$00000008  c_w.l(libinit2.o)
    0x000031aa   0x00000000   Code   RO         4996    .ARM.Collect$$libinit$$0000000A  c_w.l(libinit2.o)
    0x000031aa   0x00000006   Code   RO         4997    .ARM.Collect$$libinit$$0000000B  c_w.l(libinit2.o)
    0x000031b0   0x00000000   Code   RO         4999    .ARM.Collect$$libinit$$0000000D  c_w.l(libinit2.o)
    0x000031b0   0x0000000c   Code   RO         5000    .ARM.Collect$$libinit$$0000000E  c_w.l(libinit2.o)
    0x000031bc   0x00000000   Code   RO         5001    .ARM.Collect$$libinit$$0000000F  c_w.l(libinit2.o)
    0x000031bc   0x00000000   Code   RO         5003    .ARM.Collect$$libinit$$00000011  c_w.l(libinit2.o)
    0x000031bc   0x00000000   Code   RO         5005    .ARM.Collect$$libinit$$00000013  c_w.l(libinit2.o)
    0x000031bc   0x00000000   Code   RO         5007    .ARM.Collect$$libinit$$00000015  c_w.l(libinit2.o)
    0x000031bc   0x00000000   Code   RO         5009    .ARM.Collect$$libinit$$00000017  c_w.l(libinit2.o)
    0x000031bc   0x00000000   Code   RO         5011    .ARM.Collect$$libinit$$00000019  c_w.l(libinit2.o)
    0x000031bc   0x00000000   Code   RO         5013    .ARM.Collect$$libinit$$0000001B  c_w.l(libinit2.o)
    0x000031bc   0x00000000   Code   RO         5015    .ARM.Collect$$libinit$$0000001D  c_w.l(libinit2.o)
    0x000031bc   0x00000000   Code   RO         5017    .ARM.Collect$$libinit$$0000001F  c_w.l(libinit2.o)
    0x000031bc   0x00000004   Code   RO         5018    .ARM.Collect$$libinit$$00000020  c_w.l(libinit2.o)
    0x000031c0   0x00000000   Code   RO         5019    .ARM.Collect$$libinit$$00000021  c_w.l(libinit2.o)
    0x000031c0   0x00000000   Code   RO         5023    .ARM.Collect$$libinit$$00000028  c_w.l(libinit2.o)
    0x000031c0   0x00000000   Code   RO         5025    .ARM.Collect$$libinit$$0000002A  c_w.l(libinit2.o)
    0x000031c0   0x00000000   Code   RO         5027    .ARM.Collect$$libinit$$0000002C  c_w.l(libinit2.o)
    0x000031c0   0x00000004   Code   RO         5028    .ARM.Collect$$libinit$$0000002D  c_w.l(libinit2.o)
    0x000031c4   0x00000000   Code   RO         5029    .ARM.Collect$$libinit$$0000002E  c_w.l(libinit2.o)
    0x000031c4   0x00000002   Code   RO         5030    .ARM.Collect$$libinit$$0000002F  c_w.l(libinit2.o)
    0x000031c6   0x00000002   Code   RO         5259    .ARM.Collect$$libshutdown$$00000000  c_w.l(libshutdown.o)
    0x000031c8   0x00000004   Code   RO         5122    .ARM.Collect$$libshutdown$$00000002  c_w.l(libshutdown2.o)
    0x000031cc   0x00000000   Code   RO         5123    .ARM.Collect$$libshutdown$$00000003  c_w.l(libshutdown2.o)
    0x000031cc   0x00000000   Code   RO         5126    .ARM.Collect$$libshutdown$$00000006  c_w.l(libshutdown2.o)
    0x000031cc   0x00000000   Code   RO         5129    .ARM.Collect$$libshutdown$$00000009  c_w.l(libshutdown2.o)
    0x000031cc   0x00000000   Code   RO         5131    .ARM.Collect$$libshutdown$$0000000B  c_w.l(libshutdown2.o)
    0x000031cc   0x00000000   Code   RO         5134    .ARM.Collect$$libshutdown$$0000000E  c_w.l(libshutdown2.o)
    0x000031cc   0x00000002   Code   RO         5135    .ARM.Collect$$libshutdown$$0000000F  c_w.l(libshutdown2.o)
    0x000031ce   0x00000000   Code   RO         4866    .ARM.Collect$$rtentry$$00000000  c_w.l(rtentry.o)
    0x000031ce   0x00000000   Code   RO         5039    .ARM.Collect$$rtentry$$00000002  c_w.l(rtentry2.o)
    0x000031ce   0x00000006   Code   RO         5054    .ARM.Collect$$rtentry$$00000004  c_w.l(rtentry4.o)
    0x000031d4   0x00000000   Code   RO         5041    .ARM.Collect$$rtentry$$00000009  c_w.l(rtentry2.o)
    0x000031d4   0x00000004   Code   RO         5042    .ARM.Collect$$rtentry$$0000000A  c_w.l(rtentry2.o)
    0x000031d8   0x00000000   Code   RO         5044    .ARM.Collect$$rtentry$$0000000C  c_w.l(rtentry2.o)
    0x000031d8   0x00000008   Code   RO         5045    .ARM.Collect$$rtentry$$0000000D  c_w.l(rtentry2.o)
    0x000031e0   0x00000002   Code   RO         5206    .ARM.Collect$$rtexit$$00000000  c_w.l(rtexit.o)
    0x000031e2   0x00000000   Code   RO         5225    .ARM.Collect$$rtexit$$00000002  c_w.l(rtexit2.o)
    0x000031e2   0x00000004   Code   RO         5226    .ARM.Collect$$rtexit$$00000003  c_w.l(rtexit2.o)
    0x000031e6   0x00000006   Code   RO         5227    .ARM.Collect$$rtexit$$00000004  c_w.l(rtexit2.o)
    0x000031ec   0x0000014c   Code   RO         4097    .emb_text           hal_cm3.o
    0x00003338   0x00000000   Code   RO         5148    .emb_text           c_w.l(maybetermalloc1.o)
    0x00003338   0x00000038   Code   RO            4    .text               startup_lpc17xx.o
    0x00003370   0x000001ec   Code   RO           13    .text               system_lpc17xx.o
    0x0000355c   0x000000ac   Code   RO           52    .text               rtx_conf_cm.o
    0x00003608   0x0000007c   Code   RO          166    .text               file_config.o
    0x00003684   0x000006b0   Code   RO          196    .text               taskcan.o
    0x00003d34   0x0000035c   Code   RO          330    .text               can.o
    0x00004090   0x00000280   Code   RO          661    .text               main.o
    0x00004310   0x0000004c   Code   RO         1979    .text               isp_iap.o
    0x0000435c   0x00000028   Code   RO         2689    .text               ascii_code24dot.o
    0x00004384   0x0000002e   Code   RO         3985    .text               i2c_interface.o
    0x000043b2   0x00000002   PAD
    0x000043b4   0x00000040   Code   RO         4262    .text               rt_time.o
    0x000043f4   0x00000008   Code   RO         4706    .text               c_w.l(libspace.o)
    0x000043fc   0x00000002   Code   RO         4709    .text               c_w.l(use_no_semi.o)
    0x000043fe   0x00000000   Code   RO         5037    x$fpl$usenofp       fz_ws.l(usenofp.o)
    0x000043fe   0x00000002   Data   RO           59    .constdata          rtx_conf_cm.o
    0x00004400   0x0000000f   Data   RO          391    .ARM.__AT_0x00004400  usersys.o
    0x0000440f   0x00000001   Data   RO           63    .constdata          rtx_conf_cm.o
    0x00004410   0x0000000d   Data   RO          392    .ARM.__AT_0x00004410  usersys.o
    0x0000441d   0x00000003   PAD
    0x00004420   0x000000b0   Code   RO         2497    .text               timer2.o
    0x000044d0   0x00000058   Code   RO         4192    .text               rt_robin.o
    0x00004528   0x00000006   Code   RO         4834    .text               c_w.l(heapauxi.o)
    0x0000452e   0x00000002   Data   RO           65    .constdata          rtx_conf_cm.o
    0x00004530   0x00000010   Data   RO          393    .ARM.__AT_0x00004530  usersys.o
    0x00004540   0x00000010   Data   RO          394    .ARM.__AT_0x00004540  usersys.o
    0x00004550   0x0000001e   Code   RO         4715    .text               c_w.l(toupper.o)
    0x0000456e   0x00000001   Data   RO           67    .constdata          rtx_conf_cm.o
    0x0000456f   0x00000001   Data   RO          101    .constdata          usb_config.o
    0x00004570   0x00000007   Data   RO          395    .ARM.__AT_0x00004570  usersys.o
    0x00004577   0x00000001   PAD
    0x00004578   0x00000adc   Code   RO          610    .text               algol.o
    0x00005054   0x00000f54   Code   RO         1099    .text               speed.o
    0x00005fa8   0x00000048   Code   RO         4713    .text               c_w.l(llsdiv.o)
    0x00005ff0   0x00000010   Code   RO         4824    .text               c_w.l(aeabi_memset.o)
    0x00006000   0x00000010   Data   RO          396    .ARM.__AT_0x00006000  usersys.o
    0x00006010   0x00000004   Data   RO          397    .ARM.__AT_0x00006010  usersys.o
    0x00006014   0x00000004   Data   RO          398    .ARM.__AT_0x00006014  usersys.o
    0x00006018   0x00000004   Data   RO          399    .ARM.__AT_0x00006018  usersys.o
    0x0000601c   0x00000004   Data   RO          400    .ARM.__AT_0x0000601C  usersys.o
    0x00006020   0x00000010   Data   RO          401    .ARM.__AT_0x00006020  usersys.o
    0x00006030   0x00000004   Data   RO          402    .ARM.__AT_0x00006030  usersys.o
    0x00006034   0x00000004   Data   RO          403    .ARM.__AT_0x00006034  usersys.o
    0x00006038   0x00000004   Data   RO          404    .ARM.__AT_0x00006038  usersys.o
    0x0000603c   0x0000000c   Data   RO          405    .ARM.__AT_0x0000603C  usersys.o
    0x00006048   0x0000000c   Data   RO          406    .ARM.__AT_0x00006048  usersys.o
    0x00006054   0x0000000c   Data   RO          407    .ARM.__AT_0x00006054  usersys.o
    0x00006060   0x00000010   Data   RO          408    .ARM.__AT_0x00006060  usersys.o
    0x00006070   0x00000010   Data   RO          409    .ARM.__AT_0x00006070  usersys.o
    0x00006080   0x00000020   Data   RO          410    .ARM.__AT_0x00006080  usersys.o
    0x000060a0   0x00000020   Data   RO          411    .ARM.__AT_0x000060A0  usersys.o
    0x000060c0   0x00000010   Data   RO          412    .ARM.__AT_0x000060C0  usersys.o
    0x000060d0   0x00000010   Data   RO          413    .ARM.__AT_0x000060D0  usersys.o
    0x000060e0   0x00000010   Data   RO          414    .ARM.__AT_0x000060E0  usersys.o
    0x000060f0   0x00000010   Data   RO          415    .ARM.__AT_0x000060F0  usersys.o
    0x00006100   0x0000003c   Data   RO          416    .ARM.__AT_0x00006100  usersys.o
    0x0000613c   0x00000004   Data   RO          417    .ARM.__AT_0x0000613C  usersys.o
    0x00006140   0x0000003f   Data   RO          418    .ARM.__AT_0x00006140  usersys.o
    0x0000617f   0x00000001   Data   RO          102    .constdata          usb_config.o
    0x00006180   0x00000010   Data   RO          419    .ARM.__AT_0x00006180  usersys.o
    0x00006190   0x00001e7c   Code   RO          390    .text               usersys.o
    0x0000800c   0x00003e68   Code   RO          953    .text               keydisp.o
    0x0000be74   0x000021b4   Code   RO         1206    .text               taskuart0.o
    0x0000e028   0x00000f34   Code   RO         1352    .text               drivercard.o
    0x0000ef5c   0x0000107c   Code   RO         1458    .text               print.o
    0x0000ffd8   0x00000120   Code   RO         1556    .text               pwm.o
    0x000100f8   0x00001d7c   Code   RO         1603    .text               switch.o
    0x00011e74   0x00001834   Code   RO         1725    .text               camera.o
    0x000136a8   0x000008e0   Code   RO         1862    .text               recordmodel.o
    0x00013f88   0x00000400   Code   RO         1956    .text               iap.o
    0x00014388   0x0000020c   Code   RO         2010    .text               uart0.o
    0x00014594   0x00000264   Code   RO         2069    .text               uart1.o
    0x000147f8   0x000004c4   Code   RO         2102    .text               uart2 .o
    0x00014cbc   0x000005cc   Code   RO         2146    .text               uart3.o
    0x00015288   0x0000039c   Code   RO         2187    .text               dfe_25xxx.o
    0x00015624   0x000009d0   Code   RO         2248    .text               dff_25xxx.o
    0x00015ff4   0x00000922   Code   RO         2281    .text               rtc.o
    0x00016916   0x00000002   PAD
    0x00016918   0x00000198   Code   RO         2402    .text               spi0.o
    0x00016ab0   0x0000058c   Code   RO         2445    .text               adc.o
    0x0001703c   0x000005e4   Code   RO         2559    .text               led_e308.o
    0x00017620   0x000006dc   Code   RO         2602    .text               iic0.o
    0x00017cfc   0x000005bc   Code   RO         2662    .text               ic_card4442.o
    0x000182b8   0x00000094   Code   RO         2711    .text               cn_code24dot.o
    0x0001834c   0x00000280   Code   RO         2727    .text               ssp0.o
    0x000185cc   0x000002c0   Code   RO         2750    .text               pulse.o
    0x0001888c   0x000000cc   Code   RO         2822    .text               fs_usbh_msc.o
    0x00018958   0x0000142c   Code   RO         2838    .text               msd_sd_file.o
    0x00019d84   0x000000bc   Code   RO         2892    .text               serial_for_usb.o
    0x00019e40   0x0000011c   Code   RO         2953    .text               usbh_ohci_lpc17xx.o
    0x00019f5c   0x000000cc   Code   RO         2981    .text               retarget.o
    0x0001a028   0x00002884   Code   RO         3018    .text               gps.o
    0x0001c8ac   0x00000ca8   Code   RO         3139    .text               gps_pack.o
    0x0001d554   0x00000108   Code   RO         3178    .text               bd_update.o
    0x0001d65c   0x00000768   Code   RO         3218    .text               atcmd.o
    0x0001ddc4   0x0000493c   Code   RO         3316    .text               bb_gprs_cmd.o
    0x00022700   0x000017d0   Code   RO         3556    .text               th_gprs_cmd.o
    0x00023ed0   0x00002560   Code   RO         3592    .text               gsm_gprs.o
    0x00026430   0x000005f8   Code   RO         3665    .text               gprs_cmd.o
    0x00026a28   0x00001e34   Code   RO         3776    .text               gprs_alig.o
    0x0002885c   0x00001cb8   Code   RO         3829    .text               gsm_gprs_send.o
    0x0002a514   0x00000624   Code   RO         3857    .text               sms.o
    0x0002ab38   0x000017c6   Code   RO         3945    .text               kionix_kxtf9_driver.o
    0x0002c2fe   0x00000002   PAD
    0x0002c300   0x00000584   Code   RO         4001    .text               kionix_kxtf9_common.o
    0x0002c884   0x000000ac   Code   RO         4098    .text               hal_cm3.o
    0x0002c930   0x00000128   Code   RO         4141    .text               rt_event.o
    0x0002ca58   0x00000218   Code   RO         4153    .text               rt_list.o
    0x0002cc70   0x000000c0   Code   RO         4180    .text               rt_semaphore.o
    0x0002cd30   0x0000011c   Code   RO         4207    .text               rt_mutex.o
    0x0002ce4c   0x0000009e   Code   RO         4219    .text               rt_membox.o
    0x0002ceea   0x00000002   PAD
    0x0002ceec   0x00000290   Code   RO         4235    .text               rt_mailbox.o
    0x0002d17c   0x000000b4   Code   RO         4247    .text               rt_timer.o
    0x0002d230   0x00000368   Code   RO         4277    .text               rt_task.o
    0x0002d598   0x00000120   Code   RO         4307    .text               rt_system.o
    0x0002d6b8   0x000000ee   Code   RO         4711    .text               c_w.l(lludivv7m.o)
    0x0002d7a6   0x00000014   Code   RO         4717    .text               c_w.l(__2fprintf.o)
    0x0002d7ba   0x00000002   PAD
    0x0002d7bc   0x0000002c   Code   RO         4719    .text               c_w.l(__2sprintf.o)
    0x0002d7e8   0x00000050   Code   RO         4727    .text               c_w.l(_printf_pad.o)
    0x0002d838   0x00000052   Code   RO         4729    .text               c_w.l(_printf_str.o)
    0x0002d88a   0x00000002   PAD
    0x0002d88c   0x00000078   Code   RO         4731    .text               c_w.l(_printf_dec.o)
    0x0002d904   0x0000002a   Code   RO         4733    .text               c_w.l(_printf_charcount.o)
    0x0002d92e   0x00000002   PAD
    0x0002d930   0x00000058   Code   RO         4744    .text               c_w.l(_printf_hex_ptr.o)
    0x0002d988   0x0000019c   Code   RO         4773    .text               c_w.l(__printf_flags_ss_wp.o)
    0x0002db24   0x0000003c   Code   RO         4781    .text               c_w.l(__0sscanf.o)
    0x0002db60   0x0000014e   Code   RO         4783    .text               c_w.l(_scanf_int.o)
    0x0002dcae   0x0000001a   Code   RO         4785    .text               c_w.l(atoi.o)
    0x0002dcc8   0x0000004e   Code   RO         4798    .text               c_w.l(fclose.o)
    0x0002dd16   0x00000002   PAD
    0x0002dd18   0x00000034   Code   RO         4800    .text               c_w.l(fclose_locked.o)
    0x0002dd4c   0x0000001e   Code   RO         4802    .text               c_w.l(ferror_locked.o)
    0x0002dd6a   0x00000002   PAD
    0x0002dd6c   0x00000144   Code   RO         4804    .text               c_w.l(fopen_locked.o)
    0x0002deb0   0x00000024   Code   RO         4806    .text               c_w.l(strstr.o)
    0x0002ded4   0x0000004e   Code   RO         4808    .text               c_w.l(memcmp.o)
    0x0002df22   0x00000048   Code   RO         4810    .text               c_w.l(strcpy.o)
    0x0002df6a   0x0000003e   Code   RO         4812    .text               c_w.l(strlen.o)
    0x0002dfa8   0x00000018   Code   RO         4814    .text               c_w.l(strcat.o)
    0x0002dfc0   0x0000008a   Code   RO         4816    .text               c_w.l(rt_memcpy_v6.o)
    0x0002e04a   0x00000084   Code   RO         4818    .text               c_w.l(rt_memmove_v6.o)
    0x0002e0ce   0x00000064   Code   RO         4820    .text               c_w.l(rt_memcpy_w.o)
    0x0002e132   0x0000007a   Code   RO         4822    .text               c_w.l(rt_memmove_w.o)
    0x0002e1ac   0x00000044   Code   RO         4826    .text               c_w.l(rt_memclr.o)
    0x0002e1f0   0x0000004e   Code   RO         4828    .text               c_w.l(rt_memclr_w.o)
    0x0002e23e   0x00000056   Code   RO         4830    .text               c_w.l(strncpy.o)
    0x0002e294   0x00000080   Code   RO         4832    .text               c_w.l(strcmpv7m.o)
    0x0002e314   0x00000024   Code   RO         4843    .text               c_w.l(init_aeabi.o)
    0x0002e338   0x00000010   Code   RO         4868    .text               c_w.l(rt_ctype_table.o)
    0x0002e348   0x00000004   Code   RO         4879    .text               c_w.l(rt_errno_addr_twolibspace.o)
    0x0002e34c   0x0000009e   Code   RO         4889    .text               c_w.l(h1_alloc_mt.o)
    0x0002e3ea   0x00000076   Code   RO         4891    .text               c_w.l(h1_free_mt.o)
    0x0002e460   0x00000016   Code   RO         4943    .text               c_w.l(_rserrno.o)
    0x0002e476   0x000000b6   Code   RO         4945    .text               c_w.l(_printf_intcommon.o)
    0x0002e52c   0x00000030   Code   RO         4947    .text               c_w.l(_printf_char_common.o)
    0x0002e55c   0x0000000a   Code   RO         4949    .text               c_w.l(_sputc.o)
    0x0002e566   0x0000002c   Code   RO         4951    .text               c_w.l(_printf_char.o)
    0x0002e592   0x00000020   Code   RO         4956    .text               c_w.l(_chval.o)
    0x0002e5b2   0x00000002   PAD
    0x0002e5b4   0x00000030   Code   RO         4958    .text               c_w.l(scanf_char.o)
    0x0002e5e4   0x00000040   Code   RO         4960    .text               c_w.l(_sgetc.o)
    0x0002e624   0x00000070   Code   RO         4962    .text               c_w.l(strtol.o)
    0x0002e694   0x000000f8   Code   RO         4972    .text               c_w.l(fseek.o)
    0x0002e78c   0x000000f0   Code   RO         4974    .text               c_w.l(stdio.o)
    0x0002e87c   0x000001c8   Code   RO         4988    .text               c_w.l(initio_locked.o)
    0x0002ea44   0x0000000a   Code   RO         5063    .text               c_w.l(rt_heap_descriptor_twolibspace.o)
    0x0002ea4e   0x0000000a   Code   RO         5070    .text               c_w.l(rt_locale_twolibspace.o)
    0x0002ea58   0x00000004   Code   RO         5072    .text               c_w.l(hguard.o)
    0x0002ea5c   0x0000008a   Code   RO         5074    .text               c_w.l(init_alloc.o)
    0x0002eae6   0x00000012   Code   RO         5080    .text               c_w.l(h1_init_mt.o)
    0x0002eaf8   0x00000012   Code   RO         5092    .text               c_w.l(isspace.o)
    0x0002eb0a   0x00000002   PAD
    0x0002eb0c   0x00000388   Code   RO         5096    .text               c_w.l(_scanf.o)
    0x0002ee94   0x0000009e   Code   RO         5098    .text               c_w.l(_strtoul.o)
    0x0002ef32   0x00000242   Code   RO         5100    .text               c_w.l(filbuf.o)
    0x0002f174   0x000001d8   Code   RO         5102    .text               c_w.l(flsbuf.o)
    0x0002f34c   0x00000046   Code   RO         5104    .text               c_w.l(ftell.o)
    0x0002f392   0x00000068   Code   RO         5108    .text               c_w.l(setvbuf_locked.o)
    0x0002f3fa   0x0000000e   Code   RO         5113    .text               c_w.l(defsig_rtred_outer.o)
    0x0002f408   0x0000004a   Code   RO         5142    .text               c_w.l(sys_stackheap_outer.o)
    0x0002f452   0x0000003e   Code   RO         5154    .text               c_w.l(h1_extend_mt.o)
    0x0002f490   0x00000040   Code   RO         5156    .text               c_w.l(_printf_char_file_locked.o)
    0x0002f4d0   0x00000036   Code   RO         5166    .text               c_w.l(fputs_locked.o)
    0x0002f506   0x0000013a   Code   RO         5168    .text               c_w.l(freadfast_locked.o)
    0x0002f640   0x000000da   Code   RO         5172    .text               c_w.l(fwritefast_locked.o)
    0x0002f71a   0x00000002   PAD
    0x0002f71c   0x0000005c   Code   RO         5174    .text               c_w.l(flushlinebuffered_locked.o)
    0x0002f778   0x0000000c   Code   RO         5176    .text               c_w.l(exit.o)
    0x0002f784   0x0000000a   Code   RO         5178    .text               c_w.l(defsig_exit.o)
    0x0002f78e   0x00000002   PAD
    0x0002f790   0x00000034   Code   RO         5184    .text               c_w.l(defsig_rtred_inner.o)
    0x0002f7c4   0x0000000e   Code   RO         5186    .text               c_w.l(defsig_rtmem_outer.o)
    0x0002f7d2   0x00000002   PAD
    0x0002f7d4   0x00000090   Code   RO         5212    .text               c_w.l(fflush_locked.o)
    0x0002f864   0x00000032   Code   RO         5216    .text               c_w.l(defsig_general.o)
    0x0002f896   0x00000002   PAD
    0x0002f898   0x0000004c   Code   RO         5220    .text               c_w.l(defsig_rtmem_inner.o)
    0x0002f8e4   0x0000000a   Code   RO         5237    .text               c_w.l(rt_fp_status_addr_twolibspace.o)
    0x0002f8ee   0x00000002   PAD
    0x0002f8f0   0x00000004   Code   RO         4326    SVC_TABLE           svc_table.o
    0x0002f8f4   0x00000044   Code   RO         4331    i.USBH_EP0_SetDeviceAddress  USB_CM3.lib(usbh_core.o)
    0x0002f938   0x00000048   Code   RO         4332    i.USBH_EP0_SetMaxPacketSize  USB_CM3.lib(usbh_core.o)
    0x0002f980   0x00000154   Code   RO         4333    i.USBH_EnumerateDevice  USB_CM3.lib(usbh_core.o)
    0x0002fad4   0x0000002c   Code   RO         4334    i.USBH_GetClassDriverIdx  USB_CM3.lib(usbh_core.o)
    0x0002fb00   0x000000f8   Code   RO         4336    i.USBH_GetDescriptor  USB_CM3.lib(usbh_core.o)
    0x0002fbf8   0x000000d8   Code   RO         4384    i.USBH_MSC_ClearSTALL  USB_CM3.lib(usbh_msc.o)
    0x0002fcd0   0x000000f8   Code   RO         4385    i.USBH_MSC_Config   USB_CM3.lib(usbh_msc.o)
    0x0002fdc8   0x00000060   Code   RO         4386    i.USBH_MSC_DoPing   USB_CM3.lib(usbh_msc.o)
    0x0002fe28   0x00000038   Code   RO         4387    i.USBH_MSC_GetLastError  USB_CM3.lib(usbh_msc.o)
    0x0002fe60   0x00000130   Code   RO         4388    i.USBH_MSC_GetMaxLUN  USB_CM3.lib(usbh_msc.o)
    0x0002ff90   0x0000010c   Code   RO         4389    i.USBH_MSC_Init     USB_CM3.lib(usbh_msc.o)
    0x0003009c   0x000001e0   Code   RO         4390    i.USBH_MSC_Inquiry  USB_CM3.lib(usbh_msc.o)
    0x0003027c   0x0000002e   Code   RO         4391    i.USBH_MSC_MemAlloc  USB_CM3.lib(usbh_msc.o)
    0x000302aa   0x0000002a   Code   RO         4392    i.USBH_MSC_MemFree  USB_CM3.lib(usbh_msc.o)
    0x000302d4   0x00000260   Code   RO         4393    i.USBH_MSC_Read10   USB_CM3.lib(usbh_msc.o)
    0x00030534   0x000001fc   Code   RO         4394    i.USBH_MSC_ReadCapacity  USB_CM3.lib(usbh_msc.o)
    0x00030730   0x000001e0   Code   RO         4395    i.USBH_MSC_RequestSense  USB_CM3.lib(usbh_msc.o)
    0x00030910   0x00000020   Code   RO         4396    i.USBH_MSC_SetLastError  USB_CM3.lib(usbh_msc.o)
    0x00030930   0x00000194   Code   RO         4397    i.USBH_MSC_TestUnitReady  USB_CM3.lib(usbh_msc.o)
    0x00030ac4   0x00000088   Code   RO         4398    i.USBH_MSC_Transfer  USB_CM3.lib(usbh_msc.o)
    0x00030b4c   0x0000008c   Code   RO         4399    i.USBH_MSC_UnConfig  USB_CM3.lib(usbh_msc.o)
    0x00030bd8   0x00000028   Code   RO         4400    i.USBH_MSC_UnInit   USB_CM3.lib(usbh_msc.o)
    0x00030c00   0x000002c0   Code   RO         4401    i.USBH_MSC_Write10  USB_CM3.lib(usbh_msc.o)
    0x00030ec0   0x00000028   Code   RO         4339    i.USBH_MemAlloc     USB_CM3.lib(usbh_core.o)
    0x00030ee8   0x00000022   Code   RO         4340    i.USBH_MemFree      USB_CM3.lib(usbh_core.o)
    0x00030f0a   0x00000002   PAD
    0x00030f0c   0x0000000c   Code   RO         4429    i.USBH_OHCI_Delay_ms  USB_CM3.lib(usbh_ohci.o)
    0x00030f18   0x0000001a   Code   RO         4430    i.USBH_OHCI_ED_Clear  USB_CM3.lib(usbh_ohci.o)
    0x00030f32   0x00000010   Code   RO         4431    i.USBH_OHCI_ED_FindLast  USB_CM3.lib(usbh_ohci.o)
    0x00030f42   0x00000002   PAD
    0x00030f44   0x00000090   Code   RO         4432    i.USBH_OHCI_ED_IntFindSlot  USB_CM3.lib(usbh_ohci.o)
    0x00030fd4   0x0000009c   Code   RO         4433    i.USBH_OHCI_ED_Start  USB_CM3.lib(usbh_ohci.o)
    0x00031070   0x000000a8   Code   RO         4434    i.USBH_OHCI_ED_Stop  USB_CM3.lib(usbh_ohci.o)
    0x00031118   0x0000013c   Code   RO         4435    i.USBH_OHCI_EP_Add  USB_CM3.lib(usbh_ohci.o)
    0x00031254   0x00000098   Code   RO         4436    i.USBH_OHCI_EP_Config  USB_CM3.lib(usbh_ohci.o)
    0x000312ec   0x0000018c   Code   RO         4437    i.USBH_OHCI_EP_Remove  USB_CM3.lib(usbh_ohci.o)
    0x00031478   0x00000078   Code   RO         4438    i.USBH_OHCI_Get_Connect  USB_CM3.lib(usbh_ohci.o)
    0x000314f0   0x0000000c   Code   RO         4439    i.USBH_OHCI_Get_Speed  USB_CM3.lib(usbh_ohci.o)
    0x000314fc   0x0000016c   Code   RO         4440    i.USBH_OHCI_IRQHandler  USB_CM3.lib(usbh_ohci.o)
    0x00031668   0x000001bc   Code   RO         4441    i.USBH_OHCI_Init    USB_CM3.lib(usbh_ohci.o)
    0x00031824   0x00000014   Code   RO         4442    i.USBH_OHCI_Pins_Config  USB_CM3.lib(usbh_ohci.o)
    0x00031838   0x00000038   Code   RO         4443    i.USBH_OHCI_Port_Power  USB_CM3.lib(usbh_ohci.o)
    0x00031870   0x00000030   Code   RO         4444    i.USBH_OHCI_Port_Reset  USB_CM3.lib(usbh_ohci.o)
    0x000318a0   0x0000000e   Code   RO         4445    i.USBH_OHCI_TDURB_Clear  USB_CM3.lib(usbh_ohci.o)
    0x000318ae   0x00000002   PAD
    0x000318b0   0x0000002c   Code   RO         4446    i.USBH_OHCI_TDURB_FindFree  USB_CM3.lib(usbh_ohci.o)
    0x000318dc   0x00000038   Code   RO         4447    i.USBH_OHCI_TDURB_FindTD  USB_CM3.lib(usbh_ohci.o)
    0x00031914   0x00000034   Code   RO         4448    i.USBH_OHCI_TDURB_FindURB  USB_CM3.lib(usbh_ohci.o)
    0x00031948   0x00000012   Code   RO         4449    i.USBH_OHCI_TD_Clear  USB_CM3.lib(usbh_ohci.o)
    0x0003195a   0x00000002   PAD
    0x0003195c   0x00000058   Code   RO         4450    i.USBH_OHCI_TD_Dequeue  USB_CM3.lib(usbh_ohci.o)
    0x000319b4   0x000000a4   Code   RO         4451    i.USBH_OHCI_TD_Enqueue  USB_CM3.lib(usbh_ohci.o)
    0x00031a58   0x00000064   Code   RO         4452    i.USBH_OHCI_URB_Cancel  USB_CM3.lib(usbh_ohci.o)
    0x00031abc   0x00000048   Code   RO         4453    i.USBH_OHCI_URB_Submit  USB_CM3.lib(usbh_ohci.o)
    0x00031b04   0x000000b0   Code   RO         4341    i.USBH_SetAddress   USB_CM3.lib(usbh_core.o)
    0x00031bb4   0x000000b0   Code   RO         4342    i.USBH_SetConfiguration  USB_CM3.lib(usbh_core.o)
    0x00031c64   0x00000014   Code   RO         4346    i.USBH_SetLastError  USB_CM3.lib(usbh_core.o)
    0x00031c78   0x00000090   Code   RO         4348    i.USBH_Transfer     USB_CM3.lib(usbh_core.o)
    0x00031d08   0x0000021c   Code   RO         4349    i.USBH_UninitDevices  USB_CM3.lib(usbh_core.o)
    0x00031f24   0x00000104   Code   RO         2622    i._ZN6IICCls9InterruptEv  iic0.o
    0x00032028   0x000000e8   Code   RO         2299    i._ZN6RtcCls9InterruptEv  rtc.o
    0x00032110   0x00000094   Code   RO         2034    i._ZN7UartCls9InterruptEv  uart0.o
    0x000321a4   0x000000a8   Code   RO         2770    i._ZN8PulseCls12RitInterruptEv  pulse.o
    0x0003224c   0x000000e0   Code   RO         2087    i._ZN8Uart1Cls9InterruptEv  uart1.o
    0x0003232c   0x000000e4   Code   RO         2119    i._ZN8Uart2Cls9InterruptEv  uart2 .o
    0x00032410   0x000000cc   Code   RO         2163    i._ZN8Uart3Cls9InterruptEv  uart3.o
    0x000324dc   0x00000224   Code   RO          346    i._ZN9CanBusCls9InterruptEv  can.o
    0x00032700   0x00000800   Code   RO          441    i._ZN9SystemCls13LoadInitValueEv  usersys.o
    0x00032f00   0x00000234   Code   RO          447    i._ZN9SystemCls4InitEv  usersys.o
    0x00033134   0x00000004   Code   RO         2305    i._ZSt6strstrPcPKc  rtc.o
    0x00033138   0x00000054   Code   RO         4490    i.__sys_close       FS_CM3.lib(fs_sys.o)
    0x0003318c   0x00000048   Code   RO         4491    i.__sys_ensure      FS_CM3.lib(fs_sys.o)
    0x000331d4   0x00000040   Code   RO         4492    i.__sys_flen        FS_CM3.lib(fs_sys.o)
    0x00033214   0x000001b0   Code   RO         4493    i.__sys_open        FS_CM3.lib(fs_sys.o)
    0x000333c4   0x00000060   Code   RO         4494    i.__sys_read        FS_CM3.lib(fs_sys.o)
    0x00033424   0x00000048   Code   RO         4495    i.__sys_seek        FS_CM3.lib(fs_sys.o)
    0x0003346c   0x00000058   Code   RO         4496    i.__sys_write       FS_CM3.lib(fs_sys.o)
    0x000334c4   0x0000000e   Code   RO         4766    i._is_digit         c_w.l(__printf_wp.o)
    0x000334d2   0x00000112   Code   RO         4531    i.alloc_name        FS_CM3.lib(fs_fat.o)
    0x000335e4   0x0000004a   Code   RO         4532    i.alloc_new_clus    FS_CM3.lib(fs_fat.o)
    0x0003362e   0x00000092   Code   RO         4533    i.cache_fat         FS_CM3.lib(fs_fat.o)
    0x000336c0   0x00000070   Code   RO         4534    i.check_lfn         FS_CM3.lib(fs_fat.o)
    0x00033730   0x00000006   Code   RO         4535    i.check_name        FS_CM3.lib(fs_fat.o)
    0x00033736   0x00000002   PAD
    0x00033738   0x000000b0   Code   RO         4536    i.chk_dir_empty     FS_CM3.lib(fs_fat.o)
    0x000337e8   0x0000003c   Code   RO         4537    i.clear_clus        FS_CM3.lib(fs_fat.o)
    0x00033824   0x0000001a   Code   RO         4538    i.clus_to_sect      FS_CM3.lib(fs_fat.o)
    0x0003383e   0x0000010a   Code   RO         4539    i.count_free_clus   FS_CM3.lib(fs_fat.o)
    0x00033948   0x00000088   Code   RO         4540    i.create_entry      FS_CM3.lib(fs_fat.o)
    0x000339d0   0x00000148   Code   RO         4541    i.create_lfn_entry  FS_CM3.lib(fs_fat.o)
    0x00033b18   0x000001c2   Code   RO         4542    i.create_sfn_entry  FS_CM3.lib(fs_fat.o)
    0x00033cda   0x0000009e   Code   RO         4543    i.cvt_fatname       FS_CM3.lib(fs_fat.o)
    0x00033d78   0x0000009a   Code   RO         4544    i.delete_entries    FS_CM3.lib(fs_fat.o)
    0x00033e12   0x00000056   Code   RO         4545    i.fat_create        FS_CM3.lib(fs_fat.o)
    0x00033e68   0x00000086   Code   RO         4546    i.fat_delete        FS_CM3.lib(fs_fat.o)
    0x00033eee   0x00000044   Code   RO         4547    i.fat_ffind         FS_CM3.lib(fs_fat.o)
    0x00033f32   0x0000004c   Code   RO         4548    i.fat_find          FS_CM3.lib(fs_fat.o)
    0x00033f7e   0x00000084   Code   RO         4549    i.fat_find_dir      FS_CM3.lib(fs_fat.o)
    0x00034002   0x00000002   PAD
    0x00034004   0x000003bc   Code   RO         4550    i.fat_format        FS_CM3.lib(fs_fat.o)
    0x000343c0   0x00000032   Code   RO         4551    i.fat_free          FS_CM3.lib(fs_fat.o)
    0x000343f2   0x00000148   Code   RO         4552    i.fat_init          FS_CM3.lib(fs_fat.o)
    0x0003453a   0x000000b4   Code   RO         4555    i.fat_read          FS_CM3.lib(fs_fat.o)
    0x000345ee   0x00000090   Code   RO         4556    i.fat_rename        FS_CM3.lib(fs_fat.o)
    0x0003467e   0x0000007a   Code   RO         4557    i.fat_seek          FS_CM3.lib(fs_fat.o)
    0x000346f8   0x000000f6   Code   RO         4558    i.fat_wclose        FS_CM3.lib(fs_fat.o)
    0x000347ee   0x00000114   Code   RO         4559    i.fat_write         FS_CM3.lib(fs_fat.o)
    0x00034902   0x00000002   PAD
    0x00034904   0x00000080   Code   RO         4507    i.fdelete           FS_CM3.lib(fs_mapi.o)
    0x00034984   0x000001b8   Code   RO         4508    i.ffind             FS_CM3.lib(fs_mapi.o)
    0x00034b3c   0x00000080   Code   RO         4509    i.fformat           FS_CM3.lib(fs_mapi.o)
    0x00034bbc   0x0000004c   Code   RO         4510    i.ffree             FS_CM3.lib(fs_mapi.o)
    0x00034c08   0x00000006   Code   RO         4560    i.find_name         FS_CM3.lib(fs_fat.o)
    0x00034c0e   0x00000002   PAD
    0x00034c10   0x0000007c   Code   RO         4511    i.finit             FS_CM3.lib(fs_mapi.o)
    0x00034c8c   0x0000001a   Code   RO         4969    i.fputc             c_w.l(fputc.o)
    0x00034ca6   0x00000002   PAD
    0x00034ca8   0x000000cc   Code   RO         4512    i.frename           FS_CM3.lib(fs_mapi.o)
    0x00034d74   0x00000060   Code   RO         4513    i.fs_cfg_drv        FS_CM3.lib(fs_mapi.o)
    0x00034dd4   0x0000002e   Code   RO         4685    i.fs_chk_media      FS_CM3.lib(fs_lib.o)
    0x00034e02   0x00000024   Code   RO         4686    i.fs_dir            FS_CM3.lib(fs_lib.o)
    0x00034e26   0x00000002   PAD
    0x00034e28   0x00000038   Code   RO         4687    i.fs_find_iob       FS_CM3.lib(fs_lib.o)
    0x00034e60   0x00000008   Code   RO         4700    i.fs_get_date       FS_CM3.lib(fs_time.o)
    0x00034e68   0x00000006   Code   RO         4701    i.fs_get_time       FS_CM3.lib(fs_time.o)
    0x00034e6e   0x00000002   PAD
    0x00034e70   0x00000054   Code   RO         4688    i.fs_lock           FS_CM3.lib(fs_lib.o)
    0x00034ec4   0x00000078   Code   RO         4689    i.fs_map_drive      FS_CM3.lib(fs_lib.o)
    0x00034f3c   0x0000001a   Code   RO         4691    i.fs_strpos         FS_CM3.lib(fs_lib.o)
    0x00034f56   0x00000002   PAD
    0x00034f58   0x00000094   Code   RO         4514    i.funinit           FS_CM3.lib(fs_mapi.o)
    0x00034fec   0x00000024   Code   RO         4561    i.get_EOC           FS_CM3.lib(fs_fat.o)
    0x00035010   0x000000b0   Code   RO         4563    i.get_bootrec       FS_CM3.lib(fs_fat.o)
    0x000350c0   0x0000002c   Code   RO         4564    i.get_date          FS_CM3.lib(fs_fat.o)
    0x000350ec   0x0000002c   Code   RO         4565    i.get_dir_sect      FS_CM3.lib(fs_fat.o)
    0x00035118   0x00000032   Code   RO         4566    i.get_fat_sect      FS_CM3.lib(fs_fat.o)
    0x0003514a   0x00000002   PAD
    0x0003514c   0x000000dc   Code   RO         4568    i.get_free_clus     FS_CM3.lib(fs_fat.o)
    0x00035228   0x00000080   Code   RO         4569    i.get_fsinfo        FS_CM3.lib(fs_fat.o)
    0x000352a8   0x000001c0   Code   RO         4570    i.get_next_info     FS_CM3.lib(fs_fat.o)
    0x00035468   0x00000190   Code   RO         4571    i.get_nt_name       FS_CM3.lib(fs_fat.o)
    0x000355f8   0x0000002a   Code   RO         4572    i.get_param         FS_CM3.lib(fs_fat.o)
    0x00035622   0x00000030   Code   RO         4573    i.get_time          FS_CM3.lib(fs_fat.o)
    0x00035652   0x0000000a   Code   RO         4574    i.get_u16           FS_CM3.lib(fs_fat.o)
    0x0003565c   0x00000016   Code   RO         4575    i.get_u32           FS_CM3.lib(fs_fat.o)
    0x00035672   0x000000ce   Code   RO         4515    i.init_drv          FS_CM3.lib(fs_mapi.o)
    0x00035740   0x00000038   Code   RO         4576    i.is_EOC            FS_CM3.lib(fs_fat.o)
    0x00035778   0x0000001e   Code   RO         4585    i.lfn_calc_chksum   FS_CM3.lib(fs_fat.o)
    0x00035796   0x0000007a   Code   RO         4586    i.read_cache        FS_CM3.lib(fs_fat.o)
    0x00035810   0x00000036   Code   RO         4587    i.read_last_entry   FS_CM3.lib(fs_fat.o)
    0x00035846   0x00000052   Code   RO         4588    i.read_sector       FS_CM3.lib(fs_fat.o)
    0x00035898   0x00000078   Code   RO         4589    i.rename_entries    FS_CM3.lib(fs_fat.o)
    0x00035910   0x00000220   Code   RO         4590    i.search_for_name   FS_CM3.lib(fs_fat.o)
    0x00035b30   0x0000008c   Code   RO         4591    i.set_next_clus     FS_CM3.lib(fs_fat.o)
    0x00035bbc   0x00000008   Code   RO         4592    i.set_u16           FS_CM3.lib(fs_fat.o)
    0x00035bc4   0x00000010   Code   RO         4593    i.set_u32           FS_CM3.lib(fs_fat.o)
    0x00035bd4   0x00000024   Code   RO         4594    i.sfn_cmp_name      FS_CM3.lib(fs_fat.o)
    0x00035bf8   0x0000004c   Code   RO         4859    i.sqrt              m_ws.l(sqrt.o)
    0x00035c44   0x00000052   Code   RO         4516    i.uninit_drv        FS_CM3.lib(fs_mapi.o)
    0x00035c96   0x0000013a   Code   RO         4596    i.unlink_clus_chain  FS_CM3.lib(fs_fat.o)
    0x00035dd0   0x00000130   Code   RO         4350    i.usbh_engine       USB_CM3.lib(usbh_core.o)
    0x00035f00   0x00000090   Code   RO         4353    i.usbh_init         USB_CM3.lib(usbh_core.o)
    0x00035f90   0x00000044   Code   RO         4482    i.usbh_mem_alloc    USB_CM3.lib(usbh_mem.o)
    0x00035fd4   0x0000003c   Code   RO         4483    i.usbh_mem_free     USB_CM3.lib(usbh_mem.o)
    0x00036010   0x00000040   Code   RO         4484    i.usbh_mem_init     USB_CM3.lib(usbh_mem.o)
    0x00036050   0x0000003a   Code   RO         4402    i.usbh_msc_read     USB_CM3.lib(usbh_msc.o)
    0x0003608a   0x00000002   PAD
    0x0003608c   0x00000098   Code   RO         4403    i.usbh_msc_read_config  USB_CM3.lib(usbh_msc.o)
    0x00036124   0x0000004c   Code   RO         4404    i.usbh_msc_status   USB_CM3.lib(usbh_msc.o)
    0x00036170   0x0000003a   Code   RO         4405    i.usbh_msc_write    USB_CM3.lib(usbh_msc.o)
    0x000361aa   0x00000002   PAD
    0x000361ac   0x00000068   Code   RO         4355    i.usbh_uninit       USB_CM3.lib(usbh_core.o)
    0x00036214   0x00000012   Code   RO         4597    i.val_char          FS_CM3.lib(fs_fat.o)
    0x00036226   0x0000003c   Code   RO         4598    i.val_char_sn       FS_CM3.lib(fs_fat.o)
    0x00036262   0x00000002   PAD
    0x00036264   0x000001d8   Code   RO         4599    i.write_br          FS_CM3.lib(fs_fat.o)
    0x0003643c   0x0000009c   Code   RO         4600    i.write_cache       FS_CM3.lib(fs_fat.o)
    0x000364d8   0x00000104   Code   RO         4601    i.write_dot_entries  FS_CM3.lib(fs_fat.o)
    0x000365dc   0x000000e8   Code   RO         4602    i.write_fat_link    FS_CM3.lib(fs_fat.o)
    0x000366c4   0x00000068   Code   RO         4603    i.write_fsinfo      FS_CM3.lib(fs_fat.o)
    0x0003672c   0x0000007e   Code   RO         4604    i.write_label       FS_CM3.lib(fs_fat.o)
    0x000367aa   0x00000002   PAD
    0x000367ac   0x000000c0   Code   RO         4605    i.write_mbr         FS_CM3.lib(fs_fat.o)
    0x0003686c   0x00000030   Code   RO         4606    i.write_sector      FS_CM3.lib(fs_fat.o)
    0x0003689c   0x0000002c   Code   RO         5111    locale$$code        c_w.l(lc_ctype_c.o)
    0x000368c8   0x0000005a   Code   RO         4848    x$fpl$dfixu         fz_ws.l(dfixu.o)
    0x00036922   0x00000026   Code   RO         4852    x$fpl$dfltu         fz_ws.l(dflt_clz.o)
    0x00036948   0x0000009c   Code   RO         5033    x$fpl$dnaninf       fz_ws.l(dnaninf.o)
    0x000369e4   0x000001cc   Code   RO         5035    x$fpl$dsqrt         fz_ws.l(dsqrt_noumaal.o)
    0x00036bb0   0x0000000e   Code   RO         5222    x$fpl$fpinit        fz_ws.l(fpinit.o)
    0x00036bbe   0x00000002   PAD
    0x00036bc0   0x00000004   Data   RO           60    .constdata          rtx_conf_cm.o
    0x00036bc4   0x00000004   Data   RO           61    .constdata          rtx_conf_cm.o
    0x00036bc8   0x00000004   Data   RO           62    .constdata          rtx_conf_cm.o
    0x00036bcc   0x00000008   Data   RO           64    .constdata          rtx_conf_cm.o
    0x00036bd4   0x00000004   Data   RO           66    .constdata          rtx_conf_cm.o
    0x00036bd8   0x00000002   Data   RO           68    .constdata          rtx_conf_cm.o
    0x00036bda   0x00000001   Data   RO          104    .constdata          usb_config.o
    0x00036bdb   0x00000001   Data   RO          105    .constdata          usb_config.o
    0x00036bdc   0x00000001   Data   RO          106    .constdata          usb_config.o
    0x00036bdd   0x00000001   Data   RO          107    .constdata          usb_config.o
    0x00036bde   0x00000002   Data   RO          169    .constdata          file_config.o
    0x00036be0   0x00000002   Data   RO          170    .constdata          file_config.o
    0x00036be2   0x00000002   PAD
    0x00036be4   0x00000008   Data   RO          171    .constdata          file_config.o
    0x00036bec   0x00000044   Data   RO          332    .constdata          can.o
    0x00036c30   0x00000010   Data   RO          423    .constdata          usersys.o
    0x00036c40   0x0000007e   Data   RO          424    .constdata          usersys.o
    0x00036cbe   0x00000200   Data   RO          612    .constdata          algol.o
    0x00036ebe   0x000014e1   Data   RO          956    .constdata          keydisp.o
    0x0003839f   0x00000001   PAD
    0x000383a0   0x0000021d   Data   RO         1208    .constdata          taskuart0.o
    0x000385bd   0x000002e0   Data   RO         1461    .constdata          print.o
    0x0003889d   0x00000003   PAD
    0x000388a0   0x0000013e   Data   RO         1607    .constdata          switch.o
    0x000389de   0x00000002   PAD
    0x000389e0   0x00000028   Data   RO         2252    .constdata          dff_25xxx.o
    0x00038a08   0x0000008a   Data   RO         2284    .constdata          rtc.o
    0x00038a92   0x00000002   PAD
    0x00038a94   0x0000006b   Data   RO         2448    .constdata          adc.o
    0x00038aff   0x00000600   Data   RO         2564    .constdata          led_e308.o
    0x000390ff   0x00001230   Data   RO         2691    .constdata          ascii_code24dot.o
    0x0003a32f   0x00000001   PAD
    0x0003a330   0x00003c01   Data   RO         2713    .constdata          cn_code24dot.o
    0x0003df31   0x00000003   PAD
    0x0003df34   0x00000018   Data   RO         2823    .constdata          fs_usbh_msc.o
    0x0003df4c   0x00000054   Data   RO         2840    .constdata          msd_sd_file.o
    0x0003dfa0   0x00000029   Data   RO         2894    .constdata          serial_for_usb.o
    0x0003dfc9   0x00000006   Data   RO         2982    .constdata          retarget.o
    0x0003dfcf   0x00000007   Data   RO         2983    .constdata          retarget.o
    0x0003dfd6   0x00000007   Data   RO         2984    .constdata          retarget.o
    0x0003dfdd   0x00000003   PAD
    0x0003dfe0   0x00000096   Data   RO         3022    .constdata          gps.o
    0x0003e076   0x00000740   Data   RO         3220    .constdata          atcmd.o
    0x0003e7b6   0x00000002   PAD
    0x0003e7b8   0x0000004a   Data   RO         3600    .constdata          gsm_gprs.o
    0x0003e802   0x00000091   Data   RO         3667    .constdata          gprs_cmd.o
    0x0003e893   0x00000033   Data   RO         3831    .constdata          gsm_gprs_send.o
    0x0003e8c6   0x00000020   Data   RO         4454    .constdata          USB_CM3.lib(usbh_ohci.o)
    0x0003e8e6   0x000000a9   Data   RO         4607    .constdata          FS_CM3.lib(fs_fat.o)
    0x0003e98f   0x00000028   Data   RO         4745    .constdata          c_w.l(_printf_hex_ptr.o)
    0x0003e9b7   0x00000011   Data   RO         4774    .constdata          c_w.l(__printf_flags_ss_wp.o)
    0x0003e9c8   0x00000040   Data   RO         5260    Region$$Table       anon$$obj.o
    0x0003ea08   0x00000110   Data   RO         5110    locale$$data        c_w.l(lc_ctype_c.o)
    0x0003eb18   0x00000004   Data   RO          204    .init_array         taskcan.o
    0x0003eb1c   0x00000004   Data   RO          427    .init_array         usersys.o
    0x0003eb20   0x00000004   Data   RO          975    .init_array         keydisp.o
    0x0003eb24   0x00000004   Data   RO         1106    .init_array         speed.o
    0x0003eb28   0x00000004   Data   RO         1463    .init_array         print.o
    0x0003eb2c   0x00000004   Data   RO         1559    .init_array         pwm.o
    0x0003eb30   0x00000004   Data   RO         1610    .init_array         switch.o
    0x0003eb34   0x00000004   Data   RO         1730    .init_array         camera.o
    0x0003eb38   0x00000004   Data   RO         1867    .init_array         recordmodel.o
    0x0003eb3c   0x00000004   Data   RO         2020    .init_array         uart0.o
    0x0003eb40   0x00000004   Data   RO         2073    .init_array         uart1.o
    0x0003eb44   0x00000004   Data   RO         2105    .init_array         uart2 .o
    0x0003eb48   0x00000004   Data   RO         2149    .init_array         uart3.o
    0x0003eb4c   0x00000004   Data   RO         2192    .init_array         dfe_25xxx.o
    0x0003eb50   0x00000004   Data   RO         2257    .init_array         dff_25xxx.o
    0x0003eb54   0x00000004   Data   RO         2285    .init_array         rtc.o
    0x0003eb58   0x00000004   Data   RO         2405    .init_array         spi0.o
    0x0003eb5c   0x00000004   Data   RO         2449    .init_array         adc.o
    0x0003eb60   0x00000004   Data   RO         2500    .init_array         timer2.o
    0x0003eb64   0x00000004   Data   RO         2567    .init_array         led_e308.o
    0x0003eb68   0x00000004   Data   RO         2608    .init_array         iic0.o
    0x0003eb6c   0x00000004   Data   RO         2730    .init_array         ssp0.o
    0x0003eb70   0x00000004   Data   RO         2756    .init_array         pulse.o
    0x0003eb74   0x00000004   Data   RO         3030    .init_array         gps.o
    0x0003eb78   0x00000004   Data   RO         3616    .init_array         gsm_gprs.o


    Execution Region RW_IRAM1 (Base: 0x10000000, Size: 0x00007590, Max: 0x00008000, ABSOLUTE, COMPRESSED[0x00000070])

    Base Addr    Size         Type   Attr      Idx    E Section Name        Object

    0x10000000   0x00000004   Data   RW           70    .data               rtx_conf_cm.o
    0x10000004   0x00000004   Data   RW          109    .data               usb_config.o
    0x10000008   0x00000004   Data   RW          203    .data               taskcan.o
    0x1000000c   0x00000014   Data   RW          426    .data               usersys.o
    0x10000020   0x00000008   Data   RW          703    .data               main.o
    0x10000028   0x00000002   Data   RW          705    .data               main.o
    0x1000002a   0x00000008   Data   RW          706    .data               main.o
    0x10000032   0x00000004   Data   RW          707    .data               main.o
    0x10000036   0x00000002   Data   RW          708    .data               main.o
    0x10000038   0x00000008   Data   RW          710    .data               main.o
    0x10000040   0x00000001   Data   RW          713    .data               main.o
    0x10000041   0x00000001   Data   RW          718    .data               main.o
    0x10000042   0x00000001   Data   RW          721    .data               main.o
    0x10000043   0x00000001   PAD
    0x10000044   0x00000004   Data   RW          723    .data               main.o
    0x10000048   0x00000002   Data   RW          727    .data               main.o
    0x1000004a   0x00000002   PAD
    0x1000004c   0x00000004   Data   RW          729    .data               main.o
    0x10000050   0x00000001   Data   RW          736    .data               main.o
    0x10000051   0x00000001   Data   RW          738    .data               main.o
    0x10000052   0x00000001   Data   RW          741    .data               main.o
    0x10000053   0x00000001   Data   RW          743    .data               main.o
    0x10000054   0x00000004   Data   RW          747    .data               main.o
    0x10000058   0x00000004   Data   RW          749    .data               main.o
    0x1000005c   0x00000005   Data   RW          757    .data               main.o
    0x10000061   0x00000005   Data   RW          762    .data               main.o
    0x10000066   0x00000008   Data   RW          763    .data               main.o
    0x1000006e   0x00000007   Data   RW          765    .data               main.o
    0x10000075   0x00000001   Data   RW          767    .data               main.o
    0x10000076   0x00000002   Data   RW          772    .data               main.o
    0x10000078   0x00000001   Data   RW          786    .data               main.o
    0x10000079   0x00000001   Data   RW          790    .data               main.o
    0x1000007a   0x00000001   Data   RW          798    .data               main.o
    0x1000007b   0x00000001   Data   RW          800    .data               main.o
    0x1000007c   0x00000004   Data   RW          803    .data               main.o
    0x10000080   0x00000001   Data   RW          808    .data               main.o
    0x10000081   0x00000008   Data   RW          811    .data               main.o
    0x10000089   0x00000001   Data   RW          813    .data               main.o
    0x1000008a   0x00000002   Data   RW          815    .data               main.o
    0x1000008c   0x00000001   Data   RW          819    .data               main.o
    0x1000008d   0x00000001   Data   RW          821    .data               main.o
    0x1000008e   0x00000001   Data   RW          823    .data               main.o
    0x1000008f   0x00000001   Data   RW          825    .data               main.o
    0x10000090   0x00000001   Data   RW          827    .data               main.o
    0x10000091   0x00000001   Data   RW          829    .data               main.o
    0x10000092   0x00000001   Data   RW          831    .data               main.o
    0x10000093   0x00000001   Data   RW          833    .data               main.o
    0x10000094   0x00000001   Data   RW          838    .data               main.o
    0x10000095   0x00000001   Data   RW          841    .data               main.o
    0x10000096   0x00000001   Data   RW          844    .data               main.o
    0x10000097   0x00000001   PAD
    0x10000098   0x00000004   Data   RW          847    .data               main.o
    0x1000009c   0x00000002   Data   RW          848    .data               main.o
    0x1000009e   0x00000002   Data   RW          850    .data               main.o
    0x100000a0   0x00000001   Data   RW          851    .data               main.o
    0x100000a1   0x00000001   Data   RW          856    .data               main.o
    0x100000a2   0x00000002   PAD
    0x100000a4   0x00000004   Data   RW          857    .data               main.o
    0x100000a8   0x00000001   Data   RW          860    .data               main.o
    0x100000a9   0x00000001   Data   RW          862    .data               main.o
    0x100000aa   0x00000001   Data   RW          864    .data               main.o
    0x100000ab   0x00000001   Data   RW          866    .data               main.o
    0x100000ac   0x00000002   Data   RW          867    .data               main.o
    0x100000ae   0x00000001   Data   RW          869    .data               main.o
    0x100000af   0x00000001   Data   RW          872    .data               main.o
    0x100000b0   0x00000001   Data   RW          874    .data               main.o
    0x100000b1   0x00000001   Data   RW          877    .data               main.o
    0x100000b2   0x00000001   Data   RW          879    .data               main.o
    0x100000b3   0x00000001   PAD
    0x100000b4   0x00000004   Data   RW          881    .data               main.o
    0x100000b8   0x00000001   Data   RW          883    .data               main.o
    0x100000b9   0x00000001   PAD
    0x100000ba   0x00000002   Data   RW          888    .data               main.o
    0x100000bc   0x00000002   Data   RW          890    .data               main.o
    0x100000be   0x00000001   Data   RW          891    .data               main.o
    0x100000bf   0x00000001   Data   RW          893    .data               main.o
    0x100000c0   0x00000001   Data   RW          895    .data               main.o
    0x100000c1   0x00000001   Data   RW          897    .data               main.o
    0x100000c2   0x00000001   Data   RW          899    .data               main.o
    0x100000c3   0x00000001   Data   RW          901    .data               main.o
    0x100000c4   0x00000001   Data   RW          903    .data               main.o
    0x100000c5   0x00000001   Data   RW          905    .data               main.o
    0x100000c6   0x00000001   Data   RW          907    .data               main.o
    0x100000c7   0x00000001   PAD
    0x100000c8   0x0000003d   Data   RW          965    .data               keydisp.o
    0x10000105   0x00000001   PAD
    0x10000106   0x00000004   Data   RW         1102    .data               speed.o
    0x1000010a   0x00000001   Data   RW         1104    .data               speed.o
    0x1000010b   0x00000001   PAD
    0x1000010c   0x0000000c   Data   RW         1209    .data               taskuart0.o
    0x10000118   0x00000060   Data   RW         1608    .data               switch.o
    0x10000178   0x00000010   Data   RW         1728    .data               camera.o
    0x10000188   0x0000000c   Data   RW         1865    .data               recordmodel.o
    0x10000194   0x00000001   Data   RW         1958    .data               iap.o
    0x10000195   0x00000003   PAD
    0x10000198   0x00000004   Data   RW         2015    .data               uart0.o
    0x1000019c   0x00000008   Data   RW         2190    .data               dfe_25xxx.o
    0x100001a4   0x00000001   Data   RW         2755    .data               pulse.o
    0x100001a5   0x00000003   PAD
    0x100001a8   0x00000004   Data   RW         2958    .data               usbh_ohci_lpc17xx.o
    0x100001ac   0x00000008   Data   RW         2960    .data               usbh_ohci_lpc17xx.o
    0x100001b4   0x00000001   Data   RW         3027    .data               gps.o
    0x100001b5   0x00000001   PAD
    0x100001b6   0x00000008   Data   RW         3141    .data               gps_pack.o
    0x100001be   0x00000002   Data   RW         3613    .data               gsm_gprs.o
    0x100001c0   0x00000001   Data   RW         3614    .data               gsm_gprs.o
    0x100001c1   0x00000003   PAD
    0x100001c4   0x000000a0   Data   RW         3668    .data               gprs_cmd.o
    0x10000264   0x00000008   Data   RW         3832    .data               gsm_gprs_send.o
    0x1000026c   0x00000004   Data   RW         4003    .data               kionix_kxtf9_common.o
    0x10000270   0x00000001   Data   RW         4099    .data               hal_cm3.o
    0x10000271   0x00000003   PAD
    0x10000274   0x00000008   Data   RW         4248    .data               rt_timer.o
    0x1000027c   0x00000002   Data   RW         4308    .data               rt_system.o
    0x1000027e   0x00000002   PAD
    0x10000280   0x00000010   Data   RW         4485    .data               USB_CM3.lib(usbh_mem.o)
    0x10000290   0x00000004   Data   RW         4981    .data               c_w.l(stdio_streams.o)
    0x10000294   0x00000004   Data   RW         4983    .data               c_w.l(stdio_streams.o)
    0x10000298   0x0000024c   Zero   RW           53    .bss                rtx_conf_cm.o
    0x100004e4   0x00000018   Zero   RW           98    .bss                usb_config.o
    0x100004fc   0x00000024   Zero   RW          167    .bss                file_config.o
    0x10000520   0x00000980   Zero   RW          168    .bss                file_config.o
    0x10000ea0   0x00000016   Zero   RW          664    .bss                main.o
    0x10000eb6   0x00000034   Zero   RW          666    .bss                main.o
    0x10000eea   0x00000040   Zero   RW          668    .bss                main.o
    0x10000f2a   0x00000040   Zero   RW          670    .bss                main.o
    0x10000f6a   0x00000002   PAD
    0x10000f6c   0x0000010c   Zero   RW          673    .bss                main.o
    0x10001078   0x00000018   Zero   RW          675    .bss                main.o
    0x10001090   0x00000037   Zero   RW          682    .bss                main.o
    0x100010c7   0x00000038   Zero   RW          683    .bss                main.o
    0x100010ff   0x00000200   Zero   RW          686    .bss                main.o
    0x100012ff   0x00000500   Zero   RW          687    .bss                main.o
    0x100017ff   0x000000f9   Zero   RW          688    .bss                main.o
    0x100018f8   0x00000087   Zero   RW          689    .bss                main.o
    0x1000197f   0x000000b8   Zero   RW          695    .bss                main.o
    0x10001a37   0x00000012   Zero   RW          696    .bss                main.o
    0x10001a49   0x00000278   Zero   RW         1101    .bss                speed.o
    0x10001cc1   0x00000024   Zero   RW         1460    .bss                print.o
    0x10001ce5   0x00000001   PAD
    0x10001ce6   0x0000002f   Zero   RW         1606    .bss                switch.o
    0x10001d15   0x00000031   Zero   RW         1727    .bss                camera.o
    0x10001d46   0x00000002   PAD
    0x10001d48   0x00000054   Zero   RW         1864    .bss                recordmodel.o
    0x10001d9c   0x0000000a   Zero   RW         2012    .bss                uart0.o
    0x10001da6   0x00000001   Zero   RW         2189    .bss                dfe_25xxx.o
    0x10001da7   0x00000115   Zero   RW         2250    .bss                dff_25xxx.o
    0x10001ebc   0x00000066   Zero   RW         2447    .bss                adc.o
    0x10001f22   0x00000001   Zero   RW         2499    .bss                timer2.o
    0x10001f23   0x00000007   Zero   RW         2562    .bss                led_e308.o
    0x10001f2a   0x00000044   Zero   RW         2563    .bss                led_e308.o
    0x10001f6e   0x00000020   Zero   RW         3595    .bss                gsm_gprs.o
    0x10001f8e   0x00000040   Zero   RW         3598    .bss                gsm_gprs.o
    0x10001fce   0x00000018   Zero   RW         3860    .bss                sms.o
    0x10001fe6   0x00000001   Zero   RW         3861    .bss                sms.o
    0x10001fe7   0x00000019   PAD
    0x10002000   0x000009c4   Zero   RW          420    .ARM.__AT_0x10002000  usersys.o
    0x100029c4   0x000027d0   Zero   RW          422    .bss                usersys.o
    0x10005194   0x00000511   Zero   RW         2013    .bss                uart0.o
    0x100056a5   0x00000496   Zero   RW         2104    .bss                uart2 .o
    0x10005b3b   0x00000841   Zero   RW         2148    .bss                uart3.o
    0x1000637c   0x0000009b   Zero   RW         2604    .bss                iic0.o
    0x10006417   0x00000875   Zero   RW         3020    .bss                gps.o
    0x10006c8c   0x00000080   Zero   RW         3599    .bss                gsm_gprs.o
    0x10006d0c   0x00000030   Zero   RW         4154    .bss                rt_list.o
    0x10006d3c   0x00000050   Zero   RW         4979    .bss                c_w.l(stdio_streams.o)
    0x10006d8c   0x00000004   PAD
    0x10006d90   0x00000800   Zero   RW            2    HEAP                startup_lpc17xx.o


    Execution Region RW_IRAM2 (Base: 0x2007c000, Size: 0x00007e90, Max: 0x00008000, ABSOLUTE, COMPRESSED[0x0000008c])

    Base Addr    Size         Type   Attr      Idx    E Section Name        Object

    0x2007c000   0x00000004   Data   RW           14    .data               system_lpc17xx.o
    0x2007c004   0x00000004   Data   RW           69    .data               rtx_conf_cm.o
    0x2007c008   0x00000004   Data   RW          108    .data               usb_config.o
    0x2007c00c   0x00000004   Data   RW          110    .data               usb_config.o
    0x2007c010   0x00000001   Data   RW          111    .data               usb_config.o
    0x2007c011   0x00000003   PAD
    0x2007c014   0x00000001   Data   RW          113    .data               usb_config.o
    0x2007c015   0x00000003   PAD
    0x2007c018   0x00000008   Data   RW          333    .data               can.o
    0x2007c020   0x00000004   Data   RW          613    .data               algol.o
    0x2007c024   0x00000008   Data   RW          704    .data               main.o
    0x2007c02c   0x00000008   Data   RW          709    .data               main.o
    0x2007c034   0x00000008   Data   RW          711    .data               main.o
    0x2007c03c   0x00000001   Data   RW          714    .data               main.o
    0x2007c03d   0x00000003   PAD
    0x2007c040   0x00000004   Data   RW          716    .data               main.o
    0x2007c044   0x00000001   Data   RW          719    .data               main.o
    0x2007c045   0x00000001   PAD
    0x2007c046   0x00000002   Data   RW          726    .data               main.o
    0x2007c048   0x00000004   Data   RW          728    .data               main.o
    0x2007c04c   0x00000001   Data   RW          730    .data               main.o
    0x2007c04d   0x00000003   PAD
    0x2007c050   0x00000004   Data   RW          731    .data               main.o
    0x2007c054   0x00000001   Data   RW          737    .data               main.o
    0x2007c055   0x00000002   Data   RW          739    .data               main.o
    0x2007c057   0x00000001   Data   RW          740    .data               main.o
    0x2007c058   0x00000001   Data   RW          742    .data               main.o
    0x2007c059   0x00000001   Data   RW          744    .data               main.o
    0x2007c05a   0x00000002   PAD
    0x2007c05c   0x00000004   Data   RW          748    .data               main.o
    0x2007c060   0x00000006   Data   RW          761    .data               main.o
    0x2007c066   0x00000008   Data   RW          766    .data               main.o
    0x2007c06e   0x00000001   Data   RW          771    .data               main.o
    0x2007c06f   0x00000001   Data   RW          788    .data               main.o
    0x2007c070   0x00000001   Data   RW          794    .data               main.o
    0x2007c071   0x00000001   Data   RW          799    .data               main.o
    0x2007c072   0x00000002   PAD
    0x2007c074   0x00000004   Data   RW          801    .data               main.o
    0x2007c078   0x00000001   Data   RW          802    .data               main.o
    0x2007c079   0x00000001   Data   RW          809    .data               main.o
    0x2007c07a   0x00000002   Data   RW          810    .data               main.o
    0x2007c07c   0x00000001   Data   RW          814    .data               main.o
    0x2007c07d   0x00000001   PAD
    0x2007c07e   0x00000002   Data   RW          816    .data               main.o
    0x2007c080   0x00000001   Data   RW          820    .data               main.o
    0x2007c081   0x00000001   Data   RW          822    .data               main.o
    0x2007c082   0x00000001   Data   RW          824    .data               main.o
    0x2007c083   0x00000001   Data   RW          826    .data               main.o
    0x2007c084   0x00000001   Data   RW          828    .data               main.o
    0x2007c085   0x00000001   Data   RW          830    .data               main.o
    0x2007c086   0x00000001   Data   RW          832    .data               main.o
    0x2007c087   0x00000001   Data   RW          834    .data               main.o
    0x2007c088   0x00000001   Data   RW          839    .data               main.o
    0x2007c089   0x00000003   PAD
    0x2007c08c   0x00000004   Data   RW          840    .data               main.o
    0x2007c090   0x00000001   Data   RW          843    .data               main.o
    0x2007c091   0x00000001   Data   RW          845    .data               main.o
    0x2007c092   0x00000002   Data   RW          849    .data               main.o
    0x2007c094   0x00000001   Data   RW          853    .data               main.o
    0x2007c095   0x00000003   PAD
    0x2007c098   0x00000004   Data   RW          854    .data               main.o
    0x2007c09c   0x00000001   Data   RW          858    .data               main.o
    0x2007c09d   0x00000001   PAD
    0x2007c09e   0x00000002   Data   RW          859    .data               main.o
    0x2007c0a0   0x00000001   Data   RW          861    .data               main.o
    0x2007c0a1   0x00000001   Data   RW          863    .data               main.o
    0x2007c0a2   0x00000001   Data   RW          865    .data               main.o
    0x2007c0a3   0x00000001   Data   RW          868    .data               main.o
    0x2007c0a4   0x00000001   Data   RW          870    .data               main.o
    0x2007c0a5   0x00000003   PAD
    0x2007c0a8   0x00000004   Data   RW          871    .data               main.o
    0x2007c0ac   0x00000001   Data   RW          873    .data               main.o
    0x2007c0ad   0x00000001   Data   RW          876    .data               main.o
    0x2007c0ae   0x00000001   Data   RW          878    .data               main.o
    0x2007c0af   0x00000001   Data   RW          880    .data               main.o
    0x2007c0b0   0x00000004   Data   RW          882    .data               main.o
    0x2007c0b4   0x00000001   Data   RW          884    .data               main.o
    0x2007c0b5   0x00000001   PAD
    0x2007c0b6   0x00000002   Data   RW          887    .data               main.o
    0x2007c0b8   0x00000002   Data   RW          889    .data               main.o
    0x2007c0ba   0x00000001   Data   RW          892    .data               main.o
    0x2007c0bb   0x00000001   Data   RW          894    .data               main.o
    0x2007c0bc   0x00000001   Data   RW          896    .data               main.o
    0x2007c0bd   0x00000001   Data   RW          898    .data               main.o
    0x2007c0be   0x00000001   Data   RW          900    .data               main.o
    0x2007c0bf   0x00000001   Data   RW          902    .data               main.o
    0x2007c0c0   0x00000001   Data   RW          904    .data               main.o
    0x2007c0c1   0x00000001   Data   RW          906    .data               main.o
    0x2007c0c2   0x00000008   Data   RW          973    .data               keydisp.o
    0x2007c0ca   0x00000001   Data   RW          974    .data               keydisp.o
    0x2007c0cb   0x00000001   Data   RW         1105    .data               speed.o
    0x2007c0cc   0x00000003   Data   RW         1354    .data               drivercard.o
    0x2007c0cf   0x00000001   PAD
    0x2007c0d0   0x00000004   Data   RW         2014    .data               uart0.o
    0x2007c0d4   0x00000001   Data   RW         2016    .data               uart0.o
    0x2007c0d5   0x00000003   PAD
    0x2007c0d8   0x00000008   Data   RW         2253    .data               dff_25xxx.o
    0x2007c0e0   0x00000002   Data   RW         2605    .data               iic0.o
    0x2007c0e2   0x00000001   Data   RW         2824    .data               fs_usbh_msc.o
    0x2007c0e3   0x00000001   PAD
    0x2007c0e4   0x00000004   Data   RW         2841    .data               msd_sd_file.o
    0x2007c0e8   0x00000040   Data   RW         2959    .data               usbh_ohci_lpc17xx.o
    0x2007c128   0x00000008   Data   RW         3026    .data               gps.o
    0x2007c130   0x00000001   Data   RW         3180    .data               bd_update.o
    0x2007c131   0x00000003   PAD
    0x2007c134   0x0000002a   Data   RW         3320    .data               bb_gprs_cmd.o
    0x2007c15e   0x00000002   PAD
    0x2007c160   0x00000004   Data   RW         3332    .data               bb_gprs_cmd.o
    0x2007c164   0x00000008   Data   RW         3558    .data               th_gprs_cmd.o
    0x2007c16c   0x0000000b   Data   RW         3612    .data               gsm_gprs.o
    0x2007c177   0x00000001   Data   RW         3615    .data               gsm_gprs.o
    0x2007c178   0x00000006   Data   RW         3779    .data               gprs_alig.o
    0x2007c17e   0x00000001   Data   RW         3946    .data               kionix_kxtf9_driver.o
    0x2007c17f   0x00000001   PAD
    0x2007c180   0x00000008   Data   RW         4193    .data               rt_robin.o
    0x2007c188   0x00000002   Data   RW         4263    .data               rt_time.o
    0x2007c18a   0x00000002   PAD
    0x2007c18c   0x00000008   Data   RW         4279    .data               rt_task.o
    0x2007c194   0x00000018   Data   RW         4406    .data               USB_CM3.lib(usbh_msc.o)
    0x2007c1ac   0x0000003c   Data   RW         4455    .data               USB_CM3.lib(usbh_ohci.o)
    0x2007c1e8   0x00000010   Data   RW         4456    .data               USB_CM3.lib(usbh_ohci.o)
    0x2007c1f8   0x00000001   Data   RW         4517    .data               FS_CM3.lib(fs_mapi.o)
    0x2007c1f9   0x00000003   PAD
    0x2007c1fc   0x00000004   Data   RW         4795    .data               c_w.l(streamlock.o)
    0x2007c200   0x00000004   Data   RW         4982    .data               c_w.l(stdio_streams.o)
    0x2007c204   0x00000004   PAD
    0x2007c208   0x00001398   Zero   RW           54    .bss                rtx_conf_cm.o
    0x2007d5a0   0x00000204   Zero   RW           55    .bss                rtx_conf_cm.o
    0x2007d7a4   0x00000030   Zero   RW           56    .bss                rtx_conf_cm.o
    0x2007d7d4   0x0000008c   Zero   RW           57    .bss                rtx_conf_cm.o
    0x2007d860   0x000004e0   Zero   RW           58    .bss                rtx_conf_cm.o
    0x2007dd40   0x0000000c   Zero   RW           99    .bss                usb_config.o
    0x2007dd4c   0x00000014   Zero   RW          100    .bss                usb_config.o
    0x2007dd60   0x000005bc   Zero   RW          198    .bss                taskcan.o
    0x2007e31c   0x00000420   Zero   RW          611    .bss                algol.o
    0x2007e73c   0x00000034   Zero   RW          665    .bss                main.o
    0x2007e770   0x00000040   Zero   RW          667    .bss                main.o
    0x2007e7b0   0x00000040   Zero   RW          669    .bss                main.o
    0x2007e7f0   0x00000020   Zero   RW          671    .bss                main.o
    0x2007e810   0x0000000c   Zero   RW          672    .bss                main.o
    0x2007e81c   0x000000a8   Zero   RW          674    .bss                main.o
    0x2007e8c4   0x00000114   Zero   RW          685    .bss                main.o
    0x2007e9d8   0x00000018   Zero   RW          690    .bss                main.o
    0x2007e9f0   0x00000038   Zero   RW          691    .bss                main.o
    0x2007ea28   0x00000100   Zero   RW          692    .bss                main.o
    0x2007eb28   0x00000079   Zero   RW          693    .bss                main.o
    0x2007eba1   0x00000003   PAD
    0x2007eba4   0x00000014   Zero   RW          694    .bss                main.o
    0x2007ebb8   0x00000012   Zero   RW          697    .bss                main.o
    0x2007ebca   0x00000020   Zero   RW          698    .bss                main.o
    0x2007ebea   0x0000001e   Zero   RW          699    .bss                main.o
    0x2007ec08   0x00000034   Zero   RW          700    .bss                main.o
    0x2007ec3c   0x00000307   Zero   RW          955    .bss                keydisp.o
    0x2007ef43   0x00000001   PAD
    0x2007ef44   0x0000000c   Zero   RW         1558    .bss                pwm.o
    0x2007ef50   0x00000028   Zero   RW         1981    .bss                isp_iap.o
    0x2007ef78   0x00000914   Zero   RW         2071    .bss                uart1.o
    0x2007f88c   0x0000003e   Zero   RW         2283    .bss                rtc.o
    0x2007f8ca   0x00000001   Zero   RW         2404    .bss                spi0.o
    0x2007f8cb   0x00000001   Zero   RW         2729    .bss                ssp0.o
    0x2007f8cc   0x00000083   Zero   RW         2752    .bss                pulse.o
    0x2007f94f   0x000000d2   Zero   RW         2839    .bss                msd_sd_file.o
    0x2007fa21   0x000001a9   Zero   RW         3318    .bss                bb_gprs_cmd.o
    0x2007fbca   0x00000119   Zero   RW         3596    .bss                gsm_gprs.o
    0x2007fce3   0x0000009c   Zero   RW         3597    .bss                gsm_gprs.o
    0x2007fd7f   0x00000001   PAD
    0x2007fd80   0x00000030   Zero   RW         4278    .bss                rt_task.o
    0x2007fdb0   0x00000060   Zero   RW         4707    .bss                c_w.l(libspace.o)
    0x2007fe10   0x00000050   Zero   RW         4978    .bss                c_w.l(stdio_streams.o)
    0x2007fe60   0x00000050   Zero   RW         4980    .bss                c_w.l(stdio_streams.o)
    0x2007feb0   0x00000150   PAD
    0x20080000   0x00000100   Zero   RW         2954    .ARM.__AT_0x20080000  usbh_ohci_lpc17xx.o
    0x20080100   0x00000030   Zero   RW         2955    .ARM.__AT_0x20080100  usbh_ohci_lpc17xx.o
    0x20080130   0x00000010   Zero   RW         2956    .ARM.__AT_0x20080130  usbh_ohci_lpc17xx.o
    0x20080140   0x00001034   Zero   RW         2957    .ARM.__AT_0x20080140  usbh_ohci_lpc17xx.o
    0x20081174   0x000013d0   Zero   RW         3594    .bss                gsm_gprs.o
    0x20082544   0x0000099a   Zero   RW         3778    .bss                gprs_alig.o
    0x20082ede   0x000007ac   Zero   RW         3859    .bss                sms.o
    0x2008368a   0x00000006   PAD
    0x20083690   0x00000800   Zero   RW            1    STACK               startup_lpc17xx.o


==============================================================================

Image component sizes


      Code (inc. data)   RO Data    RW Data    ZI Data      Debug   Object Name

      1420        142        111          0        102       5230   adc.o
      2780         30        512          4       1056      53652   algol.o
        40          6       4656          0          0       1026   ascii_code24dot.o
      1896        416       1856          0          0      14848   atcmd.o
     18748       2816          0         46        425      53633   bb_gprs_cmd.o
       264         48          0          1          0       3156   bd_update.o
      6196       1136          4         16         49      12268   camera.o
      1408        168         68          8          0      23631   can.o
       148         14      15361          0          0       1722   cn_code24dot.o
       924         36          4          8          1      21201   dfe_25xxx.o
      2512         76         44          8        277       9657   dff_25xxx.o
      3892        752          0          3          0      62243   drivercard.o
       124         14         12          0       2468      12274   file_config.o
       204          4         24          1          0       2267   fs_usbh_msc.o
         0          0          0          0          0      21366   gb_gprs_cmd.o
      7732       1114          0          6       2458      10279   gprs_alig.o
      1528        214        145        160          0      26990   gprs_cmd.o
     10372       1884        154          9       2165      29707   gps.o
      3240        278          0          8          0      12949   gps_pack.o
      9568       2380         78         15       5733      23814   gsm_gprs.o
      7352       1346         51          8          0      18451   gsm_gprs_send.o
       504         52          0          1          0       3671   hal_cm3.o
        46          0          0          0          0       1019   i2c_interface.o
      1024         90          0          1          0      19140   iap.o
      1468        174          0          0          0       5968   ic_card4442.o
      2016        318          4          2        155       7858   iic0.o
        76         10          0          0         40       1425   isp_iap.o
     15976       2576       5349         70        775      48731   keydisp.o
      1412        258          0          4          0       9063   kionix_kxtf9_common.o
      6086         30          0          1          0      32497   kionix_kxtf9_driver.o
      1508         28       1540          0         75      16246   led_e308.o
       640         54          0        294       4260      40661   main.o
      5164       2042         84          4        210       9581   msd_sd_file.o
      4220        410        740          0         36      25858   print.o
       872         60          4          1        131       7297   pulse.o
       288         30          4          0         12       2702   pwm.o
      2272        634          4         12         84      43145   recordmodel.o
       204         24         20          0          0       8781   retarget.o
       296         12          0          0          0       2070   rt_event.o
       536         18          0          0         48       5090   rt_list.o
       656          8          0          0          0       2867   rt_mailbox.o
       158          0          0          0          0       1601   rt_membox.o
       284          8          0          0          0       1301   rt_mutex.o
        88         16          0          8          0        716   rt_robin.o
       192         10          0          0          0       1626   rt_semaphore.o
       288         30          0          2          0       1446   rt_system.o
       872         74          0          8         48       4342   rt_task.o
        64          8          0          2          0        879   rt_time.o
       180         10          0          8          0       1353   rt_timer.o
      2574        156        142          0         62      13125   rtc.o
       172         30         32          8       7556       7852   rtx_conf_cm.o
       188         16         41          0          0       1789   serial_for_usb.o
      1572         98          0          0       1989      10401   sms.o
      3924        890          4          6        632      13836   speed.o
       408         14          4          0          1       2455   spi0.o
       640         16          4          0          1       2423   ssp0.o
       260        226          0          0       4096        896   startup_lpc17xx.o
         4          4          0          0          0        140   svc_table.o
      7548       1844        322         96         47      15561   switch.o
       492         32          0          4          0      22086   system_lpc17xx.o
      1712        272          4          4       1468      47969   taskcan.o
      8628       1044        541         12          0      52995   taskuart0.o
      6096        572          0          8          0      12288   th_gprs_cmd.o
       176         36          4          0          1       2353   timer2.o
       672         54          4          9       1307       8256   uart0.o
       836         64          4          0       2324       6286   uart1.o
      1448        140          4          0       1174       6891   uart2 .o
      1688        288          4          0       2113       6472   uart3.o
         0          0          6         14         56      10284   usb_config.o
       284         24          0         76       4468      19717   usbh_ohci_lpc17xx.o
     10416       1898        612         20      12692      60728   usersys.o

    ----------------------------------------------------------------------
    177484      27576      32648       1044      60636    1052101   Object Totals
         0          0         64          0          0          0   (incl. Generated)
         8          0         23         68         41          3   (incl. Padding)

    ----------------------------------------------------------------------

      Code (inc. data)   RO Data    RW Data    ZI Data      Debug   Library Member Name

     10028        230        169          0          0       5156   fs_fat.o
       368         28          0          0          0        456   fs_lib.o
      1632         90          0          1          0        872   fs_mapi.o
       908         64          0          0          0        568   fs_sys.o
        14          4          0          0          0        136   fs_time.o
      2454        146          0          0          0       1256   usbh_core.o
       192         18          0         16          0        232   usbh_mem.o
      5152        260          0         24          0       1956   usbh_msc.o
      3058        138         32         76          0       1952   usbh_ohci.o
        60          8          0          0          0         84   __0sscanf.o
        20          0          0          0          0         84   __2fprintf.o
        44          6          0          0          0         84   __2sprintf.o
        90          0          0          0          0          0   __dczerorl2.o
         8          0          0          0          0         68   __main.o
       412          4         17          0          0         92   __printf_flags_ss_wp.o
        14          0          0          0          0         68   __printf_wp.o
        52          8          0          0          0          0   __scatter.o
        28          0          0          0          0          0   __scatter_zi.o
        32          0          0          0          0         68   _chval.o
        44          0          0          0          0        108   _printf_char.o
        48          6          0          0          0         96   _printf_char_common.o
        64          6          0          0          0         84   _printf_char_file_locked.o
        42          0          0          0          0         68   _printf_charcount.o
         6          0          0          0          0          0   _printf_d.o
       120         18          0          0          0         92   _printf_dec.o
        88          6         40          0          0         88   _printf_hex_ptr.o
       182          0          0          0          0         88   _printf_intcommon.o
         6          0          0          0          0          0   _printf_n.o
         6          0          0          0          0          0   _printf_p.o
        80          0          0          0          0        108   _printf_pad.o
         0          0          0          0          0          0   _printf_percent.o
         4          0          0          0          0          0   _printf_percent_end.o
         6          0          0          0          0          0   _printf_s.o
        82          0          0          0          0         80   _printf_str.o
        22          0          0          0          0        100   _rserrno.o
       904          4          0          0          0        100   _scanf.o
       334          0          0          0          0         96   _scanf_int.o
        64          0          0          0          0         84   _sgetc.o
        10          0          0          0          0         68   _sputc.o
       158          0          0          0          0         92   _strtoul.o
        16          0          0          0          0         68   aeabi_memset.o
        26          0          0          0          0         80   atoi.o
        10          0          0          0          0         68   defsig_exit.o
        50          0          0          0          0         88   defsig_general.o
        76         56          0          0          0         76   defsig_rtmem_inner.o
        14          0          0          0          0         80   defsig_rtmem_outer.o
        52         38          0          0          0         76   defsig_rtred_inner.o
        14          0          0          0          0         80   defsig_rtred_outer.o
        12          0          0          0          0         68   exit.o
        78          0          0          0          0         88   fclose.o
        52          6          0          0          0         80   fclose_locked.o
        30          0          0          0          0         80   ferror_locked.o
       144         10          0          0          0        128   fflush_locked.o
       578          0          0          0          0        132   filbuf.o
       472          0          0          0          0         88   flsbuf.o
        92         10          0          0          0         88   flushlinebuffered_locked.o
       324          8          0          0          0        152   fopen_locked.o
        26          0          0          0          0         68   fputc.o
        54          0          0          0          0         80   fputs_locked.o
       314          0          0          0          0         96   freadfast_locked.o
       248          4          0          0          0         84   fseek.o
        70          0          0          0          0         76   ftell.o
       218          0          0          0          0         92   fwritefast_locked.o
       158          0          0          0          0        128   h1_alloc_mt.o
        62          0          0          0          0         80   h1_extend_mt.o
       118          0          0          0          0        108   h1_free_mt.o
        18          0          0          0          0         84   h1_init_mt.o
         6          0          0          0          0        152   heapauxi.o
         4          0          0          0          0        136   hguard.o
        36         10          0          0          0         80   init_aeabi.o
       138          0          0          0          0        168   init_alloc.o
       456         48          0          0          0        116   initio_locked.o
        18          0          0          0          0         76   isspace.o
        44         10        272          0          0         76   lc_ctype_c.o
         6          0          0          0          0          0   libinit.o
        36          0          0          0          0          0   libinit2.o
         2          0          0          0          0          0   libshutdown.o
         6          0          0          0          0          0   libshutdown2.o
         8          4          0          0         96         68   libspace.o
        72          0          0          0          0         76   llsdiv.o
       238          0          0          0          0        100   lludivv7m.o
         0          0          0          0          0         68   maybetermalloc1.o
        78          0          0          0          0         76   memcmp.o
        16          4          0          0          0         76   rt_ctype_table.o
         4          0          0          0          0         68   rt_errno_addr_twolibspace.o
        10          0          0          0          0         76   rt_fp_status_addr_twolibspace.o
        10          0          0          0          0         76   rt_heap_descriptor_twolibspace.o
        10          0          0          0          0         76   rt_locale_twolibspace.o
        68          0          0          0          0         68   rt_memclr.o
        78          0          0          0          0         80   rt_memclr_w.o
       138          0          0          0          0         68   rt_memcpy_v6.o
       100          0          0          0          0         80   rt_memcpy_w.o
       132          0          0          0          0         68   rt_memmove_v6.o
       122          0          0          0          0         80   rt_memmove_w.o
         0          0          0          0          0          0   rtentry.o
        12          0          0          0          0          0   rtentry2.o
         6          0          0          0          0          0   rtentry4.o
         2          0          0          0          0          0   rtexit.o
        10          0          0          0          0          0   rtexit2.o
        48         10          0          0          0         84   scanf_char.o
       104          0          0          0          0         88   setvbuf_locked.o
       240          6          0          0          0        156   stdio.o
         0          0          0         12        240          0   stdio_streams.o
        24          0          0          0          0         68   strcat.o
       128          0          0          0          0         68   strcmpv7m.o
        72          0          0          0          0         80   strcpy.o
         0          0          0          4          0          0   streamlock.o
        62          0          0          0          0         76   strlen.o
        86          0          0          0          0         76   strncpy.o
        36          0          0          0          0         80   strstr.o
       112          0          0          0          0         88   strtol.o
        74          0          0          0          0         80   sys_stackheap_outer.o
        30          0          0          0          0         76   toupper.o
         2          0          0          0          0         68   use_no_semi.o
        90          4          0          0          0         92   dfixu.o
        38          0          0          0          0         68   dflt_clz.o
       156          4          0          0          0         92   dnaninf.o
       460         56          0          0          0        120   dsqrt_noumaal.o
        14          0          0          0          0         76   fpinit.o
         0          0          0          0          0          0   usenofp.o
        76          0          0          0          0         84   sqrt.o

    ----------------------------------------------------------------------
     33942       1332        530        136        680      20528   Library Totals
        62          0          0          3        344          0   (incl. Padding)

    ----------------------------------------------------------------------

      Code (inc. data)   RO Data    RW Data    ZI Data      Debug   Library Name

     12950        416        169          1          0       7188   FS_CM3.lib
     10856        562         32        116          0       5396   USB_CM3.lib
      9240        290        329         16        336       7412   c_w.l
       758         64          0          0          0        448   fz_ws.l
        76          0          0          0          0         84   m_ws.l

    ----------------------------------------------------------------------
     33942       1332        530        136        680      20528   Library Totals

    ----------------------------------------------------------------------

==============================================================================


      Code (inc. data)   RO Data    RW Data    ZI Data      Debug   

    211426      28908      33178       1180      61316    1049596   Grand Totals
    211426      28908      33178        252      61316    1049596   ELF Image Totals (compressed)
    211426      28908      33178        252          0          0   ROM Totals

==============================================================================

    Total RO  Size (Code + RO Data)               244604 ( 238.87kB)
    Total RW  Size (RW Data + ZI Data)             62496 (  61.03kB)
    Total ROM Size (Code + RO Data + RW Data)     244856 ( 239.12kB)

==============================================================================

