ARM Linker, 4.1 [Build 644] [Standard][RL-ARM]

==============================================================================

Section Cross References

    startup_lpc17xx.o(STACK) refers (Special) to heapauxi.o(.text) for __use_two_region_memory
    startup_lpc17xx.o(HEAP) refers (Special) to heapauxi.o(.text) for __use_two_region_memory
    startup_lpc17xx.o(RESET) refers (Special) to heapauxi.o(.text) for __use_two_region_memory
    startup_lpc17xx.o(RESET) refers to startup_lpc17xx.o(STACK) for __initial_sp
    startup_lpc17xx.o(RESET) refers to startup_lpc17xx.o(.text) for Reset_Handler
    startup_lpc17xx.o(RESET) refers to hal_cm3.o(.emb_text) for SVC_Handler
    startup_lpc17xx.o(RESET) refers to pulse.o(.text) for TIMER0_IRQHandler
    startup_lpc17xx.o(RESET) refers to timer2.o(.text) for TIMER2_IRQHandler
    startup_lpc17xx.o(RESET) refers to uart0.o(.text) for UART0_IRQHandler
    startup_lpc17xx.o(RESET) refers to uart1.o(.text) for UART1_IRQHandler
    startup_lpc17xx.o(RESET) refers to uart2 .o(.text) for UART2_IRQHandler
    startup_lpc17xx.o(RESET) refers to uart3.o(.text) for UART3_IRQHandler
    startup_lpc17xx.o(RESET) refers to iic0.o(.text) for I2C0_IRQHandler
    startup_lpc17xx.o(RESET) refers to rtc.o(.text) for RTC_IRQHandler
    startup_lpc17xx.o(RESET) refers to kionix_kxtf9_common.o(.text) for EINT3_IRQHandler
    startup_lpc17xx.o(RESET) refers to usbh_ohci_lpc17xx.o(.text) for USB_IRQHandler
    startup_lpc17xx.o(RESET) refers to can.o(.text) for CAN_IRQHandler
    startup_lpc17xx.o(RESET) refers to print.o(.text) for MCPWM_IRQHandler
    startup_lpc17xx.o(.text) refers (Special) to heapauxi.o(.text) for __use_two_region_memory
    startup_lpc17xx.o(.text) refers to __main.o(!!!main) for __main
    startup_lpc17xx.o(.text) refers to startup_lpc17xx.o(HEAP) for Heap_Mem
    startup_lpc17xx.o(.text) refers to startup_lpc17xx.o(STACK) for Stack_Mem
    system_lpc17xx.o(.text) refers to system_lpc17xx.o(.data) for .data
    rtx_conf_cm.o(.text) refers to rt_task.o(.text) for rt_tsk_self
    rtx_conf_cm.o(.text) refers to rt_mutex.o(.text) for rt_mut_init
    rtx_conf_cm.o(.text) refers to rtx_conf_cm.o(.bss) for .bss
    rtx_conf_cm.o(.text) refers to libspace.o(.bss) for __libspace_start
    rtx_conf_cm.o(.text) refers to rtx_conf_cm.o(.data) for .data
    rtx_conf_cm.o(.data) refers to rtx_conf_cm.o(.bss) for mp_tmr
    usb_config.o(.data) refers to usbh_ohci.o(.data) for usbh0_hcd_ohci
    usb_config.o(.data) refers to usbh_ohci_lpc17xx.o(.data) for usbh0_hwd_ohci
    usb_config.o(.data) refers to usbh_msc.o(.data) for usbh_dcd_msc
    file_config.o(.text) refers to file_config.o(.bss) for .bss
    file_config.o(.text) refers to fs_usbh_msc.o(.constdata) for usb0_drv
    file_config.o(.text) refers to streamlock.o(.data) for _stream_list_lock
    file_config.o(.constdata) refers to file_config.o(.bss) for usb0_vol
    taskcan.o(.text) refers to algol.o(.text) for SetBufferValue
    taskcan.o(.text) refers to strcpy.o(.text) for strcpy
    taskcan.o(.text) refers to strlen.o(.text) for strlen
    taskcan.o(.text) refers to strcat.o(.text) for strcat
    taskcan.o(.text) refers to uart0.o(.text) for UartCls::puts(char*)
    taskcan.o(.text) refers to dff_25xxx.o(.text) for DFFCls::PageRead(unsigned long, unsigned char*)
    taskcan.o(.text) refers to rtc.o(.text) for RtcCls::SecondToDateTime(unsigned, RTC_STR*)
    taskcan.o(.text) refers to gprs_alig.o(.text) for GPRSCls::JT808_DataPackPushAlignment(unsigned short, unsigned short, unsigned short, unsigned, unsigned char*)
    taskcan.o(.text) refers to rt_memmove_w.o(.text) for __aeabi_memmove4
    taskcan.o(.text) refers to rt_memmove_v6.o(.text) for __aeabi_memmove
    taskcan.o(.text) refers to main.o(.bss) for FlashPageCnt
    taskcan.o(.text) refers to uart0.o(.bss) for Uart
    taskcan.o(.text) refers to usbh_ohci_lpc17xx.o(.data) for pShareMem
    taskcan.o(.text) refers to dff_25xxx.o(.bss) for DFF
    taskcan.o(.text) refers to main.o(.data) for TestCanBus
    taskcan.o(.text) refers to rtc.o(.bss) for Rtc
    taskcan.o(.text) refers to gsm_gprs.o(.bss) for GPRS
    taskcan.o(.text) refers to main.o(.bss) for TD
    taskcan.o(.text) refers to bb_gprs_cmd.o(.data) for jt_auth_ok_flag
    taskcan.o(.text) refers to bb_gprs_cmd.o(.bss) for JT_CanSet
    taskcan.o(.text) refers to main.o(.bss) for TC
    taskcan.o(.text) refers to rt_time.o(.text) for rt_dly_wait
    taskcan.o(.text) refers to taskcan.o(.bss) for .bss
    taskcan.o(.text) refers to rt_event.o(.text) for rt_evt_wait
    taskcan.o(.text) refers to taskcan.o(.data) for .data
    taskcan.o(.text) refers to main.o(.data) for JT_ShutCommunication
    taskcan.o(.text) refers to dfe_25xxx.o(.text) for DFECls::Write(unsigned short, unsigned short, unsigned char*)
    taskcan.o(.text) refers to can.o(.text) for CanBusCls::CAN_setup(unsigned, unsigned)
[...]

    Base Addr    Size         Type   Attr      Idx    E Section Name        Object

    0x00003000   0x000000cc   Code   RO            3    RESET               startup_lpc17xx.o
    0x000030cc   0x00000008   Code   RO         4761  * !!!main             c_w.l(__main.o)
    0x000030d4   0x00000034   Code   RO         5207    !!!scatter          c_w.l(__scatter.o)
    0x00003108   0x0000005a   Code   RO         5205    !!dczerorl2         c_w.l(__dczerorl2.o)
    0x00003162   0x00000002   PAD
    0x00003164   0x0000001c   Code   RO         5209    !!handler_zi        c_w.l(__scatter_zi.o)
    0x00003180   0x00000000   Code   RO         4705    .ARM.Collect$$_printf_percent$$00000000  c_w.l(_printf_percent.o)
    0x00003180   0x00000006   Code   RO         4702    .ARM.Collect$$_printf_percent$$00000001  c_w.l(_printf_n.o)
    0x00003186   0x00000006   Code   RO         4703    .ARM.Collect$$_printf_percent$$00000002  c_w.l(_printf_p.o)
    0x0000318c   0x00000006   Code   RO         4704    .ARM.Collect$$_printf_percent$$00000009  c_w.l(_printf_d.o)
    0x00003192   0x00000006   Code   RO         4701    .ARM.Collect$$_printf_percent$$00000014  c_w.l(_printf_s.o)
    0x00003198   0x00000004   Code   RO         4898    .ARM.Collect$$_printf_percent$$00000017  c_w.l(_printf_percent_end.o)
    0x0000319c   0x00000006   Code   RO         5148    .ARM.Collect$$libinit$$00000000  c_w.l(libinit.o)
    0x000031a2   0x00000008   Code   RO         4933    .ARM.Collect$$libinit$$00000001  c_w.l(libinit2.o)
    0x000031aa   0x00000000   Code   RO         4935    .ARM.Collect$$libinit$$00000006  c_w.l(libinit2.o)
    0x000031aa   0x00000000   Code   RO         4937    .ARM.Collect$$libinit$$00000008  c_w.l(libinit2.o)
    0x000031aa   0x00000000   Code   RO         4939    .ARM.Collect$$libinit$$0000000A  c_w.l(libinit2.o)
    0x000031aa   0x00000006   Code   RO         4940    .ARM.Collect$$libinit$$0000000B  c_w.l(libinit2.o)
    0x000031b0   0x00000000   Code   RO         4942    .ARM.Collect$$libinit$$0000000D  c_w.l(libinit2.o)
    0x000031b0   0x0000000c   Code   RO         4943    .ARM.Collect$$libinit$$0000000E  c_w.l(libinit2.o)
    0x000031bc   0x00000000   Code   RO         4944    .ARM.Collect$$libinit$$0000000F  c_w.l(libinit2.o)
    0x000031bc   0x00000000   Code   RO         4946    .ARM.Collect$$libinit$$00000011  c_w.l(libinit2.o)
    0x000031bc   0x00000000   Code   RO         4948    .ARM.Collect$$libinit$$00000013  c_w.l(libinit2.o)
    0x000031bc   0x00000000   Code   RO         4950    .ARM.Collect$$libinit$$00000015  c_w.l(libinit2.o)
    0x000031bc   0x00000000   Code   RO         4952    .ARM.Collect$$libinit$$00000017  c_w.l(libinit2.o)
    0x000031bc   0x00000000   Code   RO         4954    .ARM.Collect$$libinit$$00000019  c_w.l(libinit2.o)
    0x000031bc   0x00000000   Code   RO         4956    .ARM.Collect$$libinit$$0000001B  c_w.l(libinit2.o)
    0x000031bc   0x00000000   Code   RO         4958    .ARM.Collect$$libinit$$0000001D  c_w.l(libinit2.o)
    0x000031bc   0x00000000   Code   RO         4960    .ARM.Collect$$libinit$$0000001F  c_w.l(libinit2.o)
    0x000031bc   0x00000004   Code   RO         4961    .ARM.Collect$$libinit$$00000020  c_w.l(libinit2.o)
    0x000031c0   0x00000000   Code   RO         4962    .ARM.Collect$$libinit$$00000021  c_w.l(libinit2.o)
    0x000031c0   0x00000000   Code   RO         4966    .ARM.Collect$$libinit$$00000028  c_w.l(libinit2.o)
    0x000031c0   0x00000000   Code   RO         4968    .ARM.Collect$$libinit$$0000002A  c_w.l(libinit2.o)
    0x000031c0   0x00000000   Code   RO         4970    .ARM.Collect$$libinit$$0000002C  c_w.l(libinit2.o)
    0x000031c0   0x00000004   Code   RO         4971    .ARM.Collect$$libinit$$0000002D  c_w.l(libinit2.o)
    0x000031c4   0x00000000   Code   RO         4972    .ARM.Collect$$libinit$$0000002E  c_w.l(libinit2.o)
    0x000031c4   0x00000002   Code   RO         4973    .ARM.Collect$$libinit$$0000002F  c_w.l(libinit2.o)
    0x000031c6   0x00000002   Code   RO         5202    .ARM.Collect$$libshutdown$$00000000  c_w.l(libshutdown.o)
    0x000031c8   0x00000004   Code   RO         5067    .ARM.Collect$$libshutdown$$00000002  c_w.l(libshutdown2.o)
    0x000031cc   0x00000000   Code   RO         5068    .ARM.Collect$$libshutdown$$00000003  c_w.l(libshutdown2.o)
    0x000031cc   0x00000000   Code   RO         5071    .ARM.Collect$$libshutdown$$00000006  c_w.l(libshutdown2.o)
    0x000031cc   0x00000000   Code   RO         5074    .ARM.Collect$$libshutdown$$00000009  c_w.l(libshutdown2.o)
    0x000031cc   0x00000000   Code   RO         5076    .ARM.Collect$$libshutdown$$0000000B  c_w.l(libshutdown2.o)
    0x000031cc   0x00000000   Code   RO         5079    .ARM.Collect$$libshutdown$$0000000E  c_w.l(libshutdown2.o)
    0x000031cc   0x00000002   Code   RO         5080    .ARM.Collect$$libshutdown$$0000000F  c_w.l(libshutdown2.o)
    0x000031ce   0x00000000   Code   RO         4809    .ARM.Collect$$rtentry$$00000000  c_w.l(rtentry.o)
    0x000031ce   0x00000000   Code   RO         4984    .ARM.Collect$$rtentry$$00000002  c_w.l(rtentry2.o)
    0x000031ce   0x00000006   Code   RO         4999    .ARM.Collect$$rtentry$$00000004  c_w.l(rtentry4.o)
    0x000031d4   0x00000000   Code   RO         4986    .ARM.Collect$$rtentry$$00000009  c_w.l(rtentry2.o)
    0x000031d4   0x00000004   Code   RO         4987    .ARM.Collect$$rtentry$$0000000A  c_w.l(rtentry2.o)
    0x000031d8   0x00000000   Code   RO         4989    .ARM.Collect$$rtentry$$0000000C  c_w.l(rtentry2.o)
    0x000031d8   0x00000008   Code   RO         4990    .ARM.Collect$$rtentry$$0000000D  c_w.l(rtentry2.o)
    0x000031e0   0x00000002   Code   RO         5149    .ARM.Collect$$rtexit$$00000000  c_w.l(rtexit.o)
    0x000031e2   0x00000000   Code   RO         5168    .ARM.Collect$$rtexit$$00000002  c_w.l(rtexit2.o)
    0x000031e2   0x00000004   Code   RO         5169    .ARM.Collect$$rtexit$$00000003  c_w.l(rtexit2.o)
    0x000031e6   0x00000006   Code   RO         5170    .ARM.Collect$$rtexit$$00000004  c_w.l(rtexit2.o)
    0x000031ec   0x0000014c   Code   RO         4024    .emb_text           hal_cm3.o
    0x00003338   0x00000000   Code   RO         5091    .emb_text           c_w.l(maybetermalloc1.o)
    0x00003338   0x00000038   Code   RO            4    .text               startup_lpc17xx.o
    0x00003370   0x000001ec   Code   RO           13    .text               system_lpc17xx.o
    0x0000355c   0x000000ac   Code   RO           52    .text               rtx_conf_cm.o
    0x00003608   0x0000007c   Code   RO          166    .text               file_config.o
    0x00003684   0x000006b0   Code   RO          196    .text               taskcan.o
    0x00003d34   0x0000035c   Code   RO          330    .text               can.o
    0x00004090   0x00000354   Code   RO          661    .text               main.o
    0x000043e4   0x00000008   Code   RO         4633    .text               c_w.l(libspace.o)
    0x000043ec   0x00000002   Code   RO         4636    .text               c_w.l(use_no_semi.o)
    0x000043ee   0x00000010   Code   RO         4749    .text               c_w.l(aeabi_memset.o)
    0x000043fe   0x00000000   Code   RO         4982    x$fpl$usenofp       fz_ws.l(usenofp.o)
    0x000043fe   0x00000002   Data   RO           59    .constdata          rtx_conf_cm.o
    0x00004400   0x0000000f   Data   RO          391    .ARM.__AT_0x00004400  usersys.o
    0x0000440f   0x00000001   Data   RO           63    .constdata          rtx_conf_cm.o
    0x00004410   0x0000000d   Data   RO          392    .ARM.__AT_0x00004410  usersys.o
    0x0000441d   0x00000003   PAD
    0x00004420   0x0000004c   Code   RO         1965    .text               isp_iap.o
    0x0000446c   0x00000090   Code   RO         2474    .text               timer2.o
    0x000044fc   0x00000028   Code   RO         2657    .text               ascii_code24dot.o
    0x00004524   0x00000006   Code   RO         4759    .text               c_w.l(heapauxi.o)
    0x0000452a   0x00000004   Code   RO         4822    .text               c_w.l(rt_errno_addr_twolibspace.o)
    0x0000452e   0x00000002   Data   RO           65    .constdata          rtx_conf_cm.o
    0x00004530   0x00000010   Data   RO          393    .ARM.__AT_0x00004530  usersys.o
    0x00004540   0x00000010   Data   RO          394    .ARM.__AT_0x00004540  usersys.o
    0x00004550   0x0000001e   Code   RO         4640    .text               c_w.l(toupper.o)
    0x0000456e   0x00000001   Data   RO           67    .constdata          rtx_conf_cm.o
    0x0000456f   0x00000001   Data   RO          101    .constdata          usb_config.o
    0x00004570   0x00000007   Data   RO          395    .ARM.__AT_0x00004570  usersys.o
    0x00004577   0x00000001   PAD
    0x00004578   0x00000a04   Code   RO          610    .text               algol.o
    0x00004f7c   0x00000d98   Code   RO         1091    .text               speed.o
    0x00005d14   0x00000120   Code   RO         1542    .text               pwm.o
    0x00005e34   0x00000198   Code   RO         2379    .text               spi0.o
    0x00005fcc   0x0000002e   Code   RO         3912    .text               i2c_interface.o
    0x00005ffa   0x00000004   Code   RO         5017    .text               c_w.l(hguard.o)
    0x00005ffe   0x00000002   Data   RO           68    .constdata          rtx_conf_cm.o
    0x00006000   0x00000010   Data   RO          396    .ARM.__AT_0x00006000  usersys.o
    0x00006010   0x00000004   Data   RO          397    .ARM.__AT_0x00006010  usersys.o
    0x00006014   0x00000004   Data   RO          398    .ARM.__AT_0x00006014  usersys.o
    0x00006018   0x00000004   Data   RO          399    .ARM.__AT_0x00006018  usersys.o
    0x0000601c   0x00000004   Data   RO          400    .ARM.__AT_0x0000601C  usersys.o
    0x00006020   0x00000010   Data   RO          401    .ARM.__AT_0x00006020  usersys.o
    0x00006030   0x00000004   Data   RO          402    .ARM.__AT_0x00006030  usersys.o
    0x00006034   0x00000004   Data   RO          403    .ARM.__AT_0x00006034  usersys.o
    0x00006038   0x00000004   Data   RO          404    .ARM.__AT_0x00006038  usersys.o
    0x0000603c   0x0000000c   Data   RO          405    .ARM.__AT_0x0000603C  usersys.o
    0x00006048   0x0000000c   Data   RO          406    .ARM.__AT_0x00006048  usersys.o
    0x00006054   0x0000000c   Data   RO          407    .ARM.__AT_0x00006054  usersys.o
    0x00006060   0x00000010   Data   RO          408    .ARM.__AT_0x00006060  usersys.o
    0x00006070   0x00000010   Data   RO          409    .ARM.__AT_0x00006070  usersys.o
    0x00006080   0x00000020   Data   RO          410    .ARM.__AT_0x00006080  usersys.o
    0x000060a0   0x00000020   Data   RO          411    .ARM.__AT_0x000060A0  usersys.o
    0x000060c0   0x00000010   Data   RO          412    .ARM.__AT_0x000060C0  usersys.o
    0x000060d0   0x00000010   Data   RO          413    .ARM.__AT_0x000060D0  usersys.o
    0x000060e0   0x00000010   Data   RO          414    .ARM.__AT_0x000060E0  usersys.o
    0x000060f0   0x00000010   Data   RO          415    .ARM.__AT_0x000060F0  usersys.o
    0x00006100   0x0000003c   Data   RO          416    .ARM.__AT_0x00006100  usersys.o
    0x0000613c   0x00000004   Data   RO          417    .ARM.__AT_0x0000613C  usersys.o
    0x00006140   0x0000003e   Data   RO          418    .ARM.__AT_0x00006140  usersys.o
    0x0000617e   0x00000001   Data   RO          102    .constdata          usb_config.o
    0x0000617f   0x00000001   Data   RO          104    .constdata          usb_config.o
    0x00006180   0x00000010   Data   RO          419    .ARM.__AT_0x00006180  usersys.o
    0x00006190   0x00001d90   Code   RO          390    .text               usersys.o
    0x00007f20   0x00003ca8   Code   RO          946    .text               keydisp.o
    0x0000bbc8   0x0000214c   Code   RO         1192    .text               taskuart0.o
    0x0000dd14   0x00000b50   Code   RO         1338    .text               drivercard.o
    0x0000e864   0x000011d0   Code   RO         1444    .text               print.o
    0x0000fa34   0x00001e28   Code   RO         1589    .text               switch.o
    0x0001185c   0x00001720   Code   RO         1711    .text               camera.o
    0x00012f7c   0x000014b0   Code   RO         1820    .text               gyprotocol.o
    0x0001442c   0x000008d8   Code   RO         1848    .text               recordmodel.o
    0x00014d04   0x000003ec   Code   RO         1942    .text               iap.o
    0x000150f0   0x0000020c   Code   RO         1996    .text               uart0.o
    0x000152fc   0x00000264   Code   RO         2055    .text               uart1.o
    0x00015560   0x00000490   Code   RO         2088    .text               uart2 .o
    0x000159f0   0x0000050c   Code   RO         2124    .text               uart3.o
    0x00015efc   0x0000039c   Code   RO         2164    .text               dfe_25xxx.o
    0x00016298   0x000009d0   Code   RO         2225    .text               dff_25xxx.o
    0x00016c68   0x00000b10   Code   RO         2258    .text               rtc.o
    0x00017778   0x0000070c   Code   RO         2422    .text               adc.o
    0x00017e84   0x00000a38   Code   RO         2536    .text               led_e308.o
    0x000188bc   0x000006dc   Code   RO         2570    .text               iic0.o
    0x00018f98   0x00000060   Code   RO         2679    .text               cn_code24dot.o
    0x00018ff8   0x00000288   Code   RO         2695    .text               ssp0.o
    0x00019280   0x000002c0   Code   RO         2718    .text               pulse.o
    0x00019540   0x000000cc   Code   RO         2790    .text               fs_usbh_msc.o
    0x0001960c   0x000012bc   Code   RO         2806    .text               msd_sd_file.o
    0x0001a8c8   0x000000bc   Code   RO         2860    .text               serial_for_usb.o
    0x0001a984   0x0000011c   Code   RO         2921    .text               usbh_ohci_lpc17xx.o
    0x0001aaa0   0x000000cc   Code   RO         2949    .text               retarget.o
    0x0001ab6c   0x00002308   Code   RO         2986    .text               gps.o
    0x0001ce74   0x00000c6c   Code   RO         3104    .text               gps_pack.o
    0x0001dae0   0x00000738   Code   RO         3143    .text               atcmd.o
    0x0001e218   0x000045c8   Code   RO         3241    .text               bb_gprs_cmd.o
    0x000227e0   0x00001090   Code   RO         3482    .text               th_gprs_cmd.o
    0x00023870   0x0000235c   Code   RO         3522    .text               gsm_gprs.o
    0x00025bcc   0x000005e4   Code   RO         3592    .text               gprs_cmd.o
    0x000261b0   0x00001e30   Code   RO         3703    .text               gprs_alig.o
    0x00027fe0   0x00001cb8   Code   RO         3756    .text               gsm_gprs_send.o
    0x00029c98   0x00000624   Code   RO         3784    .text               sms.o
    0x0002a2bc   0x000017c6   Code   RO         3872    .text               kionix_kxtf9_driver.o
    0x0002ba82   0x00000002   PAD
    0x0002ba84   0x00000530   Code   RO         3928    .text               kionix_kxtf9_common.o
    0x0002bfb4   0x000000ac   Code   RO         4025    .text               hal_cm3.o
    0x0002c060   0x00000128   Code   RO         4068    .text               rt_event.o
    0x0002c188   0x00000218   Code   RO         4080    .text               rt_list.o
    0x0002c3a0   0x000000c0   Code   RO         4107    .text               rt_semaphore.o
    0x0002c460   0x00000058   Code   RO         4119    .text               rt_robin.o
    0x0002c4b8   0x0000011c   Code   RO         4134    .text               rt_mutex.o
    0x0002c5d4   0x0000009e   Code   RO         4146    .text               rt_membox.o
    0x0002c672   0x00000002   PAD
    0x0002c674   0x00000290   Code   RO         4162    .text               rt_mailbox.o
    0x0002c904   0x000000b4   Code   RO         4174    .text               rt_timer.o
    0x0002c9b8   0x00000040   Code   RO         4189    .text               rt_time.o
    0x0002c9f8   0x00000368   Code   RO         4204    .text               rt_task.o
    0x0002cd60   0x00000120   Code   RO         4234    .text               rt_system.o
    0x0002ce80   0x000000ee   Code   RO         4638    .text               c_w.l(lludivv7m.o)
    0x0002cf6e   0x00000014   Code   RO         4642    .text               c_w.l(__2fprintf.o)
    0x0002cf82   0x00000002   PAD
    0x0002cf84   0x0000002c   Code   RO         4644    .text               c_w.l(__2sprintf.o)
    0x0002cfb0   0x00000050   Code   RO         4652    .text               c_w.l(_printf_pad.o)
    0x0002d000   0x00000052   Code   RO         4654    .text               c_w.l(_printf_str.o)
    0x0002d052   0x00000002   PAD
    0x0002d054   0x00000078   Code   RO         4656    .text               c_w.l(_printf_dec.o)
    0x0002d0cc   0x0000002a   Code   RO         4658    .text               c_w.l(_printf_charcount.o)
    0x0002d0f6   0x00000002   PAD
    0x0002d0f8   0x00000058   Code   RO         4669    .text               c_w.l(_printf_hex_ptr.o)
    0x0002d150   0x0000019c   Code   RO         4698    .text               c_w.l(__printf_flags_ss_wp.o)
    0x0002d2ec   0x0000003c   Code   RO         4706    .text               c_w.l(__0sscanf.o)
    0x0002d328   0x0000014e   Code   RO         4708    .text               c_w.l(_scanf_int.o)
    0x0002d476   0x0000001a   Code   RO         4710    .text               c_w.l(atoi.o)
    0x0002d490   0x0000004e   Code   RO         4723    .text               c_w.l(fclose.o)
    0x0002d4de   0x00000002   PAD
    0x0002d4e0   0x00000034   Code   RO         4725    .text               c_w.l(fclose_locked.o)
    0x0002d514   0x0000001e   Code   RO         4727    .text               c_w.l(ferror_locked.o)
    0x0002d532   0x00000002   PAD
    0x0002d534   0x00000144   Code   RO         4729    .text               c_w.l(fopen_locked.o)
    0x0002d678   0x00000024   Code   RO         4731    .text               c_w.l(strstr.o)
    0x0002d69c   0x0000004e   Code   RO         4733    .text               c_w.l(memcmp.o)
    0x0002d6ea   0x00000048   Code   RO         4735    .text               c_w.l(strcpy.o)
    0x0002d732   0x0000003e   Code   RO         4737    .text               c_w.l(strlen.o)
    0x0002d770   0x00000018   Code   RO         4739    .text               c_w.l(strcat.o)
    0x0002d788   0x0000008a   Code   RO         4741    .text               c_w.l(rt_memcpy_v6.o)
    0x0002d812   0x00000084   Code   RO         4743    .text               c_w.l(rt_memmove_v6.o)
    0x0002d896   0x00000064   Code   RO         4745    .text               c_w.l(rt_memcpy_w.o)
    0x0002d8fa   0x0000007a   Code   RO         4747    .text               c_w.l(rt_memmove_w.o)
    0x0002d974   0x00000044   Code   RO         4751    .text               c_w.l(rt_memclr.o)
    0x0002d9b8   0x0000004e   Code   RO         4753    .text               c_w.l(rt_memclr_w.o)
    0x0002da06   0x00000056   Code   RO         4755    .text               c_w.l(strncpy.o)
    0x0002da5c   0x00000080   Code   RO         4757    .text               c_w.l(strcmpv7m.o)
    0x0002dadc   0x00000024   Code   RO         4768    .text               c_w.l(init_aeabi.o)
    0x0002db00   0x00000010   Code   RO         4811    .text               c_w.l(rt_ctype_table.o)
    0x0002db10   0x0000009e   Code   RO         4832    .text               c_w.l(h1_alloc_mt.o)
    0x0002dbae   0x00000076   Code   RO         4834    .text               c_w.l(h1_free_mt.o)
    0x0002dc24   0x00000016   Code   RO         4886    .text               c_w.l(_rserrno.o)
    0x0002dc3a   0x000000b6   Code   RO         4888    .text               c_w.l(_printf_intcommon.o)
    0x0002dcf0   0x00000030   Code   RO         4890    .text               c_w.l(_printf_char_common.o)
    0x0002dd20   0x0000000a   Code   RO         4892    .text               c_w.l(_sputc.o)
    0x0002dd2a   0x0000002c   Code   RO         4894    .text               c_w.l(_printf_char.o)
    0x0002dd56   0x00000020   Code   RO         4899    .text               c_w.l(_chval.o)
    0x0002dd76   0x00000002   PAD
    0x0002dd78   0x00000030   Code   RO         4901    .text               c_w.l(scanf_char.o)
    0x0002dda8   0x00000040   Code   RO         4903    .text               c_w.l(_sgetc.o)
    0x0002dde8   0x00000070   Code   RO         4905    .text               c_w.l(strtol.o)
    0x0002de58   0x000000f8   Code   RO         4915    .text               c_w.l(fseek.o)
    0x0002df50   0x000000f0   Code   RO         4917    .text               c_w.l(stdio.o)
    0x0002e040   0x000001c8   Code   RO         4931    .text               c_w.l(initio_locked.o)
    0x0002e208   0x0000000a   Code   RO         5008    .text               c_w.l(rt_heap_descriptor_twolibspace.o)
    0x0002e212   0x0000000a   Code   RO         5015    .text               c_w.l(rt_locale_twolibspace.o)
    0x0002e21c   0x0000008a   Code   RO         5019    .text               c_w.l(init_alloc.o)
    0x0002e2a6   0x00000012   Code   RO         5025    .text               c_w.l(h1_init_mt.o)
    0x0002e2b8   0x00000012   Code   RO         5037    .text               c_w.l(isspace.o)
    0x0002e2ca   0x00000002   PAD
    0x0002e2cc   0x00000388   Code   RO         5041    .text               c_w.l(_scanf.o)
    0x0002e654   0x0000009e   Code   RO         5043    .text               c_w.l(_strtoul.o)
    0x0002e6f2   0x00000242   Code   RO         5045    .text               c_w.l(filbuf.o)
    0x0002e934   0x000001d8   Code   RO         5047    .text               c_w.l(flsbuf.o)
    0x0002eb0c   0x00000046   Code   RO         5049    .text               c_w.l(ftell.o)
    0x0002eb52   0x00000068   Code   RO         5053    .text               c_w.l(setvbuf_locked.o)
    0x0002ebba   0x0000000e   Code   RO         5058    .text               c_w.l(defsig_rtred_outer.o)
    0x0002ebc8   0x0000004a   Code   RO         5085    .text               c_w.l(sys_stackheap_outer.o)
    0x0002ec12   0x0000003e   Code   RO         5097    .text               c_w.l(h1_extend_mt.o)
    0x0002ec50   0x00000040   Code   RO         5099    .text               c_w.l(_printf_char_file_locked.o)
    0x0002ec90   0x00000036   Code   RO         5109    .text               c_w.l(fputs_locked.o)
    0x0002ecc6   0x0000013a   Code   RO         5111    .text               c_w.l(freadfast_locked.o)
    0x0002ee00   0x000000da   Code   RO         5115    .text               c_w.l(fwritefast_locked.o)
    0x0002eeda   0x00000002   PAD
    0x0002eedc   0x0000005c   Code   RO         5117    .text               c_w.l(flushlinebuffered_locked.o)
    0x0002ef38   0x0000000c   Code   RO         5119    .text               c_w.l(exit.o)
    0x0002ef44   0x0000000a   Code   RO         5121    .text               c_w.l(defsig_exit.o)
    0x0002ef4e   0x00000002   PAD
    0x0002ef50   0x00000034   Code   RO         5127    .text               c_w.l(defsig_rtred_inner.o)
    0x0002ef84   0x0000000e   Code   RO         5129    .text               c_w.l(defsig_rtmem_outer.o)
    0x0002ef92   0x00000002   PAD
    0x0002ef94   0x00000090   Code   RO         5155    .text               c_w.l(fflush_locked.o)
    0x0002f024   0x00000032   Code   RO         5159    .text               c_w.l(defsig_general.o)
    0x0002f056   0x00000002   PAD
    0x0002f058   0x0000004c   Code   RO         5163    .text               c_w.l(defsig_rtmem_inner.o)
    0x0002f0a4   0x0000000a   Code   RO         5180    .text               c_w.l(rt_fp_status_addr_twolibspace.o)
    0x0002f0ae   0x00000002   PAD
    0x0002f0b0   0x00000004   Code   RO         4253    SVC_TABLE           svc_table.o
    0x0002f0b4   0x00000044   Code   RO         4258    i.USBH_EP0_SetDeviceAddress  USB_CM3.lib(usbh_core.o)
    0x0002f0f8   0x00000048   Code   RO         4259    i.USBH_EP0_SetMaxPacketSize  USB_CM3.lib(usbh_core.o)
    0x0002f140   0x00000154   Code   RO         4260    i.USBH_EnumerateDevice  USB_CM3.lib(usbh_core.o)
    0x0002f294   0x0000002c   Code   RO         4261    i.USBH_GetClassDriverIdx  USB_CM3.lib(usbh_core.o)
    0x0002f2c0   0x000000f8   Code   RO         4263    i.USBH_GetDescriptor  USB_CM3.lib(usbh_core.o)
    0x0002f3b8   0x000000d8   Code   RO         4311    i.USBH_MSC_ClearSTALL  USB_CM3.lib(usbh_msc.o)
    0x0002f490   0x000000f8   Code   RO         4312    i.USBH_MSC_Config   USB_CM3.lib(usbh_msc.o)
    0x0002f588   0x00000060   Code   RO         4313    i.USBH_MSC_DoPing   USB_CM3.lib(usbh_msc.o)
    0x0002f5e8   0x00000038   Code   RO         4314    i.USBH_MSC_GetLastError  USB_CM3.lib(usbh_msc.o)
    0x0002f620   0x00000130   Code   RO         4315    i.USBH_MSC_GetMaxLUN  USB_CM3.lib(usbh_msc.o)
    0x0002f750   0x0000010c   Code   RO         4316    i.USBH_MSC_Init     USB_CM3.lib(usbh_msc.o)
    0x0002f85c   0x000001e0   Code   RO         4317    i.USBH_MSC_Inquiry  USB_CM3.lib(usbh_msc.o)
    0x0002fa3c   0x0000002e   Code   RO         4318    i.USBH_MSC_MemAlloc  USB_CM3.lib(usbh_msc.o)
    0x0002fa6a   0x0000002a   Code   RO         4319    i.USBH_MSC_MemFree  USB_CM3.lib(usbh_msc.o)
    0x0002fa94   0x00000260   Code   RO         4320    i.USBH_MSC_Read10   USB_CM3.lib(usbh_msc.o)
    0x0002fcf4   0x000001fc   Code   RO         4321    i.USBH_MSC_ReadCapacity  USB_CM3.lib(usbh_msc.o)
    0x0002fef0   0x000001e0   Code   RO         4322    i.USBH_MSC_RequestSense  USB_CM3.lib(usbh_msc.o)
    0x000300d0   0x00000020   Code   RO         4323    i.USBH_MSC_SetLastError  USB_CM3.lib(usbh_msc.o)
    0x000300f0   0x00000194   Code   RO         4324    i.USBH_MSC_TestUnitReady  USB_CM3.lib(usbh_msc.o)
    0x00030284   0x00000088   Code   RO         4325    i.USBH_MSC_Transfer  USB_CM3.lib(usbh_msc.o)
    0x0003030c   0x0000008c   Code   RO         4326    i.USBH_MSC_UnConfig  USB_CM3.lib(usbh_msc.o)
    0x00030398   0x00000028   Code   RO         4327    i.USBH_MSC_UnInit   USB_CM3.lib(usbh_msc.o)
    0x000303c0   0x000002c0   Code   RO         4328    i.USBH_MSC_Write10  USB_CM3.lib(usbh_msc.o)
    0x00030680   0x00000028   Code   RO         4266    i.USBH_MemAlloc     USB_CM3.lib(usbh_core.o)
    0x000306a8   0x00000022   Code   RO         4267    i.USBH_MemFree      USB_CM3.lib(usbh_core.o)
    0x000306ca   0x00000002   PAD
    0x000306cc   0x0000000c   Code   RO         4356    i.USBH_OHCI_Delay_ms  USB_CM3.lib(usbh_ohci.o)
    0x000306d8   0x0000001a   Code   RO         4357    i.USBH_OHCI_ED_Clear  USB_CM3.lib(usbh_ohci.o)
    0x000306f2   0x00000010   Code   RO         4358    i.USBH_OHCI_ED_FindLast  USB_CM3.lib(usbh_ohci.o)
    0x00030702   0x00000002   PAD
    0x00030704   0x00000090   Code   RO         4359    i.USBH_OHCI_ED_IntFindSlot  USB_CM3.lib(usbh_ohci.o)
    0x00030794   0x0000009c   Code   RO         4360    i.USBH_OHCI_ED_Start  USB_CM3.lib(usbh_ohci.o)
    0x00030830   0x000000a8   Code   RO         4361    i.USBH_OHCI_ED_Stop  USB_CM3.lib(usbh_ohci.o)
    0x000308d8   0x0000013c   Code   RO         4362    i.USBH_OHCI_EP_Add  USB_CM3.lib(usbh_ohci.o)
    0x00030a14   0x00000098   Code   RO         4363    i.USBH_OHCI_EP_Config  USB_CM3.lib(usbh_ohci.o)
    0x00030aac   0x0000018c   Code   RO         4364    i.USBH_OHCI_EP_Remove  USB_CM3.lib(usbh_ohci.o)
    0x00030c38   0x00000078   Code   RO         4365    i.USBH_OHCI_Get_Connect  USB_CM3.lib(usbh_ohci.o)
    0x00030cb0   0x0000000c   Code   RO         4366    i.USBH_OHCI_Get_Speed  USB_CM3.lib(usbh_ohci.o)
    0x00030cbc   0x0000016c   Code   RO         4367    i.USBH_OHCI_IRQHandler  USB_CM3.lib(usbh_ohci.o)
    0x00030e28   0x000001bc   Code   RO         4368    i.USBH_OHCI_Init    USB_CM3.lib(usbh_ohci.o)
    0x00030fe4   0x00000014   Code   RO         4369    i.USBH_OHCI_Pins_Config  USB_CM3.lib(usbh_ohci.o)
    0x00030ff8   0x00000038   Code   RO         4370    i.USBH_OHCI_Port_Power  USB_CM3.lib(usbh_ohci.o)
    0x00031030   0x00000030   Code   RO         4371    i.USBH_OHCI_Port_Reset  USB_CM3.lib(usbh_ohci.o)
    0x00031060   0x0000000e   Code   RO         4372    i.USBH_OHCI_TDURB_Clear  USB_CM3.lib(usbh_ohci.o)
    0x0003106e   0x00000002   PAD
    0x00031070   0x0000002c   Code   RO         4373    i.USBH_OHCI_TDURB_FindFree  USB_CM3.lib(usbh_ohci.o)
    0x0003109c   0x00000038   Code   RO         4374    i.USBH_OHCI_TDURB_FindTD  USB_CM3.lib(usbh_ohci.o)
    0x000310d4   0x00000034   Code   RO         4375    i.USBH_OHCI_TDURB_FindURB  USB_CM3.lib(usbh_ohci.o)
    0x00031108   0x00000012   Code   RO         4376    i.USBH_OHCI_TD_Clear  USB_CM3.lib(usbh_ohci.o)
    0x0003111a   0x00000002   PAD
    0x0003111c   0x00000058   Code   RO         4377    i.USBH_OHCI_TD_Dequeue  USB_CM3.lib(usbh_ohci.o)
    0x00031174   0x000000a4   Code   RO         4378    i.USBH_OHCI_TD_Enqueue  USB_CM3.lib(usbh_ohci.o)
    0x00031218   0x00000064   Code   RO         4379    i.USBH_OHCI_URB_Cancel  USB_CM3.lib(usbh_ohci.o)
    0x0003127c   0x00000048   Code   RO         4380    i.USBH_OHCI_URB_Submit  USB_CM3.lib(usbh_ohci.o)
    0x000312c4   0x000000b0   Code   RO         4268    i.USBH_SetAddress   USB_CM3.lib(usbh_core.o)
    0x00031374   0x000000b0   Code   RO         4269    i.USBH_SetConfiguration  USB_CM3.lib(usbh_core.o)
    0x00031424   0x00000014   Code   RO         4273    i.USBH_SetLastError  USB_CM3.lib(usbh_core.o)
    0x00031438   0x00000090   Code   RO         4275    i.USBH_Transfer     USB_CM3.lib(usbh_core.o)
    0x000314c8   0x0000021c   Code   RO         4276    i.USBH_UninitDevices  USB_CM3.lib(usbh_core.o)
    0x000316e4   0x00000104   Code   RO         2590    i._ZN6IICCls9InterruptEv  iic0.o
    0x000317e8   0x000000c0   Code   RO         2276    i._ZN6RtcCls9InterruptEv  rtc.o
    0x000318a8   0x00000094   Code   RO         2020    i._ZN7UartCls9InterruptEv  uart0.o
    0x0003193c   0x000000a8   Code   RO         2738    i._ZN8PulseCls12RitInterruptEv  pulse.o
    0x000319e4   0x000000e0   Code   RO         2073    i._ZN8Uart1Cls9InterruptEv  uart1.o
    0x00031ac4   0x000000e4   Code   RO         2105    i._ZN8Uart2Cls9InterruptEv  uart2 .o
    0x00031ba8   0x000000c8   Code   RO         2141    i._ZN8Uart3Cls9InterruptEv  uart3.o
    0x00031c70   0x00000224   Code   RO          346    i._ZN9CanBusCls9InterruptEv  can.o
    0x00031e94   0x0000073c   Code   RO          441    i._ZN9SystemCls13LoadInitValueEv  usersys.o
    0x000325d0   0x00000234   Code   RO          447    i._ZN9SystemCls4InitEv  usersys.o
    0x00032804   0x00000004   Code   RO         2282    i._ZSt6strstrPcPKc  rtc.o
    0x00032808   0x00000054   Code   RO         4417    i.__sys_close       FS_CM3.lib(fs_sys.o)
    0x0003285c   0x00000048   Code   RO         4418    i.__sys_ensure      FS_CM3.lib(fs_sys.o)
    0x000328a4   0x00000040   Code   RO         4419    i.__sys_flen        FS_CM3.lib(fs_sys.o)
    0x000328e4   0x000001b0   Code   RO         4420    i.__sys_open        FS_CM3.lib(fs_sys.o)
    0x00032a94   0x00000060   Code   RO         4421    i.__sys_read        FS_CM3.lib(fs_sys.o)
    0x00032af4   0x00000048   Code   RO         4422    i.__sys_seek        FS_CM3.lib(fs_sys.o)
    0x00032b3c   0x00000058   Code   RO         4423    i.__sys_write       FS_CM3.lib(fs_sys.o)
    0x00032b94   0x0000000e   Code   RO         4691    i._is_digit         c_w.l(__printf_wp.o)
    0x00032ba2   0x00000112   Code   RO         4458    i.alloc_name        FS_CM3.lib(fs_fat.o)
    0x00032cb4   0x0000004a   Code   RO         4459    i.alloc_new_clus    FS_CM3.lib(fs_fat.o)
    0x00032cfe   0x00000092   Code   RO         4460    i.cache_fat         FS_CM3.lib(fs_fat.o)
    0x00032d90   0x00000070   Code   RO         4461    i.check_lfn         FS_CM3.lib(fs_fat.o)
    0x00032e00   0x00000006   Code   RO         4462    i.check_name        FS_CM3.lib(fs_fat.o)
    0x00032e06   0x00000002   PAD
    0x00032e08   0x000000b0   Code   RO         4463    i.chk_dir_empty     FS_CM3.lib(fs_fat.o)
    0x00032eb8   0x0000003c   Code   RO         4464    i.clear_clus        FS_CM3.lib(fs_fat.o)
    0x00032ef4   0x0000001a   Code   RO         4465    i.clus_to_sect      FS_CM3.lib(fs_fat.o)
    0x00032f0e   0x0000010a   Code   RO         4466    i.count_free_clus   FS_CM3.lib(fs_fat.o)
    0x00033018   0x00000088   Code   RO         4467    i.create_entry      FS_CM3.lib(fs_fat.o)
    0x000330a0   0x00000148   Code   RO         4468    i.create_lfn_entry  FS_CM3.lib(fs_fat.o)
    0x000331e8   0x000001c2   Code   RO         4469    i.create_sfn_entry  FS_CM3.lib(fs_fat.o)
    0x000333aa   0x0000009e   Code   RO         4470    i.cvt_fatname       FS_CM3.lib(fs_fat.o)
    0x00033448   0x0000009a   Code   RO         4471    i.delete_entries    FS_CM3.lib(fs_fat.o)
    0x000334e2   0x00000056   Code   RO         4472    i.fat_create        FS_CM3.lib(fs_fat.o)
    0x00033538   0x00000086   Code   RO         4473    i.fat_delete        FS_CM3.lib(fs_fat.o)
    0x000335be   0x00000044   Code   RO         4474    i.fat_ffind         FS_CM3.lib(fs_fat.o)
    0x00033602   0x0000004c   Code   RO         4475    i.fat_find          FS_CM3.lib(fs_fat.o)
    0x0003364e   0x00000084   Code   RO         4476    i.fat_find_dir      FS_CM3.lib(fs_fat.o)
    0x000336d2   0x00000002   PAD
    0x000336d4   0x000003bc   Code   RO         4477    i.fat_format        FS_CM3.lib(fs_fat.o)
    0x00033a90   0x00000032   Code   RO         4478    i.fat_free          FS_CM3.lib(fs_fat.o)
    0x00033ac2   0x00000148   Code   RO         4479    i.fat_init          FS_CM3.lib(fs_fat.o)
    0x00033c0a   0x000000b4   Code   RO         4482    i.fat_read          FS_CM3.lib(fs_fat.o)
    0x00033cbe   0x00000090   Code   RO         4483    i.fat_rename        FS_CM3.lib(fs_fat.o)
    0x00033d4e   0x0000007a   Code   RO         4484    i.fat_seek          FS_CM3.lib(fs_fat.o)
    0x00033dc8   0x000000f6   Code   RO         4485    i.fat_wclose        FS_CM3.lib(fs_fat.o)
    0x00033ebe   0x00000114   Code   RO         4486    i.fat_write         FS_CM3.lib(fs_fat.o)
    0x00033fd2   0x00000002   PAD
    0x00033fd4   0x00000080   Code   RO         4434    i.fdelete           FS_CM3.lib(fs_mapi.o)
    0x00034054   0x000001b8   Code   RO         4435    i.ffind             FS_CM3.lib(fs_mapi.o)
    0x0003420c   0x00000080   Code   RO         4436    i.fformat           FS_CM3.lib(fs_mapi.o)
    0x0003428c   0x0000004c   Code   RO         4437    i.ffree             FS_CM3.lib(fs_mapi.o)
    0x000342d8   0x00000006   Code   RO         4487    i.find_name         FS_CM3.lib(fs_fat.o)
    0x000342de   0x00000002   PAD
    0x000342e0   0x0000007c   Code   RO         4438    i.finit             FS_CM3.lib(fs_mapi.o)
    0x0003435c   0x0000001a   Code   RO         4912    i.fputc             c_w.l(fputc.o)
    0x00034376   0x00000002   PAD
    0x00034378   0x000000cc   Code   RO         4439    i.frename           FS_CM3.lib(fs_mapi.o)
    0x00034444   0x00000060   Code   RO         4440    i.fs_cfg_drv        FS_CM3.lib(fs_mapi.o)
    0x000344a4   0x0000002e   Code   RO         4612    i.fs_chk_media      FS_CM3.lib(fs_lib.o)
    0x000344d2   0x00000024   Code   RO         4613    i.fs_dir            FS_CM3.lib(fs_lib.o)
    0x000344f6   0x00000002   PAD
    0x000344f8   0x00000038   Code   RO         4614    i.fs_find_iob       FS_CM3.lib(fs_lib.o)
    0x00034530   0x00000008   Code   RO         4627    i.fs_get_date       FS_CM3.lib(fs_time.o)
    0x00034538   0x00000006   Code   RO         4628    i.fs_get_time       FS_CM3.lib(fs_time.o)
    0x0003453e   0x00000002   PAD
    0x00034540   0x00000054   Code   RO         4615    i.fs_lock           FS_CM3.lib(fs_lib.o)
    0x00034594   0x00000078   Code   RO         4616    i.fs_map_drive      FS_CM3.lib(fs_lib.o)
    0x0003460c   0x0000001a   Code   RO         4618    i.fs_strpos         FS_CM3.lib(fs_lib.o)
    0x00034626   0x00000002   PAD
    0x00034628   0x00000094   Code   RO         4441    i.funinit           FS_CM3.lib(fs_mapi.o)
    0x000346bc   0x00000024   Code   RO         4488    i.get_EOC           FS_CM3.lib(fs_fat.o)
    0x000346e0   0x000000b0   Code   RO         4490    i.get_bootrec       FS_CM3.lib(fs_fat.o)
    0x00034790   0x0000002c   Code   RO         4491    i.get_date          FS_CM3.lib(fs_fat.o)
    0x000347bc   0x0000002c   Code   RO         4492    i.get_dir_sect      FS_CM3.lib(fs_fat.o)
    0x000347e8   0x00000032   Code   RO         4493    i.get_fat_sect      FS_CM3.lib(fs_fat.o)
    0x0003481a   0x00000002   PAD
    0x0003481c   0x000000dc   Code   RO         4495    i.get_free_clus     FS_CM3.lib(fs_fat.o)
    0x000348f8   0x00000080   Code   RO         4496    i.get_fsinfo        FS_CM3.lib(fs_fat.o)
    0x00034978   0x000001c0   Code   RO         4497    i.get_next_info     FS_CM3.lib(fs_fat.o)
    0x00034b38   0x00000190   Code   RO         4498    i.get_nt_name       FS_CM3.lib(fs_fat.o)
    0x00034cc8   0x0000002a   Code   RO         4499    i.get_param         FS_CM3.lib(fs_fat.o)
    0x00034cf2   0x00000030   Code   RO         4500    i.get_time          FS_CM3.lib(fs_fat.o)
    0x00034d22   0x0000000a   Code   RO         4501    i.get_u16           FS_CM3.lib(fs_fat.o)
    0x00034d2c   0x00000016   Code   RO         4502    i.get_u32           FS_CM3.lib(fs_fat.o)
    0x00034d42   0x000000ce   Code   RO         4442    i.init_drv          FS_CM3.lib(fs_mapi.o)
    0x00034e10   0x00000038   Code   RO         4503    i.is_EOC            FS_CM3.lib(fs_fat.o)
    0x00034e48   0x0000001e   Code   RO         4512    i.lfn_calc_chksum   FS_CM3.lib(fs_fat.o)
    0x00034e66   0x0000007a   Code   RO         4513    i.read_cache        FS_CM3.lib(fs_fat.o)
    0x00034ee0   0x00000036   Code   RO         4514    i.read_last_entry   FS_CM3.lib(fs_fat.o)
    0x00034f16   0x00000052   Code   RO         4515    i.read_sector       FS_CM3.lib(fs_fat.o)
    0x00034f68   0x00000078   Code   RO         4516    i.rename_entries    FS_CM3.lib(fs_fat.o)
    0x00034fe0   0x00000220   Code   RO         4517    i.search_for_name   FS_CM3.lib(fs_fat.o)
    0x00035200   0x0000008c   Code   RO         4518    i.set_next_clus     FS_CM3.lib(fs_fat.o)
    0x0003528c   0x00000008   Code   RO         4519    i.set_u16           FS_CM3.lib(fs_fat.o)
    0x00035294   0x00000010   Code   RO         4520    i.set_u32           FS_CM3.lib(fs_fat.o)
    0x000352a4   0x00000024   Code   RO         4521    i.sfn_cmp_name      FS_CM3.lib(fs_fat.o)
    0x000352c8   0x0000004c   Code   RO         4802    i.sqrt              m_ws.l(sqrt.o)
    0x00035314   0x00000052   Code   RO         4443    i.uninit_drv        FS_CM3.lib(fs_mapi.o)
    0x00035366   0x0000013a   Code   RO         4523    i.unlink_clus_chain  FS_CM3.lib(fs_fat.o)
    0x000354a0   0x00000130   Code   RO         4277    i.usbh_engine       USB_CM3.lib(usbh_core.o)
    0x000355d0   0x00000090   Code   RO         4280    i.usbh_init         USB_CM3.lib(usbh_core.o)
    0x00035660   0x00000044   Code   RO         4409    i.usbh_mem_alloc    USB_CM3.lib(usbh_mem.o)
    0x000356a4   0x0000003c   Code   RO         4410    i.usbh_mem_free     USB_CM3.lib(usbh_mem.o)
    0x000356e0   0x00000040   Code   RO         4411    i.usbh_mem_init     USB_CM3.lib(usbh_mem.o)
    0x00035720   0x0000003a   Code   RO         4329    i.usbh_msc_read     USB_CM3.lib(usbh_msc.o)
    0x0003575a   0x00000002   PAD
    0x0003575c   0x00000098   Code   RO         4330    i.usbh_msc_read_config  USB_CM3.lib(usbh_msc.o)
    0x000357f4   0x0000004c   Code   RO         4331    i.usbh_msc_status   USB_CM3.lib(usbh_msc.o)
    0x00035840   0x0000003a   Code   RO         4332    i.usbh_msc_write    USB_CM3.lib(usbh_msc.o)
    0x0003587a   0x00000002   PAD
    0x0003587c   0x00000068   Code   RO         4282    i.usbh_uninit       USB_CM3.lib(usbh_core.o)
    0x000358e4   0x00000012   Code   RO         4524    i.val_char          FS_CM3.lib(fs_fat.o)
    0x000358f6   0x0000003c   Code   RO         4525    i.val_char_sn       FS_CM3.lib(fs_fat.o)
    0x00035932   0x00000002   PAD
    0x00035934   0x000001d8   Code   RO         4526    i.write_br          FS_CM3.lib(fs_fat.o)
    0x00035b0c   0x0000009c   Code   RO         4527    i.write_cache       FS_CM3.lib(fs_fat.o)
    0x00035ba8   0x00000104   Code   RO         4528    i.write_dot_entries  FS_CM3.lib(fs_fat.o)
    0x00035cac   0x000000e8   Code   RO         4529    i.write_fat_link    FS_CM3.lib(fs_fat.o)
    0x00035d94   0x00000068   Code   RO         4530    i.write_fsinfo      FS_CM3.lib(fs_fat.o)
    0x00035dfc   0x0000007e   Code   RO         4531    i.write_label       FS_CM3.lib(fs_fat.o)
    0x00035e7a   0x00000002   PAD
    0x00035e7c   0x000000c0   Code   RO         4532    i.write_mbr         FS_CM3.lib(fs_fat.o)
    0x00035f3c   0x00000030   Code   RO         4533    i.write_sector      FS_CM3.lib(fs_fat.o)
    0x00035f6c   0x0000002c   Code   RO         5056    locale$$code        c_w.l(lc_ctype_c.o)
    0x00035f98   0x00000150   Code   RO         4773    x$fpl$dadd          fz_ws.l(daddsub_clz.o)
    0x000360e8   0x00000018   Code   RO         4974    x$fpl$dcmpinf       fz_ws.l(dcmpi.o)
    0x00036100   0x000002b0   Code   RO         4780    x$fpl$ddiv          fz_ws.l(ddiv.o)
    0x000363b0   0x0000005e   Code   RO         4783    x$fpl$dfix          fz_ws.l(dfix.o)
    0x0003640e   0x00000002   PAD
    0x00036410   0x0000005a   Code   RO         4787    x$fpl$dfixu         fz_ws.l(dfixu.o)
    0x0003646a   0x0000002e   Code   RO         4792    x$fpl$dflt          fz_ws.l(dflt_clz.o)
    0x00036498   0x00000026   Code   RO         4791    x$fpl$dfltu         fz_ws.l(dflt_clz.o)
    0x000364be   0x00000002   PAD
    0x000364c0   0x00000078   Code   RO         4797    x$fpl$dleqf         fz_ws.l(dleqf.o)
    0x00036538   0x00000154   Code   RO         4799    x$fpl$dmul          fz_ws.l(dmul.o)
    0x0003668c   0x0000009c   Code   RO         4976    x$fpl$dnaninf       fz_ws.l(dnaninf.o)
    0x00036728   0x0000000c   Code   RO         4978    x$fpl$dretinf       fz_ws.l(dretinf.o)
    0x00036734   0x00000016   Code   RO         4774    x$fpl$drsb          fz_ws.l(daddsub_clz.o)
    0x0003674a   0x00000002   PAD
    0x0003674c   0x000001cc   Code   RO         4980    x$fpl$dsqrt         fz_ws.l(dsqrt_noumaal.o)
    0x00036918   0x000001d4   Code   RO         4775    x$fpl$dsub          fz_ws.l(daddsub_clz.o)
    0x00036aec   0x0000000e   Code   RO         5165    x$fpl$fpinit        fz_ws.l(fpinit.o)
    0x00036afa   0x00000002   PAD
    0x00036afc   0x00000004   Data   RO           60    .constdata          rtx_conf_cm.o
    0x00036b00   0x00000004   Data   RO           61    .constdata          rtx_conf_cm.o
    0x00036b04   0x00000004   Data   RO           62    .constdata          rtx_conf_cm.o
    0x00036b08   0x00000008   Data   RO           64    .constdata          rtx_conf_cm.o
    0x00036b10   0x00000004   Data   RO           66    .constdata          rtx_conf_cm.o
    0x00036b14   0x00000001   Data   RO          105    .constdata          usb_config.o
    0x00036b15   0x00000001   Data   RO          106    .constdata          usb_config.o
    0x00036b16   0x00000001   Data   RO          107    .constdata          usb_config.o
    0x00036b17   0x00000001   PAD
    0x00036b18   0x00000002   Data   RO          169    .constdata          file_config.o
    0x00036b1a   0x00000002   Data   RO          170    .constdata          file_config.o
    0x00036b1c   0x00000008   Data   RO          171    .constdata          file_config.o
    0x00036b24   0x00000044   Data   RO          332    .constdata          can.o
    0x00036b68   0x00000010   Data   RO          423    .constdata          usersys.o
    0x00036b78   0x00000066   Data   RO          424    .constdata          usersys.o
    0x00036bde   0x00000200   Data   RO          612    .constdata          algol.o
    0x00036dde   0x00001452   Data   RO          949    .constdata          keydisp.o
    0x00038230   0x0000021d   Data   RO         1194    .constdata          taskuart0.o
    0x0003844d   0x000002c0   Data   RO         1447    .constdata          print.o
    0x0003870d   0x00000003   PAD
    0x00038710   0x0000013e   Data   RO         1593    .constdata          switch.o
    0x0003884e   0x00000002   PAD
    0x00038850   0x00000028   Data   RO         2229    .constdata          dff_25xxx.o
    0x00038878   0x0000008a   Data   RO         2261    .constdata          rtc.o
    0x00038902   0x00000002   PAD
    0x00038904   0x00000093   Data   RO         2425    .constdata          adc.o
    0x00038997   0x00000600   Data   RO         2540    .constdata          led_e308.o
    0x00038f97   0x00001230   Data   RO         2659    .constdata          ascii_code24dot.o
    0x0003a1c7   0x00003a1d   Data   RO         2681    .constdata          cn_code24dot.o
    0x0003dbe4   0x00000018   Data   RO         2791    .constdata          fs_usbh_msc.o
    0x0003dbfc   0x00000054   Data   RO         2808    .constdata          msd_sd_file.o
    0x0003dc50   0x00000029   Data   RO         2862    .constdata          serial_for_usb.o
    0x0003dc79   0x00000006   Data   RO         2950    .constdata          retarget.o
    0x0003dc7f   0x00000007   Data   RO         2951    .constdata          retarget.o
    0x0003dc86   0x00000007   Data   RO         2952    .constdata          retarget.o
    0x0003dc8d   0x00000003   PAD
    0x0003dc90   0x00000096   Data   RO         2990    .constdata          gps.o
    0x0003dd26   0x00000740   Data   RO         3145    .constdata          atcmd.o
    0x0003e466   0x00000002   PAD
    0x0003e468   0x0000004a   Data   RO         3530    .constdata          gsm_gprs.o
    0x0003e4b2   0x0000006f   Data   RO         3594    .constdata          gprs_cmd.o
    0x0003e521   0x00000033   Data   RO         3758    .constdata          gsm_gprs_send.o
    0x0003e554   0x00000020   Data   RO         4381    .constdata          USB_CM3.lib(usbh_ohci.o)
    0x0003e574   0x000000a9   Data   RO         4534    .constdata          FS_CM3.lib(fs_fat.o)
    0x0003e61d   0x00000028   Data   RO         4670    .constdata          c_w.l(_printf_hex_ptr.o)
    0x0003e645   0x00000011   Data   RO         4699    .constdata          c_w.l(__printf_flags_ss_wp.o)
    0x0003e656   0x00000002   PAD
    0x0003e658   0x00000040   Data   RO         5203    Region$$Table       anon$$obj.o
    0x0003e698   0x00000110   Data   RO         5055    locale$$data        c_w.l(lc_ctype_c.o)
    0x0003e7a8   0x00000004   Data   RO          204    .init_array         taskcan.o
    0x0003e7ac   0x00000004   Data   RO          427    .init_array         usersys.o
    0x0003e7b0   0x00000004   Data   RO          967    .init_array         keydisp.o
    0x0003e7b4   0x00000004   Data   RO         1096    .init_array         speed.o
    0x0003e7b8   0x00000004   Data   RO         1449    .init_array         print.o
    0x0003e7bc   0x00000004   Data   RO         1545    .init_array         pwm.o
    0x0003e7c0   0x00000004   Data   RO         1596    .init_array         switch.o
    0x0003e7c4   0x00000004   Data   RO         1716    .init_array         camera.o
    0x0003e7c8   0x00000004   Data   RO         1853    .init_array         recordmodel.o
    0x0003e7cc   0x00000004   Data   RO         2006    .init_array         uart0.o
    0x0003e7d0   0x00000004   Data   RO         2059    .init_array         uart1.o
    0x0003e7d4   0x00000004   Data   RO         2091    .init_array         uart2 .o
    0x0003e7d8   0x00000004   Data   RO         2127    .init_array         uart3.o
    0x0003e7dc   0x00000004   Data   RO         2169    .init_array         dfe_25xxx.o
    0x0003e7e0   0x00000004   Data   RO         2234    .init_array         dff_25xxx.o
    0x0003e7e4   0x00000004   Data   RO         2262    .init_array         rtc.o
    0x0003e7e8   0x00000004   Data   RO         2382    .init_array         spi0.o
    0x0003e7ec   0x00000004   Data   RO         2426    .init_array         adc.o
    0x0003e7f0   0x00000004   Data   RO         2477    .init_array         timer2.o
    0x0003e7f4   0x00000004   Data   RO         2543    .init_array         led_e308.o
    0x0003e7f8   0x00000004   Data   RO         2576    .init_array         iic0.o
    0x0003e7fc   0x00000004   Data   RO         2698    .init_array         ssp0.o
    0x0003e800   0x00000004   Data   RO         2724    .init_array         pulse.o
    0x0003e804   0x00000004   Data   RO         2995    .init_array         gps.o
    0x0003e808   0x00000004   Data   RO         3546    .init_array         gsm_gprs.o


    Execution Region RW_IRAM1 (Base: 0x10000000, Size: 0x00007298, Max: 0x00008000, ABSOLUTE, COMPRESSED[0x0000004c])

    Base Addr    Size         Type   Attr      Idx    E Section Name        Object

    0x10000000   0x00000004   Data   RW           69    .data               rtx_conf_cm.o
    0x10000004   0x00000004   Data   RW          108    .data               usb_config.o
    0x10000008   0x00000004   Data   RW          110    .data               usb_config.o
    0x1000000c   0x00000008   Data   RW          333    .data               can.o
    0x10000014   0x00000004   Data   RW          613    .data               algol.o
    0x10000018   0x00000002   Data   RW          704    .data               main.o
    0x1000001a   0x00000008   Data   RW          705    .data               main.o
    0x10000022   0x00000004   Data   RW          706    .data               main.o
    0x10000026   0x00000008   Data   RW          709    .data               main.o
    0x1000002e   0x00000001   Data   RW          712    .data               main.o
    0x1000002f   0x00000001   PAD
    0x10000030   0x00000004   Data   RW          715    .data               main.o
    0x10000034   0x00000001   Data   RW          717    .data               main.o
    0x10000035   0x00000001   Data   RW          720    .data               main.o
    0x10000036   0x00000002   Data   RW          725    .data               main.o
    0x10000038   0x00000004   Data   RW          727    .data               main.o
    0x1000003c   0x00000001   Data   RW          734    .data               main.o
    0x1000003d   0x00000001   Data   RW          736    .data               main.o
    0x1000003e   0x00000001   Data   RW          738    .data               main.o
    0x1000003f   0x00000001   Data   RW          740    .data               main.o
    0x10000040   0x00000004   Data   RW          744    .data               main.o
    0x10000044   0x00000004   Data   RW          746    .data               main.o
    0x10000048   0x00000005   Data   RW          759    .data               main.o
    0x1000004d   0x00000008   Data   RW          760    .data               main.o
    0x10000055   0x00000001   Data   RW          768    .data               main.o
    0x10000056   0x00000002   Data   RW          769    .data               main.o
    0x10000058   0x00000001   Data   RW          785    .data               main.o
    0x10000059   0x00000001   Data   RW          791    .data               main.o
    0x1000005a   0x00000001   Data   RW          796    .data               main.o
    0x1000005b   0x00000001   Data   RW          803    .data               main.o
    0x1000005c   0x00000008   Data   RW          806    .data               main.o
    0x10000064   0x00000001   Data   RW          808    .data               main.o
    0x10000065   0x00000001   PAD
    0x10000066   0x00000002   Data   RW          810    .data               main.o
    0x10000068   0x00000001   Data   RW          814    .data               main.o
    0x10000069   0x00000001   Data   RW          816    .data               main.o
    0x1000006a   0x00000001   Data   RW          818    .data               main.o
    0x1000006b   0x00000001   Data   RW          820    .data               main.o
    0x1000006c   0x00000001   Data   RW          822    .data               main.o
    0x1000006d   0x00000001   Data   RW          824    .data               main.o
    0x1000006e   0x00000001   Data   RW          826    .data               main.o
    0x1000006f   0x00000001   Data   RW          828    .data               main.o
    0x10000070   0x00000001   Data   RW          833    .data               main.o
    0x10000071   0x00000003   PAD
    0x10000074   0x00000004   Data   RW          835    .data               main.o
    0x10000078   0x00000001   Data   RW          836    .data               main.o
    0x10000079   0x00000001   Data   RW          839    .data               main.o
    0x1000007a   0x00000002   Data   RW          843    .data               main.o
    0x1000007c   0x00000002   Data   RW          845    .data               main.o
    0x1000007e   0x00000001   Data   RW          846    .data               main.o
    0x1000007f   0x00000001   PAD
    0x10000080   0x00000004   Data   RW          849    .data               main.o
    0x10000084   0x00000001   Data   RW          851    .data               main.o
    0x10000085   0x00000001   Data   RW          855    .data               main.o
    0x10000086   0x00000001   Data   RW          857    .data               main.o
    0x10000087   0x00000001   Data   RW          859    .data               main.o
    0x10000088   0x00000001   Data   RW          861    .data               main.o
    0x10000089   0x00000001   PAD
    0x1000008a   0x00000002   Data   RW          862    .data               main.o
    0x1000008c   0x00000001   Data   RW          864    .data               main.o
    0x1000008d   0x00000003   PAD
    0x10000090   0x00000004   Data   RW          866    .data               main.o
    0x10000094   0x00000001   Data   RW          867    .data               main.o
    0x10000095   0x00000001   Data   RW          869    .data               main.o
    0x10000096   0x00000001   Data   RW          872    .data               main.o
    0x10000097   0x00000001   Data   RW          875    .data               main.o
    0x10000098   0x00000004   Data   RW          877    .data               main.o
    0x1000009c   0x00000001   Data   RW          879    .data               main.o
    0x1000009d   0x00000001   PAD
    0x1000009e   0x00000002   Data   RW          883    .data               main.o
    0x100000a0   0x00000002   Data   RW          885    .data               main.o
    0x100000a2   0x00000001   Data   RW          887    .data               main.o
    0x100000a3   0x00000001   Data   RW          889    .data               main.o
    0x100000a4   0x00000001   Data   RW          891    .data               main.o
    0x100000a5   0x00000001   Data   RW          893    .data               main.o
    0x100000a6   0x00000001   Data   RW          895    .data               main.o
    0x100000a7   0x00000001   Data   RW          897    .data               main.o
    0x100000a8   0x00000001   Data   RW          899    .data               main.o
    0x100000a9   0x00000001   Data   RW          966    .data               keydisp.o
    0x100000aa   0x00000002   PAD
    0x100000ac   0x0000000c   Data   RW         1851    .data               recordmodel.o
    0x100000b8   0x00000004   Data   RW         2001    .data               uart0.o
    0x100000bc   0x00000001   Data   RW         2002    .data               uart0.o
    0x100000bd   0x00000003   PAD
    0x100000c0   0x00000008   Data   RW         2167    .data               dfe_25xxx.o
    0x100000c8   0x00000001   Data   RW         2723    .data               pulse.o
    0x100000c9   0x00000003   PAD
    0x100000cc   0x00000004   Data   RW         2926    .data               usbh_ohci_lpc17xx.o
    0x100000d0   0x00000008   Data   RW         2928    .data               usbh_ohci_lpc17xx.o
    0x100000d8   0x00000001   Data   RW         2993    .data               gps.o
    0x100000d9   0x00000003   PAD
    0x100000dc   0x00000026   Data   RW         3245    .data               bb_gprs_cmd.o
    0x10000102   0x00000002   PAD
    0x10000104   0x00000008   Data   RW         3484    .data               th_gprs_cmd.o
    0x1000010c   0x0000000b   Data   RW         3542    .data               gsm_gprs.o
    0x10000117   0x00000001   PAD
    0x10000118   0x00000002   Data   RW         3543    .data               gsm_gprs.o
    0x1000011a   0x00000001   Data   RW         3544    .data               gsm_gprs.o
    0x1000011b   0x00000006   Data   RW         3706    .data               gprs_alig.o
    0x10000121   0x00000004   Data   RW         3930    .data               kionix_kxtf9_common.o
    0x10000125   0x00000001   Data   RW         4026    .data               hal_cm3.o
    0x10000126   0x00000002   PAD
    0x10000128   0x00000008   Data   RW         4120    .data               rt_robin.o
    0x10000130   0x00000008   Data   RW         4206    .data               rt_task.o
    0x10000138   0x00000002   Data   RW         4235    .data               rt_system.o
    0x1000013a   0x00000002   PAD
    0x1000013c   0x0000003c   Data   RW         4382    .data               USB_CM3.lib(usbh_ohci.o)
    0x10000178   0x00000010   Data   RW         4383    .data               USB_CM3.lib(usbh_ohci.o)
    0x10000188   0x00000004   Data   RW         4924    .data               c_w.l(stdio_streams.o)
    0x1000018c   0x00000004   Data   RW         4926    .data               c_w.l(stdio_streams.o)
    0x10000190   0x0000024c   Zero   RW           53    .bss                rtx_conf_cm.o
    0x100003dc   0x00000018   Zero   RW           98    .bss                usb_config.o
    0x100003f4   0x0000000c   Zero   RW           99    .bss                usb_config.o
    0x10000400   0x00000980   Zero   RW          168    .bss                file_config.o
    0x10000d80   0x00000016   Zero   RW          664    .bss                main.o
    0x10000d96   0x00000034   Zero   RW          666    .bss                main.o
    0x10000dca   0x00000040   Zero   RW          668    .bss                main.o
    0x10000e0a   0x00000040   Zero   RW          670    .bss                main.o
    0x10000e4a   0x0000000c   Zero   RW          672    .bss                main.o
    0x10000e56   0x00000002   PAD
    0x10000e58   0x0000010c   Zero   RW          673    .bss                main.o
    0x10000f64   0x000000a8   Zero   RW          674    .bss                main.o
    0x1000100c   0x00000018   Zero   RW          675    .bss                main.o
    0x10001024   0x00000037   Zero   RW          682    .bss                main.o
    0x1000105b   0x00000038   Zero   RW          683    .bss                main.o
    0x10001093   0x00000200   Zero   RW          686    .bss                main.o
    0x10001293   0x00000500   Zero   RW          687    .bss                main.o
    0x10001793   0x000000f9   Zero   RW          688    .bss                main.o
    0x1000188c   0x00000087   Zero   RW          689    .bss                main.o
    0x10001913   0x00000079   Zero   RW          693    .bss                main.o
    0x1000198c   0x00000014   Zero   RW          694    .bss                main.o
    0x100019a0   0x00000012   Zero   RW          697    .bss                main.o
    0x100019b2   0x00000020   Zero   RW          698    .bss                main.o
    0x100019d2   0x00000278   Zero   RW         1093    .bss                speed.o
    0x10001c4a   0x00000023   Zero   RW         1446    .bss                print.o
    0x10001c6d   0x00000003   PAD
    0x10001c70   0x0000000c   Zero   RW         1544    .bss                pwm.o
    0x10001c7c   0x0000002f   Zero   RW         1592    .bss                switch.o
    0x10001cab   0x00000031   Zero   RW         1713    .bss                camera.o
    0x10001cdc   0x00000115   Zero   RW         2227    .bss                dff_25xxx.o
    0x10001df1   0x00000001   Zero   RW         2381    .bss                spi0.o
    0x10001df2   0x000000c6   Zero   RW         2424    .bss                adc.o
    0x10001eb8   0x00000007   Zero   RW         2539    .bss                led_e308.o
    0x10001ebf   0x0000009b   Zero   RW         2572    .bss                iic0.o
    0x10001f5a   0x00000001   Zero   RW         2697    .bss                ssp0.o
    0x10001f5b   0x00000040   Zero   RW         3528    .bss                gsm_gprs.o
    0x10001f9b   0x00000018   Zero   RW         3787    .bss                sms.o
    0x10001fb3   0x00000001   Zero   RW         3788    .bss                sms.o
    0x10001fb4   0x00000030   Zero   RW         4081    .bss                rt_list.o
    0x10001fe4   0x0000001c   PAD
    0x10002000   0x000009c4   Zero   RW          420    .ARM.__AT_0x10002000  usersys.o
    0x100029c4   0x000027d0   Zero   RW          422    .bss                usersys.o
    0x10005194   0x00000396   Zero   RW         2090    .bss                uart2 .o
    0x1000552a   0x00000441   Zero   RW         2126    .bss                uart3.o
    0x1000596b   0x00000001   PAD
    0x1000596c   0x00000080   Zero   RW         3529    .bss                gsm_gprs.o
    0x100059ec   0x000007ac   Zero   RW         3786    .bss                sms.o
    0x10006198   0x00000060   Zero   RW         4634    .bss                c_w.l(libspace.o)
    0x100061f8   0x00000050   Zero   RW         4921    .bss                c_w.l(stdio_streams.o)
    0x10006248   0x00000050   Zero   RW         4923    .bss                c_w.l(stdio_streams.o)
    0x10006298   0x00000800   Zero   RW            2    HEAP                startup_lpc17xx.o
    0x10006a98   0x00000800   Zero   RW            1    STACK               startup_lpc17xx.o


    Execution Region RW_IRAM2 (Base: 0x2007c000, Size: 0x00007a58, Max: 0x00008000, ABSOLUTE, COMPRESSED[0x000000a4])

    Base Addr    Size         Type   Attr      Idx    E Section Name        Object

    0x2007c000   0x00000004   Data   RW           14    .data               system_lpc17xx.o
    0x2007c004   0x00000004   Data   RW           70    .data               rtx_conf_cm.o
    0x2007c008   0x00000004   Data   RW          109    .data               usb_config.o
    0x2007c00c   0x00000001   Data   RW          111    .data               usb_config.o
    0x2007c00d   0x00000003   PAD
    0x2007c010   0x00000001   Data   RW          113    .data               usb_config.o
    0x2007c011   0x00000003   PAD
    0x2007c014   0x00000004   Data   RW          203    .data               taskcan.o
    0x2007c018   0x00000014   Data   RW          426    .data               usersys.o
    0x2007c02c   0x00000008   Data   RW          702    .data               main.o
    0x2007c034   0x00000004   Data   RW          703    .data               main.o
    0x2007c038   0x00000004   Data   RW          707    .data               main.o
    0x2007c03c   0x00000008   Data   RW          708    .data               main.o
    0x2007c044   0x00000008   Data   RW          710    .data               main.o
    0x2007c04c   0x00000001   Data   RW          713    .data               main.o
    0x2007c04d   0x00000001   Data   RW          718    .data               main.o
    0x2007c04e   0x00000002   PAD
    0x2007c050   0x00000004   Data   RW          722    .data               main.o
    0x2007c054   0x00000002   Data   RW          726    .data               main.o
    0x2007c056   0x00000002   PAD
    0x2007c058   0x00000004   Data   RW          728    .data               main.o
    0x2007c05c   0x00000001   Data   RW          729    .data               main.o
    0x2007c05d   0x00000001   Data   RW          735    .data               main.o
    0x2007c05e   0x00000001   Data   RW          737    .data               main.o
    0x2007c05f   0x00000001   Data   RW          739    .data               main.o
    0x2007c060   0x00000001   Data   RW          741    .data               main.o
    0x2007c061   0x00000003   PAD
    0x2007c064   0x00000004   Data   RW          745    .data               main.o
    0x2007c068   0x00000005   Data   RW          754    .data               main.o
    0x2007c06d   0x00000006   Data   RW          758    .data               main.o
    0x2007c073   0x00000007   Data   RW          762    .data               main.o
    0x2007c07a   0x00000008   Data   RW          763    .data               main.o
    0x2007c082   0x00000001   Data   RW          783    .data               main.o
    0x2007c083   0x00000001   Data   RW          787    .data               main.o
    0x2007c084   0x00000001   Data   RW          795    .data               main.o
    0x2007c085   0x00000001   Data   RW          797    .data               main.o
    0x2007c086   0x00000004   Data   RW          798    .data               main.o
    0x2007c08a   0x00000001   Data   RW          804    .data               main.o
    0x2007c08b   0x00000001   PAD
    0x2007c08c   0x00000002   Data   RW          805    .data               main.o
    0x2007c08e   0x00000001   Data   RW          809    .data               main.o
    0x2007c08f   0x00000001   PAD
    0x2007c090   0x00000002   Data   RW          811    .data               main.o
    0x2007c092   0x00000001   Data   RW          815    .data               main.o
    0x2007c093   0x00000001   Data   RW          817    .data               main.o
    0x2007c094   0x00000001   Data   RW          819    .data               main.o
    0x2007c095   0x00000001   Data   RW          821    .data               main.o
    0x2007c096   0x00000001   Data   RW          823    .data               main.o
    0x2007c097   0x00000001   Data   RW          825    .data               main.o
    0x2007c098   0x00000001   Data   RW          827    .data               main.o
    0x2007c099   0x00000001   Data   RW          829    .data               main.o
    0x2007c09a   0x00000001   Data   RW          834    .data               main.o
    0x2007c09b   0x00000001   Data   RW          838    .data               main.o
    0x2007c09c   0x00000001   Data   RW          840    .data               main.o
    0x2007c09d   0x00000003   PAD
    0x2007c0a0   0x00000004   Data   RW          842    .data               main.o
    0x2007c0a4   0x00000002   Data   RW          844    .data               main.o
    0x2007c0a6   0x00000001   Data   RW          848    .data               main.o
    0x2007c0a7   0x00000001   PAD
    0x2007c0a8   0x00000004   Data   RW          852    .data               main.o
    0x2007c0ac   0x00000001   Data   RW          853    .data               main.o
    0x2007c0ad   0x00000001   PAD
    0x2007c0ae   0x00000002   Data   RW          854    .data               main.o
    0x2007c0b0   0x00000001   Data   RW          856    .data               main.o
    0x2007c0b1   0x00000001   Data   RW          858    .data               main.o
    0x2007c0b2   0x00000001   Data   RW          860    .data               main.o
    0x2007c0b3   0x00000001   Data   RW          863    .data               main.o
    0x2007c0b4   0x00000001   Data   RW          865    .data               main.o
    0x2007c0b5   0x00000001   Data   RW          868    .data               main.o
    0x2007c0b6   0x00000001   Data   RW          871    .data               main.o
    0x2007c0b7   0x00000001   Data   RW          873    .data               main.o
    0x2007c0b8   0x00000004   Data   RW          876    .data               main.o
    0x2007c0bc   0x00000001   Data   RW          878    .data               main.o
    0x2007c0bd   0x00000001   PAD
    0x2007c0be   0x00000002   Data   RW          882    .data               main.o
    0x2007c0c0   0x00000002   Data   RW          884    .data               main.o
    0x2007c0c2   0x00000001   Data   RW          886    .data               main.o
    0x2007c0c3   0x00000001   Data   RW          888    .data               main.o
    0x2007c0c4   0x00000001   Data   RW          890    .data               main.o
    0x2007c0c5   0x00000001   Data   RW          892    .data               main.o
    0x2007c0c6   0x00000001   Data   RW          894    .data               main.o
    0x2007c0c7   0x00000001   Data   RW          896    .data               main.o
    0x2007c0c8   0x00000001   Data   RW          898    .data               main.o
    0x2007c0c9   0x00000001   Data   RW          900    .data               main.o
    0x2007c0ca   0x00000002   PAD
    0x2007c0cc   0x00000039   Data   RW          958    .data               keydisp.o
    0x2007c105   0x00000008   Data   RW          965    .data               keydisp.o
    0x2007c10d   0x00000001   PAD
    0x2007c10e   0x00000006   Data   RW         1094    .data               speed.o
    0x2007c114   0x0000000c   Data   RW         1195    .data               taskuart0.o
    0x2007c120   0x00000003   Data   RW         1340    .data               drivercard.o
    0x2007c123   0x00000001   PAD
    0x2007c124   0x00000060   Data   RW         1594    .data               switch.o
    0x2007c184   0x00000010   Data   RW         1714    .data               camera.o
    0x2007c194   0x0000000c   Data   RW         1822    .data               gyprotocol.o
    0x2007c1a0   0x00000001   Data   RW         1944    .data               iap.o
    0x2007c1a1   0x00000003   PAD
    0x2007c1a4   0x00000004   Data   RW         2000    .data               uart0.o
    0x2007c1a8   0x00000008   Data   RW         2230    .data               dff_25xxx.o
    0x2007c1b0   0x00000002   Data   RW         2573    .data               iic0.o
    0x2007c1b2   0x00000001   Data   RW         2721    .data               pulse.o
    0x2007c1b3   0x00000001   Data   RW         2792    .data               fs_usbh_msc.o
    0x2007c1b4   0x00000004   Data   RW         2809    .data               msd_sd_file.o
    0x2007c1b8   0x00000040   Data   RW         2927    .data               usbh_ohci_lpc17xx.o
    0x2007c1f8   0x0000000c   Data   RW         2992    .data               gps.o
    0x2007c204   0x00000008   Data   RW         3106    .data               gps_pack.o
    0x2007c20c   0x00000001   Data   RW         3247    .data               bb_gprs_cmd.o
    0x2007c20d   0x00000003   PAD
    0x2007c210   0x00000004   Data   RW         3258    .data               bb_gprs_cmd.o
    0x2007c214   0x00000001   Data   RW         3545    .data               gsm_gprs.o
    0x2007c215   0x00000003   PAD
    0x2007c218   0x00000080   Data   RW         3595    .data               gprs_cmd.o
    0x2007c298   0x00000008   Data   RW         3759    .data               gsm_gprs_send.o
    0x2007c2a0   0x00000001   Data   RW         3873    .data               kionix_kxtf9_driver.o
    0x2007c2a1   0x00000003   PAD
    0x2007c2a4   0x00000008   Data   RW         4175    .data               rt_timer.o
    0x2007c2ac   0x00000002   Data   RW         4190    .data               rt_time.o
    0x2007c2ae   0x00000002   PAD
    0x2007c2b0   0x00000018   Data   RW         4333    .data               USB_CM3.lib(usbh_msc.o)
    0x2007c2c8   0x00000010   Data   RW         4412    .data               USB_CM3.lib(usbh_mem.o)
    0x2007c2d8   0x00000001   Data   RW         4444    .data               FS_CM3.lib(fs_mapi.o)
    0x2007c2d9   0x00000003   PAD
    0x2007c2dc   0x00000004   Data   RW         4720    .data               c_w.l(streamlock.o)
    0x2007c2e0   0x00000004   Data   RW         4925    .data               c_w.l(stdio_streams.o)
    0x2007c2e4   0x00000004   PAD
    0x2007c2e8   0x00001398   Zero   RW           54    .bss                rtx_conf_cm.o
    0x2007d680   0x00000204   Zero   RW           55    .bss                rtx_conf_cm.o
    0x2007d884   0x00000030   Zero   RW           56    .bss                rtx_conf_cm.o
    0x2007d8b4   0x0000008c   Zero   RW           57    .bss                rtx_conf_cm.o
    0x2007d940   0x000004e0   Zero   RW           58    .bss                rtx_conf_cm.o
    0x2007de20   0x00000014   Zero   RW          100    .bss                usb_config.o
    0x2007de34   0x00000024   Zero   RW          167    .bss                file_config.o
    0x2007de58   0x000005bc   Zero   RW          198    .bss                taskcan.o
    0x2007e414   0x00000420   Zero   RW          611    .bss                algol.o
    0x2007e834   0x00000034   Zero   RW          665    .bss                main.o
    0x2007e868   0x00000040   Zero   RW          667    .bss                main.o
    0x2007e8a8   0x00000040   Zero   RW          669    .bss                main.o
    0x2007e8e8   0x00000020   Zero   RW          671    .bss                main.o
    0x2007e908   0x00000114   Zero   RW          685    .bss                main.o
    0x2007ea1c   0x00000018   Zero   RW          690    .bss                main.o
    0x2007ea34   0x00000038   Zero   RW          691    .bss                main.o
    0x2007ea6c   0x00000100   Zero   RW          692    .bss                main.o
    0x2007eb6c   0x000000b8   Zero   RW          695    .bss                main.o
    0x2007ec24   0x00000012   Zero   RW          696    .bss                main.o
    0x2007ec36   0x00000034   Zero   RW          699    .bss                main.o
    0x2007ec6a   0x00000002   PAD
    0x2007ec6c   0x000002e5   Zero   RW          948    .bss                keydisp.o
    0x2007ef51   0x00000003   PAD
    0x2007ef54   0x00000054   Zero   RW         1850    .bss                recordmodel.o
    0x2007efa8   0x00000028   Zero   RW         1967    .bss                isp_iap.o
    0x2007efd0   0x0000000a   Zero   RW         1998    .bss                uart0.o
    0x2007efda   0x00000511   Zero   RW         1999    .bss                uart0.o
    0x2007f4eb   0x00000914   Zero   RW         2057    .bss                uart1.o
    0x2007fdff   0x00000001   Zero   RW         2166    .bss                dfe_25xxx.o
    0x2007fe00   0x0000003e   Zero   RW         2260    .bss                rtc.o
    0x2007fe3e   0x00000001   Zero   RW         2476    .bss                timer2.o
    0x2007fe3f   0x00000083   Zero   RW         2720    .bss                pulse.o
    0x2007fec2   0x000000d2   Zero   RW         2807    .bss                msd_sd_file.o
    0x2007ff94   0x00000020   Zero   RW         3525    .bss                gsm_gprs.o
    0x2007ffb4   0x00000030   Zero   RW         4205    .bss                rt_task.o
    0x2007ffe4   0x0000001c   PAD
    0x20080000   0x00000100   Zero   RW         2922    .ARM.__AT_0x20080000  usbh_ohci_lpc17xx.o
    0x20080100   0x00000030   Zero   RW         2923    .ARM.__AT_0x20080100  usbh_ohci_lpc17xx.o
    0x20080130   0x00000010   Zero   RW         2924    .ARM.__AT_0x20080130  usbh_ohci_lpc17xx.o
    0x20080140   0x00001034   Zero   RW         2925    .ARM.__AT_0x20080140  usbh_ohci_lpc17xx.o
    0x20081174   0x000007cc   Zero   RW         2988    .bss                gps.o
    0x20081940   0x000001a9   Zero   RW         3243    .bss                bb_gprs_cmd.o
    0x20081ae9   0x000013d0   Zero   RW         3524    .bss                gsm_gprs.o
    0x20082eb9   0x00000119   Zero   RW         3526    .bss                gsm_gprs.o
    0x20082fd2   0x0000009c   Zero   RW         3527    .bss                gsm_gprs.o
    0x2008306e   0x0000099a   Zero   RW         3705    .bss                gprs_alig.o
    0x20083a08   0x00000050   Zero   RW         4922    .bss                c_w.l(stdio_streams.o)


==============================================================================

Image component sizes


      Code (inc. data)   RO Data    RW Data    ZI Data      Debug   Object Name

      1804        156        151          0        198       5650   adc.o
      2564         28        512          4       1056      51609   algol.o
        40          6       4656          0          0        962   ascii_code24dot.o
      1848        408       1856          0          0      14624   atcmd.o
     17864       2734          0         43        425      52321   bb_gprs_cmd.o
      5920       1132          4         16         49      12184   camera.o
      1408        168         68          8          0      23583   can.o
        96         10      14877          0          0       1455   cn_code24dot.o
       924         36          4          8          1      21149   dfe_25xxx.o
      2512         76         44          8        277       9613   dff_25xxx.o
      2896        642          0          3          0      59770   drivercard.o
       124         14         12          0       2468      12226   file_config.o
       204          4         24          1          0       2211   fs_usbh_msc.o
         0          0          0          0          0      20910   gb_gprs_cmd.o
      7728       1098          0          6       2458      10251   gprs_alig.o
      1508        204        111        128          0      26614   gprs_cmd.o
      8968       1676        154         13       1996      28539   gps.o
      3180        252          0          8          0      12677   gps_pack.o
      9052       2266         78         15       5733      23246   gsm_gprs.o
      7352       1346         51          8          0      18267   gsm_gprs_send.o
      5296        608          0         12          0      10320   gyprotocol.o
       504         52          0          1          0       3639   hal_cm3.o
        46          0          0          0          0        999   i2c_interface.o
      1004         90          0          1          0      19088   iap.o
      2016        318          4          2        155       7790   iic0.o
        76         10          0          0         40       1425   isp_iap.o
     15528       2518       5206         66        741      47654   keydisp.o
      1328        224          0          4          0       8979   kionix_kxtf9_common.o
      6086         30          0          1          0      32429   kionix_kxtf9_driver.o
      2616         32       1540          0          7       6785   led_e308.o
       852         54          0        277       4230      40004   main.o
      4796       1896         84          4        210       8629   msd_sd_file.o
      4560        366        708          0         35      25262   print.o
       872         60          4          2        131       7193   pulse.o
       288         30          4          0         12       2666   pwm.o
      2264        634          4         12         84      42412   recordmodel.o
       204         24         20          0          0       8717   retarget.o
       296         12          0          0          0       2062   rt_event.o
       536         18          0          0         48       5050   rt_list.o
       656          8          0          0          0       2859   rt_mailbox.o
       158          0          0          0          0       1593   rt_membox.o
       284          8          0          0          0       1293   rt_mutex.o
        88         16          0          8          0        700   rt_robin.o
       192         10          0          0          0       1618   rt_semaphore.o
       288         30          0          2          0       1430   rt_system.o
       872         74          0          8         48       4306   rt_task.o
        64          8          0          2          0        859   rt_time.o
       180         10          0          8          0       1337   rt_timer.o
      3028        188        142          0         62      13505   rtc.o
       172         30         32          8       7556       7832   rtx_conf_cm.o
       188         16         41          0          0       1757   serial_for_usb.o
      1572         98          0          0       1989      10345   sms.o
      3480        844          4          6        632      13420   speed.o
       408         14          4          0          1       2415   spi0.o
       648         16          4          0          1       2415   ssp0.o
       260        226          0          0       4096        856   startup_lpc17xx.o
         4          4          0          0          0        132   svc_table.o
      7720       1854        322         96         47      15533   switch.o
       492         32          0          4          0      22070   system_lpc17xx.o
      1712        272          4          4       1468      47701   taskcan.o
      8524       1024        541         12          0      88515   taskuart0.o
      4240        384          0          8          0      26139   th_gprs_cmd.o
       144         30          4          0          1       2281   timer2.o
       672         54          4          9       1307       8236   uart0.o
       836         64          4          0       2324       6214   uart1.o
      1396        134          4          0        918       6763   uart2 .o
      1492        224          4          0       1089       5708   uart3.o
         0          0          6         14         56      10264   usb_config.o
       284         24          0         76       4468      19689   usbh_ohci_lpc17xx.o
      9984       1700        587         20      12692      60119   usersys.o

    ----------------------------------------------------------------------
    175202      26628      31964       1004      59176    1076868   Object Totals
         0          0         64          0          0          0   (incl. Generated)
         4          0         17         68         67          0   (incl. Padding)

    ----------------------------------------------------------------------

      Code (inc. data)   RO Data    RW Data    ZI Data      Debug   Library Member Name

     10028        230        169          0          0       5156   fs_fat.o
       368         28          0          0          0        456   fs_lib.o
      1632         90          0          1          0        872   fs_mapi.o
       908         64          0          0          0        568   fs_sys.o
        14          4          0          0          0        136   fs_time.o
      2454        146          0          0          0       1256   usbh_core.o
       192         18          0         16          0        232   usbh_mem.o
      5152        260          0         24          0       1956   usbh_msc.o
      3058        138         32         76          0       1952   usbh_ohci.o
        60          8          0          0          0         84   __0sscanf.o
        20          0          0          0          0         84   __2fprintf.o
        44          6          0          0          0         84   __2sprintf.o
        90          0          0          0          0          0   __dczerorl2.o
         8          0          0          0          0         68   __main.o
       412          4         17          0          0         92   __printf_flags_ss_wp.o
        14          0          0          0          0         68   __printf_wp.o
        52          8          0          0          0          0   __scatter.o
        28          0          0          0          0          0   __scatter_zi.o
        32          0          0          0          0         68   _chval.o
        44          0          0          0          0        108   _printf_char.o
        48          6          0          0          0         96   _printf_char_common.o
        64          6          0          0          0         84   _printf_char_file_locked.o
        42          0          0          0          0         68   _printf_charcount.o
         6          0          0          0          0          0   _printf_d.o
       120         18          0          0          0         92   _printf_dec.o
        88          6         40          0          0         88   _printf_hex_ptr.o
       182          0          0          0          0         88   _printf_intcommon.o
         6          0          0          0          0          0   _printf_n.o
         6          0          0          0          0          0   _printf_p.o
        80          0          0          0          0        108   _printf_pad.o
         0          0          0          0          0          0   _printf_percent.o
         4          0          0          0          0          0   _printf_percent_end.o
         6          0          0          0          0          0   _printf_s.o
        82          0          0          0          0         80   _printf_str.o
        22          0          0          0          0        100   _rserrno.o
       904          4          0          0          0        100   _scanf.o
       334          0          0          0          0         96   _scanf_int.o
        64          0          0          0          0         84   _sgetc.o
        10          0          0          0          0         68   _sputc.o
       158          0          0          0          0         92   _strtoul.o
        16          0          0          0          0         68   aeabi_memset.o
        26          0          0          0          0         80   atoi.o
        10          0          0          0          0         68   defsig_exit.o
        50          0          0          0          0         88   defsig_general.o
        76         56          0          0          0         76   defsig_rtmem_inner.o
        14          0          0          0          0         80   defsig_rtmem_outer.o
        52         38          0          0          0         76   defsig_rtred_inner.o
        14          0          0          0          0         80   defsig_rtred_outer.o
        12          0          0          0          0         68   exit.o
        78          0          0          0          0         88   fclose.o
        52          6          0          0          0         80   fclose_locked.o
        30          0          0          0          0         80   ferror_locked.o
       144         10          0          0          0        128   fflush_locked.o
       578          0          0          0          0        132   filbuf.o
       472          0          0          0          0         88   flsbuf.o
        92         10          0          0          0         88   flushlinebuffered_locked.o
       324          8          0          0          0        152   fopen_locked.o
        26          0          0          0          0         68   fputc.o
        54          0          0          0          0         80   fputs_locked.o
       314          0          0          0          0         96   freadfast_locked.o
       248          4          0          0          0         84   fseek.o
        70          0          0          0          0         76   ftell.o
       218          0          0          0          0         92   fwritefast_locked.o
       158          0          0          0          0        128   h1_alloc_mt.o
        62          0          0          0          0         80   h1_extend_mt.o
       118          0          0          0          0        108   h1_free_mt.o
        18          0          0          0          0         84   h1_init_mt.o
         6          0          0          0          0        152   heapauxi.o
         4          0          0          0          0        136   hguard.o
        36         10          0          0          0         80   init_aeabi.o
       138          0          0          0          0        168   init_alloc.o
       456         48          0          0          0        116   initio_locked.o
        18          0          0          0          0         76   isspace.o
        44         10        272          0          0         76   lc_ctype_c.o
         6          0          0          0          0          0   libinit.o
        36          0          0          0          0          0   libinit2.o
         2          0          0          0          0          0   libshutdown.o
         6          0          0          0          0          0   libshutdown2.o
         8          4          0          0         96         68   libspace.o
       238          0          0          0          0        100   lludivv7m.o
         0          0          0          0          0         68   maybetermalloc1.o
        78          0          0          0          0         76   memcmp.o
        16          4          0          0          0         76   rt_ctype_table.o
         4          0          0          0          0         68   rt_errno_addr_twolibspace.o
        10          0          0          0          0         76   rt_fp_status_addr_twolibspace.o
        10          0          0          0          0         76   rt_heap_descriptor_twolibspace.o
        10          0          0          0          0         76   rt_locale_twolibspace.o
        68          0          0          0          0         68   rt_memclr.o
        78          0          0          0          0         80   rt_memclr_w.o
       138          0          0          0          0         68   rt_memcpy_v6.o
       100          0          0          0          0         80   rt_memcpy_w.o
       132          0          0          0          0         68   rt_memmove_v6.o
       122          0          0          0          0         80   rt_memmove_w.o
         0          0          0          0          0          0   rtentry.o
        12          0          0          0          0          0   rtentry2.o
         6          0          0          0          0          0   rtentry4.o
         2          0          0          0          0          0   rtexit.o
        10          0          0          0          0          0   rtexit2.o
        48         10          0          0          0         84   scanf_char.o
       104          0          0          0          0         88   setvbuf_locked.o
       240          6          0          0          0        156   stdio.o
         0          0          0         12        240          0   stdio_streams.o
        24          0          0          0          0         68   strcat.o
       128          0          0          0          0         68   strcmpv7m.o
        72          0          0          0          0         80   strcpy.o
         0          0          0          4          0          0   streamlock.o
        62          0          0          0          0         76   strlen.o
        86          0          0          0          0         76   strncpy.o
        36          0          0          0          0         80   strstr.o
       112          0          0          0          0         88   strtol.o
        74          0          0          0          0         80   sys_stackheap_outer.o
        30          0          0          0          0         76   toupper.o
         2          0          0          0          0         68   use_no_semi.o
       826         16          0          0          0        356   daddsub_clz.o
        24          0          0          0          0         68   dcmpi.o
       688        140          0          0          0        212   ddiv.o
        94          4          0          0          0         92   dfix.o
        90          4          0          0          0         92   dfixu.o
        84          0          0          0          0        136   dflt_clz.o
       120          4          0          0          0         92   dleqf.o
       340         12          0          0          0        104   dmul.o
       156          4          0          0          0         92   dnaninf.o
        12          0          0          0          0         68   dretinf.o
       460         56          0          0          0        120   dsqrt_noumaal.o
        14          0          0          0          0         76   fpinit.o
         0          0          0          0          0          0   usenofp.o
        76          0          0          0          0         84   sqrt.o

    ----------------------------------------------------------------------
     36026       1508        532        136        340      21512   Library Totals
        68          0          2          3          4          0   (incl. Padding)

    ----------------------------------------------------------------------

      Code (inc. data)   RO Data    RW Data    ZI Data      Debug   Library Name

     12950        416        169          1          0       7188   FS_CM3.lib
     10856        562         32        116          0       5396   USB_CM3.lib
      9168        290        329         16        336       7336   c_w.l
      2908        240          0          0          0       1508   fz_ws.l
        76          0          0          0          0         84   m_ws.l

    ----------------------------------------------------------------------
     36026       1508        532        136        340      21512   Library Totals

    ----------------------------------------------------------------------

==============================================================================


      Code (inc. data)   RO Data    RW Data    ZI Data      Debug   

    211228      28136      32496       1140      59516    1075032   Grand Totals
    211228      28136      32496        240      59516    1075032   ELF Image Totals (compressed)
    211228      28136      32496        240          0          0   ROM Totals

==============================================================================

    Total RO  Size (Code + RO Data)               243724 ( 238.01kB)
    Total RW  Size (RW Data + ZI Data)             60656 (  59.23kB)
    Total ROM Size (Code + RO Data + RW Data)     243964 ( 238.25kB)

==============================================================================

