ARM Linker, 4.1 [Build 644] [Standard][RL-ARM]

==============================================================================

Section Cross References

    startup_lpc17xx.o(STACK) refers (Special) to heapauxi.o(.text) for __use_two_region_memory
    startup_lpc17xx.o(HEAP) refers (Special) to heapauxi.o(.text) for __use_two_region_memory
    startup_lpc17xx.o(RESET) refers (Special) to heapauxi.o(.text) for __use_two_region_memory
    startup_lpc17xx.o(RESET) refers to startup_lpc17xx.o(STACK) for __initial_sp
    startup_lpc17xx.o(RESET) refers to startup_lpc17xx.o(.text) for Reset_Handler
    startup_lpc17xx.o(RESET) refers to hal_cm3.o(.emb_text) for SVC_Handler
    startup_lpc17xx.o(RESET) refers to timer0.o(.text) for TIMER0_IRQHandler
    startup_lpc17xx.o(RESET) refers to timer1.o(.text) for TIMER1_IRQHandler
    startup_lpc17xx.o(RESET) refers to timer2.o(.text) for TIMER2_IRQHandler
    startup_lpc17xx.o(RESET) refers to timer3.o(.text) for TIMER3_IRQHandler
    startup_lpc17xx.o(RESET) refers to uart0.o(.text) for UART0_IRQHandler
    startup_lpc17xx.o(RESET) refers to uart1.o(.text) for UART1_IRQHandler
    startup_lpc17xx.o(RESET) refers to uart2 .o(.text) for UART2_IRQHandler
    startup_lpc17xx.o(RESET) refers to uart3.o(.text) for UART3_IRQHandler
    startup_lpc17xx.o(RESET) refers to iic0.o(.text) for I2C0_IRQHandler
    startup_lpc17xx.o(RESET) refers to rtc.o(.text) for RTC_IRQHandler
    startup_lpc17xx.o(RESET) refers to kionix_kxtf9_common.o(.text) for EINT3_IRQHandler
    startup_lpc17xx.o(RESET) refers to usbh_ohci_lpc17xx.o(.text) for USB_IRQHandler
    startup_lpc17xx.o(RESET) refers to can_lpc17xx.o(.text) for CAN_IRQHandler
    startup_lpc17xx.o(RESET) refers to rit.o(.text) for RIT_IRQHandler
    startup_lpc17xx.o(RESET) refers to print.o(.text) for MCPWM_IRQHandler
    startup_lpc17xx.o(.text) refers (Special) to heapauxi.o(.text) for __use_two_region_memory
    startup_lpc17xx.o(.text) refers to __main.o(!!!main) for __main
    startup_lpc17xx.o(.text) refers to startup_lpc17xx.o(HEAP) for Heap_Mem
    startup_lpc17xx.o(.text) refers to startup_lpc17xx.o(STACK) for Stack_Mem
    system_lpc17xx.o(.text) refers to system_lpc17xx.o(.data) for .data
    rtx_conf_cm.o(.text) refers to rt_task.o(.text) for rt_tsk_self
    rtx_conf_cm.o(.text) refers to rt_mutex.o(.text) for rt_mut_init
    rtx_conf_cm.o(.text) refers to rtx_conf_cm.o(.bss) for .bss
    rtx_conf_cm.o(.text) refers to libspace.o(.bss) for __libspace_start
    rtx_conf_cm.o(.text) refers to rtx_conf_cm.o(.data) for .data
    rtx_conf_cm.o(.data) refers to rtx_conf_cm.o(.bss) for mp_tmr
    usb_config.o(.data) refers to usbh_ohci.o(.data) for usbh0_hcd_ohci
    usb_config.o(.data) refers to usbh_ohci_lpc17xx.o(.data) for usbh0_hwd_ohci
    usb_config.o(.data) refers to usbh_msc.o(.data) for usbh_dcd_msc
    file_config.o(.text) refers to file_config.o(.bss) for .bss
    file_config.o(.text) refers to fs_usbh_msc.o(.constdata) for usb0_drv
    file_config.o(.text) refers to streamlock.o(.data) for _stream_list_lock
    file_config.o(.constdata) refers to file_config.o(.bss) for usb0_vol
    rtx_can.o(.text) refers to rt_membox.o(.text) for _init_box
    rtx_can.o(.text) refers to can_lpc17xx.o(.text) for CAN_hw_setup
    rtx_can.o(.text) refers to hal_cm3.o(.emb_text) for _alloc_box
    rtx_can.o(.text) refers to rtx_can.o(.data) for .data
    rtx_can.o(.text) refers to rt_semaphore.o(.text) for rt_sem_init
    rtx_can.o(.text) refers to rtx_can.o(.bss) for .bss
    rtx_can.o(.text) refers to rt_mailbox.o(.text) for rt_mbx_init
    rtx_can.o(.text) refers to rt_time.o(.text) for rt_dly_wait
    can_lpc17xx.o(.text) refers to rt_mailbox.o(.text) for rt_mbx_check
    can_lpc17xx.o(.text) refers to hal_cm3.o(.emb_text) for _alloc_box
    can_lpc17xx.o(.text) refers to rt_semaphore.o(.text) for isr_sem_send
    can_lpc17xx.o(.text) refers to usersys.o(.constdata) for PeriClock
    can_lpc17xx.o(.text) refers to can_lpc17xx.o(.constdata) for .constdata
    can_lpc17xx.o(.text) refers to rtx_can.o(.data) for wr_sem
    can_lpc17xx.o(.text) refers to can_lpc17xx.o(.data) for .data
    can_lpc17xx.o(.text) refers to rtx_can.o(.bss) for MBX_rx_ctrl
    taskcan.o(.text) refers to rtx_can.o(.text) for CAN_send
    taskcan.o(.text) refers to uart0.o(.text) for UartCls::puts(char*)
    taskcan.o(.text) refers to rt_memmove_w.o(.text) for __aeabi_memmove4
    taskcan.o(.text) refers to dfe_25xxx.o(.text) for DFECls::Read(unsigned short, unsigned short, unsigned char*)
    taskcan.o(.text) refers to rt_memmove_v6.o(.text) for __aeabi_memmove
    taskcan.o(.text) refers to taskcan.o(.constdata) for .constdata
    taskcan.o(.text) refers to main.o(.bss) for TC
    taskcan.o(.text) refers to main.o(.bss) for TD
    taskcan.o(.text) refers to taskcan.o(.data) for .data
    taskcan.o(.text) refers to rt_time.o(.text) for rt_dly_wait
[...]
    0x000031bc   0x00000000   Code   RO         4775    .ARM.Collect$$libinit$$00000017  c_w.l(libinit2.o)
    0x000031bc   0x00000000   Code   RO         4777    .ARM.Collect$$libinit$$00000019  c_w.l(libinit2.o)
    0x000031bc   0x00000000   Code   RO         4779    .ARM.Collect$$libinit$$0000001B  c_w.l(libinit2.o)
    0x000031bc   0x00000000   Code   RO         4781    .ARM.Collect$$libinit$$0000001D  c_w.l(libinit2.o)
    0x000031bc   0x00000000   Code   RO         4783    .ARM.Collect$$libinit$$0000001F  c_w.l(libinit2.o)
    0x000031bc   0x00000004   Code   RO         4784    .ARM.Collect$$libinit$$00000020  c_w.l(libinit2.o)
    0x000031c0   0x00000000   Code   RO         4785    .ARM.Collect$$libinit$$00000021  c_w.l(libinit2.o)
    0x000031c0   0x00000000   Code   RO         4789    .ARM.Collect$$libinit$$00000028  c_w.l(libinit2.o)
    0x000031c0   0x00000000   Code   RO         4791    .ARM.Collect$$libinit$$0000002A  c_w.l(libinit2.o)
    0x000031c0   0x00000000   Code   RO         4793    .ARM.Collect$$libinit$$0000002C  c_w.l(libinit2.o)
    0x000031c0   0x00000004   Code   RO         4794    .ARM.Collect$$libinit$$0000002D  c_w.l(libinit2.o)
    0x000031c4   0x00000000   Code   RO         4795    .ARM.Collect$$libinit$$0000002E  c_w.l(libinit2.o)
    0x000031c4   0x00000002   Code   RO         4796    .ARM.Collect$$libinit$$0000002F  c_w.l(libinit2.o)
    0x000031c6   0x00000002   Code   RO         5061    .ARM.Collect$$libshutdown$$00000000  c_w.l(libshutdown.o)
    0x000031c8   0x00000004   Code   RO         4912    .ARM.Collect$$libshutdown$$00000002  c_w.l(libshutdown2.o)
    0x000031cc   0x00000000   Code   RO         4913    .ARM.Collect$$libshutdown$$00000003  c_w.l(libshutdown2.o)
    0x000031cc   0x00000000   Code   RO         4916    .ARM.Collect$$libshutdown$$00000006  c_w.l(libshutdown2.o)
    0x000031cc   0x00000000   Code   RO         4919    .ARM.Collect$$libshutdown$$00000009  c_w.l(libshutdown2.o)
    0x000031cc   0x00000000   Code   RO         4921    .ARM.Collect$$libshutdown$$0000000B  c_w.l(libshutdown2.o)
    0x000031cc   0x00000000   Code   RO         4924    .ARM.Collect$$libshutdown$$0000000E  c_w.l(libshutdown2.o)
    0x000031cc   0x00000002   Code   RO         4925    .ARM.Collect$$libshutdown$$0000000F  c_w.l(libshutdown2.o)
    0x000031ce   0x00000000   Code   RO         4632    .ARM.Collect$$rtentry$$00000000  c_w.l(rtentry.o)
    0x000031ce   0x00000000   Code   RO         4829    .ARM.Collect$$rtentry$$00000002  c_w.l(rtentry2.o)
    0x000031ce   0x00000006   Code   RO         4844    .ARM.Collect$$rtentry$$00000004  c_w.l(rtentry4.o)
    0x000031d4   0x00000000   Code   RO         4831    .ARM.Collect$$rtentry$$00000009  c_w.l(rtentry2.o)
    0x000031d4   0x00000004   Code   RO         4832    .ARM.Collect$$rtentry$$0000000A  c_w.l(rtentry2.o)
    0x000031d8   0x00000000   Code   RO         4834    .ARM.Collect$$rtentry$$0000000C  c_w.l(rtentry2.o)
    0x000031d8   0x00000008   Code   RO         4835    .ARM.Collect$$rtentry$$0000000D  c_w.l(rtentry2.o)
    0x000031e0   0x00000002   Code   RO         5008    .ARM.Collect$$rtexit$$00000000  c_w.l(rtexit.o)
    0x000031e2   0x00000000   Code   RO         5027    .ARM.Collect$$rtexit$$00000002  c_w.l(rtexit2.o)
    0x000031e2   0x00000004   Code   RO         5028    .ARM.Collect$$rtexit$$00000003  c_w.l(rtexit2.o)
    0x000031e6   0x00000006   Code   RO         5029    .ARM.Collect$$rtexit$$00000004  c_w.l(rtexit2.o)
    0x000031ec   0x0000014c   Code   RO         3813    .emb_text           hal_cm3.o
    0x00003338   0x00000000   Code   RO         4948    .emb_text           c_w.l(maybetermalloc1.o)
    0x00003338   0x00000038   Code   RO            4    .text               startup_lpc17xx.o
    0x00003370   0x000001ec   Code   RO           13    .text               system_lpc17xx.o
    0x0000355c   0x000000ac   Code   RO           52    .text               rtx_conf_cm.o
    0x00003608   0x0000007c   Code   RO          166    .text               file_config.o
    0x00003684   0x000001c0   Code   RO          195    .text               rtx_can.o
    0x00003844   0x000003d0   Code   RO          218    .text               can_lpc17xx.o
    0x00003c14   0x00000358   Code   RO          250    .text               taskcan.o
    0x00003f6c   0x000002c8   Code   RO          647    .text               main.o
    0x00004234   0x00000120   Code   RO         1489    .text               pwm.o
    0x00004354   0x00000198   Code   RO         2132    .text               spi0.o
    0x000044ec   0x00000002   Code   RO         4425    .text               c_w.l(use_no_semi.o)
    0x000044ee   0x00000000   Code   RO         4811    x$fpl$usenofp       fz_ws.l(usenofp.o)
    0x000044ee   0x00000002   Data   RO           59    .constdata          rtx_conf_cm.o
    0x000044f0   0x0000000f   Data   RO          374    .ARM.__AT_0x000044F0  usersys.o
    0x000044ff   0x00000001   PAD
    0x00004500   0x00000028   Code   RO         2580    .text               ascii_code24dot.o
    0x00004528   0x00000008   Code   RO         4422    .text               c_w.l(libspace.o)
    0x00004530   0x00000010   Data   RO          375    .ARM.__AT_0x00004530  usersys.o
    0x00004540   0x00000010   Data   RO          376    .ARM.__AT_0x00004540  usersys.o
    0x00004550   0x0000001e   Code   RO         4429    .text               c_w.l(toupper.o)
    0x0000456e   0x00000001   Data   RO           63    .constdata          rtx_conf_cm.o
    0x0000456f   0x00000001   Data   RO           67    .constdata          rtx_conf_cm.o
    0x00004570   0x00000007   Data   RO          377    .ARM.__AT_0x00004570  usersys.o
    0x00004577   0x00000001   PAD
    0x00004578   0x000008fc   Code   RO          603    .text               algol.o
    0x00004e74   0x00000dcc   Code   RO         1296    .text               drivercard.o
    0x00005c40   0x000001ec   Code   RO         1755    .text               uart0.o
    0x00005e2c   0x00000068   Code   RO         2227    .text               timer2.o
    0x00005e94   0x00000090   Code   RO         2334    .text               rit.o
    0x00005f24   0x00000070   Code   RO         2409    .text               timer0.o
    0x00005f94   0x00000060   Code   RO         2602    .text               cn_code24dot.o
    0x00005ff4   0x00000006   Code   RO         4548    .text               c_w.l(heapauxi.o)
    0x00005ffa   0x00000004   Code   RO         4645    .text               c_w.l(rt_errno_addr_twolibspace.o)
    0x00005ffe   0x00000002   Data   RO           65    .constdata          rtx_conf_cm.o
    0x00006000   0x00000010   Data   RO          378    .ARM.__AT_0x00006000  usersys.o
    0x00006010   0x00000004   Data   RO          379    .ARM.__AT_0x00006010  usersys.o
    0x00006014   0x00000004   Data   RO          380    .ARM.__AT_0x00006014  usersys.o
    0x00006018   0x00000004   Data   RO          381    .ARM.__AT_0x00006018  usersys.o
    0x0000601c   0x00000004   Data   RO          382    .ARM.__AT_0x0000601C  usersys.o
    0x00006020   0x00000010   Data   RO          383    .ARM.__AT_0x00006020  usersys.o
    0x00006030   0x00000004   Data   RO          384    .ARM.__AT_0x00006030  usersys.o
    0x00006034   0x00000004   Data   RO          385    .ARM.__AT_0x00006034  usersys.o
    0x00006038   0x00000004   Data   RO          386    .ARM.__AT_0x00006038  usersys.o
    0x0000603c   0x0000000c   Data   RO          387    .ARM.__AT_0x0000603C  usersys.o
    0x00006048   0x0000000c   Data   RO          388    .ARM.__AT_0x00006048  usersys.o
    0x00006054   0x0000000c   Data   RO          389    .ARM.__AT_0x00006054  usersys.o
    0x00006060   0x00000010   Data   RO          390    .ARM.__AT_0x00006060  usersys.o
    0x00006070   0x00000010   Data   RO          391    .ARM.__AT_0x00006070  usersys.o
    0x00006080   0x00000020   Data   RO          392    .ARM.__AT_0x00006080  usersys.o
    0x000060a0   0x00000020   Data   RO          393    .ARM.__AT_0x000060A0  usersys.o
    0x000060c0   0x00000010   Data   RO          394    .ARM.__AT_0x000060C0  usersys.o
    0x000060d0   0x00000010   Data   RO          395    .ARM.__AT_0x000060D0  usersys.o
    0x000060e0   0x00000010   Data   RO          396    .ARM.__AT_0x000060E0  usersys.o
    0x000060f0   0x00000010   Data   RO          397    .ARM.__AT_0x000060F0  usersys.o
    0x00006100   0x0000003c   Data   RO          398    .ARM.__AT_0x00006100  usersys.o
    0x0000613c   0x00000004   Data   RO          399    .ARM.__AT_0x0000613C  usersys.o
    0x00006140   0x0000003e   Data   RO          400    .ARM.__AT_0x00006140  usersys.o
    0x0000617e   0x00000002   Data   RO           68    .constdata          rtx_conf_cm.o
    0x00006180   0x00000010   Data   RO          401    .ARM.__AT_0x00006180  usersys.o
    0x00006190   0x00002334   Code   RO          373    .text               usersys.o
    0x000084c4   0x000022e4   Code   RO          919    .text               keydisp.o
    0x0000a7a8   0x00001598   Code   RO         1056    .text               speed.o
    0x0000bd40   0x000033a0   Code   RO         1158    .text               taskuart0.o
    0x0000f0e0   0x000011c4   Code   RO         1391    .text               print.o
    0x000102a4   0x00002134   Code   RO         1536    .text               switch.o
    0x000123d8   0x000015c8   Code   RO         1658    .text               camera.o
    0x000139a0   0x00000264   Code   RO         1817    .text               uart1.o
    0x00013c04   0x000002f0   Code   RO         1850    .text               uart2 .o
    0x00013ef4   0x00000660   Code   RO         1886    .text               uart3.o
    0x00014554   0x0000039c   Code   RO         1927    .text               dfe_25xxx.o
    0x000148f0   0x000008ac   Code   RO         1984    .text               dff_25xxx.o
    0x0001519c   0x00000a7c   Code   RO         2017    .text               rtc.o
    0x00015c18   0x0000070c   Code   RO         2175    .text               adc.o
    0x00016324   0x00000944   Code   RO         2300    .text               led_e308.o
    0x00016c68   0x00000074   Code   RO         2436    .text               timer1.o
    0x00016cdc   0x00000078   Code   RO         2463    .text               timer3.o
    0x00016d54   0x0000068c   Code   RO         2491    .text               iic0.o
    0x000173e0   0x0000025c   Code   RO         2618    .text               ssp0.o
    0x0001763c   0x000000cc   Code   RO         2640    .text               fs_usbh_msc.o
    0x00017708   0x000012bc   Code   RO         2656    .text               msd_sd_file.o
    0x000189c4   0x000000b8   Code   RO         2710    .text               serial_for_usb.o
    0x00018a7c   0x0000011c   Code   RO         2771    .text               usbh_ohci_lpc17xx.o
    0x00018b98   0x000000cc   Code   RO         2799    .text               retarget.o
    0x00018c64   0x00001edc   Code   RO         2836    .text               gps.o
    0x0001ab40   0x00000ea8   Code   RO         2942    .text               gps_pack.o
    0x0001b9e8   0x000005b4   Code   RO         2978    .text               atcmd.o
    0x0001bf9c   0x00003e2c   Code   RO         3068    .text               bb_gprs_cmd.o
    0x0001fdc8   0x00000138   Code   RO         3181    .text               gb_gprs_cmd.o
    0x0001ff00   0x000037e0   Code   RO         3292    .text               th_gprs_cmd.o
    0x000236e0   0x00003fb4   Code   RO         3332    .text               gsm_gprs.o
    0x00027694   0x0000061c   Code   RO         3405    .text               gprs_cmd.o
    0x00027cb0   0x00000738   Code   RO         3516    .text               gprs_alig.o
    0x000283e8   0x00000680   Code   RO         3560    .text               phone.o
    0x00028a68   0x00000624   Code   RO         3589    .text               sms.o
    0x0002908c   0x000017c6   Code   RO         3669    .text               kionix_kxtf9_driver.o
    0x0002a852   0x0000002e   Code   RO         3709    .text               i2c_interface.o
    0x0002a880   0x00000538   Code   RO         3725    .text               kionix_kxtf9_common.o
    0x0002adb8   0x000000ac   Code   RO         3814    .text               hal_cm3.o
    0x0002ae64   0x00000128   Code   RO         3857    .text               rt_event.o
    0x0002af8c   0x00000218   Code   RO         3869    .text               rt_list.o
    0x0002b1a4   0x000000c0   Code   RO         3896    .text               rt_semaphore.o
    0x0002b264   0x00000058   Code   RO         3908    .text               rt_robin.o
    0x0002b2bc   0x0000011c   Code   RO         3923    .text               rt_mutex.o
    0x0002b3d8   0x0000009e   Code   RO         3935    .text               rt_membox.o
    0x0002b476   0x00000002   PAD
    0x0002b478   0x00000290   Code   RO         3951    .text               rt_mailbox.o
    0x0002b708   0x000000b4   Code   RO         3963    .text               rt_timer.o
    0x0002b7bc   0x00000040   Code   RO         3978    .text               rt_time.o
    0x0002b7fc   0x00000368   Code   RO         3993    .text               rt_task.o
    0x0002bb64   0x00000120   Code   RO         4023    .text               rt_system.o
    0x0002bc84   0x000000ee   Code   RO         4427    .text               c_w.l(lludivv7m.o)
    0x0002bd72   0x00000014   Code   RO         4431    .text               c_w.l(__2fprintf.o)
    0x0002bd86   0x00000002   PAD
    0x0002bd88   0x0000002c   Code   RO         4433    .text               c_w.l(__2sprintf.o)
    0x0002bdb4   0x00000050   Code   RO         4441    .text               c_w.l(_printf_pad.o)
    0x0002be04   0x00000052   Code   RO         4443    .text               c_w.l(_printf_str.o)
    0x0002be56   0x00000002   PAD
    0x0002be58   0x00000078   Code   RO         4445    .text               c_w.l(_printf_dec.o)
    0x0002bed0   0x0000002a   Code   RO         4447    .text               c_w.l(_printf_charcount.o)
    0x0002befa   0x00000002   PAD
    0x0002befc   0x00000058   Code   RO         4458    .text               c_w.l(_printf_hex_ptr.o)
    0x0002bf54   0x0000019c   Code   RO         4487    .text               c_w.l(__printf_flags_ss_wp.o)
    0x0002c0f0   0x0000003c   Code   RO         4495    .text               c_w.l(__0sscanf.o)
    0x0002c12c   0x0000014e   Code   RO         4497    .text               c_w.l(_scanf_int.o)
    0x0002c27a   0x0000001a   Code   RO         4499    .text               c_w.l(atoi.o)
    0x0002c294   0x0000004e   Code   RO         4512    .text               c_w.l(fclose.o)
    0x0002c2e2   0x00000002   PAD
    0x0002c2e4   0x00000034   Code   RO         4514    .text               c_w.l(fclose_locked.o)
    0x0002c318   0x0000001e   Code   RO         4516    .text               c_w.l(ferror_locked.o)
    0x0002c336   0x00000002   PAD
    0x0002c338   0x00000144   Code   RO         4518    .text               c_w.l(fopen_locked.o)
    0x0002c47c   0x00000024   Code   RO         4520    .text               c_w.l(strstr.o)
    0x0002c4a0   0x0000004e   Code   RO         4522    .text               c_w.l(memcmp.o)
    0x0002c4ee   0x00000048   Code   RO         4524    .text               c_w.l(strcpy.o)
    0x0002c536   0x0000003e   Code   RO         4526    .text               c_w.l(strlen.o)
    0x0002c574   0x00000018   Code   RO         4528    .text               c_w.l(strcat.o)
    0x0002c58c   0x0000008a   Code   RO         4530    .text               c_w.l(rt_memcpy_v6.o)
    0x0002c616   0x00000084   Code   RO         4532    .text               c_w.l(rt_memmove_v6.o)
    0x0002c69a   0x00000064   Code   RO         4534    .text               c_w.l(rt_memcpy_w.o)
    0x0002c6fe   0x0000007a   Code   RO         4536    .text               c_w.l(rt_memmove_w.o)
    0x0002c778   0x00000010   Code   RO         4538    .text               c_w.l(aeabi_memset.o)
    0x0002c788   0x00000044   Code   RO         4540    .text               c_w.l(rt_memclr.o)
    0x0002c7cc   0x0000004e   Code   RO         4542    .text               c_w.l(rt_memclr_w.o)
    0x0002c81a   0x00000056   Code   RO         4544    .text               c_w.l(strncpy.o)
    0x0002c870   0x00000080   Code   RO         4546    .text               c_w.l(strcmpv7m.o)
    0x0002c8f0   0x00000024   Code   RO         4557    .text               c_w.l(init_aeabi.o)
    0x0002c914   0x00000010   Code   RO         4634    .text               c_w.l(rt_ctype_table.o)
    0x0002c924   0x0000009e   Code   RO         4655    .text               c_w.l(h1_alloc_mt.o)
    0x0002c9c2   0x00000076   Code   RO         4657    .text               c_w.l(h1_free_mt.o)
    0x0002ca38   0x00000016   Code   RO         4709    .text               c_w.l(_rserrno.o)
    0x0002ca4e   0x000000b6   Code   RO         4711    .text               c_w.l(_printf_intcommon.o)
    0x0002cb04   0x00000030   Code   RO         4713    .text               c_w.l(_printf_char_common.o)
    0x0002cb34   0x0000000a   Code   RO         4715    .text               c_w.l(_sputc.o)
    0x0002cb3e   0x0000002c   Code   RO         4717    .text               c_w.l(_printf_char.o)
    0x0002cb6a   0x00000020   Code   RO         4722    .text               c_w.l(_chval.o)
    0x0002cb8a   0x00000002   PAD
    0x0002cb8c   0x00000030   Code   RO         4724    .text               c_w.l(scanf_char.o)
    0x0002cbbc   0x00000040   Code   RO         4726    .text               c_w.l(_sgetc.o)
    0x0002cbfc   0x00000070   Code   RO         4728    .text               c_w.l(strtol.o)
    0x0002cc6c   0x000000f8   Code   RO         4738    .text               c_w.l(fseek.o)
    0x0002cd64   0x000000f0   Code   RO         4740    .text               c_w.l(stdio.o)
    0x0002ce54   0x000001c8   Code   RO         4754    .text               c_w.l(initio_locked.o)
    0x0002d01c   0x0000000a   Code   RO         4853    .text               c_w.l(rt_heap_descriptor_twolibspace.o)
    0x0002d026   0x0000000a   Code   RO         4860    .text               c_w.l(rt_locale_twolibspace.o)
    0x0002d030   0x00000004   Code   RO         4862    .text               c_w.l(hguard.o)
    0x0002d034   0x0000008a   Code   RO         4864    .text               c_w.l(init_alloc.o)
    0x0002d0be   0x00000012   Code   RO         4870    .text               c_w.l(h1_init_mt.o)
    0x0002d0d0   0x00000012   Code   RO         4882    .text               c_w.l(isspace.o)
    0x0002d0e2   0x00000002   PAD
    0x0002d0e4   0x00000388   Code   RO         4886    .text               c_w.l(_scanf.o)
    0x0002d46c   0x0000009e   Code   RO         4888    .text               c_w.l(_strtoul.o)
    0x0002d50a   0x00000242   Code   RO         4890    .text               c_w.l(filbuf.o)
    0x0002d74c   0x000001d8   Code   RO         4892    .text               c_w.l(flsbuf.o)
    0x0002d924   0x00000046   Code   RO         4894    .text               c_w.l(ftell.o)
    0x0002d96a   0x00000068   Code   RO         4898    .text               c_w.l(setvbuf_locked.o)
    0x0002d9d2   0x0000000e   Code   RO         4903    .text               c_w.l(defsig_rtred_outer.o)
    0x0002d9e0   0x0000004a   Code   RO         4942    .text               c_w.l(sys_stackheap_outer.o)
    0x0002da2a   0x0000003e   Code   RO         4954    .text               c_w.l(h1_extend_mt.o)
    0x0002da68   0x00000040   Code   RO         4956    .text               c_w.l(_printf_char_file_locked.o)
    0x0002daa8   0x00000036   Code   RO         4966    .text               c_w.l(fputs_locked.o)
    0x0002dade   0x0000013a   Code   RO         4968    .text               c_w.l(freadfast_locked.o)
    0x0002dc18   0x000000da   Code   RO         4972    .text               c_w.l(fwritefast_locked.o)
    0x0002dcf2   0x00000002   PAD
    0x0002dcf4   0x0000005c   Code   RO         4974    .text               c_w.l(flushlinebuffered_locked.o)
    0x0002dd50   0x0000000c   Code   RO         4976    .text               c_w.l(exit.o)
    0x0002dd5c   0x0000000a   Code   RO         4978    .text               c_w.l(defsig_exit.o)
    0x0002dd66   0x00000002   PAD
    0x0002dd68   0x00000034   Code   RO         4984    .text               c_w.l(defsig_rtred_inner.o)
    0x0002dd9c   0x0000000e   Code   RO         4986    .text               c_w.l(defsig_rtmem_outer.o)
    0x0002ddaa   0x00000002   PAD
    0x0002ddac   0x00000090   Code   RO         5014    .text               c_w.l(fflush_locked.o)
    0x0002de3c   0x00000032   Code   RO         5018    .text               c_w.l(defsig_general.o)
    0x0002de6e   0x00000002   PAD
    0x0002de70   0x0000004c   Code   RO         5022    .text               c_w.l(defsig_rtmem_inner.o)
    0x0002debc   0x0000000a   Code   RO         5039    .text               c_w.l(rt_fp_status_addr_twolibspace.o)
    0x0002dec6   0x00000002   PAD
    0x0002dec8   0x00000004   Code   RO         4042    SVC_TABLE           svc_table.o
    0x0002decc   0x00000044   Code   RO         4047    i.USBH_EP0_SetDeviceAddress  USB_CM3.lib(usbh_core.o)
    0x0002df10   0x00000048   Code   RO         4048    i.USBH_EP0_SetMaxPacketSize  USB_CM3.lib(usbh_core.o)
    0x0002df58   0x00000154   Code   RO         4049    i.USBH_EnumerateDevice  USB_CM3.lib(usbh_core.o)
    0x0002e0ac   0x0000002c   Code   RO         4050    i.USBH_GetClassDriverIdx  USB_CM3.lib(usbh_core.o)
    0x0002e0d8   0x000000f8   Code   RO         4052    i.USBH_GetDescriptor  USB_CM3.lib(usbh_core.o)
    0x0002e1d0   0x000000d8   Code   RO         4100    i.USBH_MSC_ClearSTALL  USB_CM3.lib(usbh_msc.o)
    0x0002e2a8   0x000000f8   Code   RO         4101    i.USBH_MSC_Config   USB_CM3.lib(usbh_msc.o)
    0x0002e3a0   0x00000060   Code   RO         4102    i.USBH_MSC_DoPing   USB_CM3.lib(usbh_msc.o)
    0x0002e400   0x00000038   Code   RO         4103    i.USBH_MSC_GetLastError  USB_CM3.lib(usbh_msc.o)
    0x0002e438   0x00000130   Code   RO         4104    i.USBH_MSC_GetMaxLUN  USB_CM3.lib(usbh_msc.o)
    0x0002e568   0x0000010c   Code   RO         4105    i.USBH_MSC_Init     USB_CM3.lib(usbh_msc.o)
    0x0002e674   0x000001e0   Code   RO         4106    i.USBH_MSC_Inquiry  USB_CM3.lib(usbh_msc.o)
    0x0002e854   0x0000002e   Code   RO         4107    i.USBH_MSC_MemAlloc  USB_CM3.lib(usbh_msc.o)
    0x0002e882   0x0000002a   Code   RO         4108    i.USBH_MSC_MemFree  USB_CM3.lib(usbh_msc.o)
    0x0002e8ac   0x00000260   Code   RO         4109    i.USBH_MSC_Read10   USB_CM3.lib(usbh_msc.o)
    0x0002eb0c   0x000001fc   Code   RO         4110    i.USBH_MSC_ReadCapacity  USB_CM3.lib(usbh_msc.o)
    0x0002ed08   0x000001e0   Code   RO         4111    i.USBH_MSC_RequestSense  USB_CM3.lib(usbh_msc.o)
    0x0002eee8   0x00000020   Code   RO         4112    i.USBH_MSC_SetLastError  USB_CM3.lib(usbh_msc.o)
    0x0002ef08   0x00000194   Code   RO         4113    i.USBH_MSC_TestUnitReady  USB_CM3.lib(usbh_msc.o)
    0x0002f09c   0x00000088   Code   RO         4114    i.USBH_MSC_Transfer  USB_CM3.lib(usbh_msc.o)
    0x0002f124   0x0000008c   Code   RO         4115    i.USBH_MSC_UnConfig  USB_CM3.lib(usbh_msc.o)
    0x0002f1b0   0x00000028   Code   RO         4116    i.USBH_MSC_UnInit   USB_CM3.lib(usbh_msc.o)
    0x0002f1d8   0x000002c0   Code   RO         4117    i.USBH_MSC_Write10  USB_CM3.lib(usbh_msc.o)
    0x0002f498   0x00000028   Code   RO         4055    i.USBH_MemAlloc     USB_CM3.lib(usbh_core.o)
    0x0002f4c0   0x00000022   Code   RO         4056    i.USBH_MemFree      USB_CM3.lib(usbh_core.o)
    0x0002f4e2   0x00000002   PAD
    0x0002f4e4   0x0000000c   Code   RO         4145    i.USBH_OHCI_Delay_ms  USB_CM3.lib(usbh_ohci.o)
    0x0002f4f0   0x0000001a   Code   RO         4146    i.USBH_OHCI_ED_Clear  USB_CM3.lib(usbh_ohci.o)
    0x0002f50a   0x00000010   Code   RO         4147    i.USBH_OHCI_ED_FindLast  USB_CM3.lib(usbh_ohci.o)
    0x0002f51a   0x00000002   PAD
    0x0002f51c   0x00000090   Code   RO         4148    i.USBH_OHCI_ED_IntFindSlot  USB_CM3.lib(usbh_ohci.o)
    0x0002f5ac   0x0000009c   Code   RO         4149    i.USBH_OHCI_ED_Start  USB_CM3.lib(usbh_ohci.o)
    0x0002f648   0x000000a8   Code   RO         4150    i.USBH_OHCI_ED_Stop  USB_CM3.lib(usbh_ohci.o)
    0x0002f6f0   0x0000013c   Code   RO         4151    i.USBH_OHCI_EP_Add  USB_CM3.lib(usbh_ohci.o)
    0x0002f82c   0x00000098   Code   RO         4152    i.USBH_OHCI_EP_Config  USB_CM3.lib(usbh_ohci.o)
    0x0002f8c4   0x0000018c   Code   RO         4153    i.USBH_OHCI_EP_Remove  USB_CM3.lib(usbh_ohci.o)
    0x0002fa50   0x00000078   Code   RO         4154    i.USBH_OHCI_Get_Connect  USB_CM3.lib(usbh_ohci.o)
    0x0002fac8   0x0000000c   Code   RO         4155    i.USBH_OHCI_Get_Speed  USB_CM3.lib(usbh_ohci.o)
    0x0002fad4   0x0000016c   Code   RO         4156    i.USBH_OHCI_IRQHandler  USB_CM3.lib(usbh_ohci.o)
    0x0002fc40   0x000001bc   Code   RO         4157    i.USBH_OHCI_Init    USB_CM3.lib(usbh_ohci.o)
    0x0002fdfc   0x00000014   Code   RO         4158    i.USBH_OHCI_Pins_Config  USB_CM3.lib(usbh_ohci.o)
    0x0002fe10   0x00000038   Code   RO         4159    i.USBH_OHCI_Port_Power  USB_CM3.lib(usbh_ohci.o)
    0x0002fe48   0x00000030   Code   RO         4160    i.USBH_OHCI_Port_Reset  USB_CM3.lib(usbh_ohci.o)
    0x0002fe78   0x0000000e   Code   RO         4161    i.USBH_OHCI_TDURB_Clear  USB_CM3.lib(usbh_ohci.o)
    0x0002fe86   0x00000002   PAD
    0x0002fe88   0x0000002c   Code   RO         4162    i.USBH_OHCI_TDURB_FindFree  USB_CM3.lib(usbh_ohci.o)
    0x0002feb4   0x00000038   Code   RO         4163    i.USBH_OHCI_TDURB_FindTD  USB_CM3.lib(usbh_ohci.o)
    0x0002feec   0x00000034   Code   RO         4164    i.USBH_OHCI_TDURB_FindURB  USB_CM3.lib(usbh_ohci.o)
    0x0002ff20   0x00000012   Code   RO         4165    i.USBH_OHCI_TD_Clear  USB_CM3.lib(usbh_ohci.o)
    0x0002ff32   0x00000002   PAD
    0x0002ff34   0x00000058   Code   RO         4166    i.USBH_OHCI_TD_Dequeue  USB_CM3.lib(usbh_ohci.o)
    0x0002ff8c   0x000000a4   Code   RO         4167    i.USBH_OHCI_TD_Enqueue  USB_CM3.lib(usbh_ohci.o)
    0x00030030   0x00000064   Code   RO         4168    i.USBH_OHCI_URB_Cancel  USB_CM3.lib(usbh_ohci.o)
    0x00030094   0x00000048   Code   RO         4169    i.USBH_OHCI_URB_Submit  USB_CM3.lib(usbh_ohci.o)
    0x000300dc   0x000000b0   Code   RO         4057    i.USBH_SetAddress   USB_CM3.lib(usbh_core.o)
    0x0003018c   0x000000b0   Code   RO         4058    i.USBH_SetConfiguration  USB_CM3.lib(usbh_core.o)
    0x0003023c   0x00000014   Code   RO         4062    i.USBH_SetLastError  USB_CM3.lib(usbh_core.o)
    0x00030250   0x00000090   Code   RO         4064    i.USBH_Transfer     USB_CM3.lib(usbh_core.o)
    0x000302e0   0x0000021c   Code   RO         4065    i.USBH_UninitDevices  USB_CM3.lib(usbh_core.o)
    0x000304fc   0x00000104   Code   RO         2511    i._ZN6IICCls9InterruptEv  iic0.o
    0x00030600   0x0000024c   Code   RO         2352    i._ZN6RITCls9InterruptEv  rit.o
    0x0003084c   0x00000130   Code   RO         2035    i._ZN6RtcCls9InterruptEv  rtc.o
    0x0003097c   0x00000094   Code   RO         1778    i._ZN7UartCls9InterruptEv  uart0.o
    0x00030a10   0x000000e0   Code   RO         1835    i._ZN8Uart1Cls9InterruptEv  uart1.o
    0x00030af0   0x000000e4   Code   RO         1867    i._ZN8Uart2Cls9InterruptEv  uart2 .o
    0x00030bd4   0x0000009c   Code   RO         1904    i._ZN8Uart3Cls9InterruptEv  uart3.o
    0x00030c70   0x00000724   Code   RO          423    i._ZN9SystemCls13LoadInitValueEv  usersys.o
    0x00031394   0x00000430   Code   RO          429    i._ZN9SystemCls4InitEv  usersys.o
    0x000317c4   0x000000b4   Code   RO         2245    i._ZN9Timer2Cls9InterruptEv  timer2.o
    0x00031878   0x00000004   Code   RO         2041    i._ZSt6strstrPcPKc  rtc.o
    0x0003187c   0x00000028   Code   RO         4940    i.__ARM_fpclassify  m_ws.l(fpclassify.o)
    0x000318a4   0x00000384   Code   RO         4817    i.__ieee754_rem_pio2  m_ws.l(rred.o)
    0x00031c28   0x000000fc   Code   RO         4812    i.__kernel_cos      m_ws.l(cos_i.o)
    0x00031d24   0x000000aa   Code   RO         4815    i.__kernel_poly     m_ws.l(poly.o)
    0x00031dce   0x00000002   PAD
    0x00031dd0   0x000000f0   Code   RO         4822    i.__kernel_sin      m_ws.l(sin_i.o)
    0x00031ec0   0x00000010   Code   RO         4938    i.__mathlib_dbl_underflow  m_ws.l(dunder.o)
    0x00031ed0   0x00000054   Code   RO         4206    i.__sys_close       FS_CM3.lib(fs_sys.o)
    0x00031f24   0x00000048   Code   RO         4207    i.__sys_ensure      FS_CM3.lib(fs_sys.o)
    0x00031f6c   0x00000040   Code   RO         4208    i.__sys_flen        FS_CM3.lib(fs_sys.o)
    0x00031fac   0x000001b0   Code   RO         4209    i.__sys_open        FS_CM3.lib(fs_sys.o)
    0x0003215c   0x00000060   Code   RO         4210    i.__sys_read        FS_CM3.lib(fs_sys.o)
    0x000321bc   0x00000048   Code   RO         4211    i.__sys_seek        FS_CM3.lib(fs_sys.o)
    0x00032204   0x00000058   Code   RO         4212    i.__sys_write       FS_CM3.lib(fs_sys.o)
    0x0003225c   0x0000000e   Code   RO         4480    i._is_digit         c_w.l(__printf_wp.o)
    0x0003226a   0x00000002   PAD
    0x0003226c   0x00000284   Code   RO         4599    i.acos              m_ws.l(acos.o)
    0x000324f0   0x00000112   Code   RO         4247    i.alloc_name        FS_CM3.lib(fs_fat.o)
    0x00032602   0x0000004a   Code   RO         4248    i.alloc_new_clus    FS_CM3.lib(fs_fat.o)
    0x0003264c   0x00000092   Code   RO         4249    i.cache_fat         FS_CM3.lib(fs_fat.o)
    0x000326de   0x00000070   Code   RO         4250    i.check_lfn         FS_CM3.lib(fs_fat.o)
    0x0003274e   0x00000006   Code   RO         4251    i.check_name        FS_CM3.lib(fs_fat.o)
    0x00032754   0x000000b0   Code   RO         4252    i.chk_dir_empty     FS_CM3.lib(fs_fat.o)
    0x00032804   0x0000003c   Code   RO         4253    i.clear_clus        FS_CM3.lib(fs_fat.o)
    0x00032840   0x0000001a   Code   RO         4254    i.clus_to_sect      FS_CM3.lib(fs_fat.o)
    0x0003285a   0x00000002   PAD
    0x0003285c   0x000000ac   Code   RO         4609    i.cos               m_ws.l(cos.o)
    0x00032908   0x0000010a   Code   RO         4255    i.count_free_clus   FS_CM3.lib(fs_fat.o)
    0x00032a12   0x00000002   PAD
    0x00032a14   0x00000088   Code   RO         4256    i.create_entry      FS_CM3.lib(fs_fat.o)
    0x00032a9c   0x00000148   Code   RO         4257    i.create_lfn_entry  FS_CM3.lib(fs_fat.o)
    0x00032be4   0x000001c2   Code   RO         4258    i.create_sfn_entry  FS_CM3.lib(fs_fat.o)
    0x00032da6   0x0000009e   Code   RO         4259    i.cvt_fatname       FS_CM3.lib(fs_fat.o)
    0x00032e44   0x0000009a   Code   RO         4260    i.delete_entries    FS_CM3.lib(fs_fat.o)
    0x00032ede   0x00000056   Code   RO         4261    i.fat_create        FS_CM3.lib(fs_fat.o)
    0x00032f34   0x00000086   Code   RO         4262    i.fat_delete        FS_CM3.lib(fs_fat.o)
    0x00032fba   0x00000044   Code   RO         4263    i.fat_ffind         FS_CM3.lib(fs_fat.o)
    0x00032ffe   0x0000004c   Code   RO         4264    i.fat_find          FS_CM3.lib(fs_fat.o)
    0x0003304a   0x00000084   Code   RO         4265    i.fat_find_dir      FS_CM3.lib(fs_fat.o)
    0x000330ce   0x00000002   PAD
    0x000330d0   0x000003bc   Code   RO         4266    i.fat_format        FS_CM3.lib(fs_fat.o)
    0x0003348c   0x00000032   Code   RO         4267    i.fat_free          FS_CM3.lib(fs_fat.o)
    0x000334be   0x00000148   Code   RO         4268    i.fat_init          FS_CM3.lib(fs_fat.o)
    0x00033606   0x000000b4   Code   RO         4271    i.fat_read          FS_CM3.lib(fs_fat.o)
    0x000336ba   0x00000090   Code   RO         4272    i.fat_rename        FS_CM3.lib(fs_fat.o)
    0x0003374a   0x0000007a   Code   RO         4273    i.fat_seek          FS_CM3.lib(fs_fat.o)
    0x000337c4   0x000000f6   Code   RO         4274    i.fat_wclose        FS_CM3.lib(fs_fat.o)
    0x000338ba   0x00000114   Code   RO         4275    i.fat_write         FS_CM3.lib(fs_fat.o)
    0x000339ce   0x00000002   PAD
    0x000339d0   0x00000080   Code   RO         4223    i.fdelete           FS_CM3.lib(fs_mapi.o)
    0x00033a50   0x000001b8   Code   RO         4224    i.ffind             FS_CM3.lib(fs_mapi.o)
    0x00033c08   0x00000080   Code   RO         4225    i.fformat           FS_CM3.lib(fs_mapi.o)
    0x00033c88   0x0000004c   Code   RO         4226    i.ffree             FS_CM3.lib(fs_mapi.o)
    0x00033cd4   0x00000006   Code   RO         4276    i.find_name         FS_CM3.lib(fs_fat.o)
    0x00033cda   0x00000002   PAD
    0x00033cdc   0x0000007c   Code   RO         4227    i.finit             FS_CM3.lib(fs_mapi.o)
    0x00033d58   0x0000001a   Code   RO         4735    i.fputc             c_w.l(fputc.o)
    0x00033d72   0x00000002   PAD
    0x00033d74   0x000000cc   Code   RO         4228    i.frename           FS_CM3.lib(fs_mapi.o)
    0x00033e40   0x00000060   Code   RO         4229    i.fs_cfg_drv        FS_CM3.lib(fs_mapi.o)
    0x00033ea0   0x0000002e   Code   RO         4401    i.fs_chk_media      FS_CM3.lib(fs_lib.o)
    0x00033ece   0x00000024   Code   RO         4402    i.fs_dir            FS_CM3.lib(fs_lib.o)
    0x00033ef2   0x00000002   PAD
    0x00033ef4   0x00000038   Code   RO         4403    i.fs_find_iob       FS_CM3.lib(fs_lib.o)
    0x00033f2c   0x00000008   Code   RO         4416    i.fs_get_date       FS_CM3.lib(fs_time.o)
    0x00033f34   0x00000006   Code   RO         4417    i.fs_get_time       FS_CM3.lib(fs_time.o)
    0x00033f3a   0x00000002   PAD
    0x00033f3c   0x00000054   Code   RO         4404    i.fs_lock           FS_CM3.lib(fs_lib.o)
    0x00033f90   0x00000078   Code   RO         4405    i.fs_map_drive      FS_CM3.lib(fs_lib.o)
    0x00034008   0x0000001a   Code   RO         4407    i.fs_strpos         FS_CM3.lib(fs_lib.o)
    0x00034022   0x00000002   PAD
    0x00034024   0x00000094   Code   RO         4230    i.funinit           FS_CM3.lib(fs_mapi.o)
    0x000340b8   0x00000024   Code   RO         4277    i.get_EOC           FS_CM3.lib(fs_fat.o)
    0x000340dc   0x000000b0   Code   RO         4279    i.get_bootrec       FS_CM3.lib(fs_fat.o)
    0x0003418c   0x0000002c   Code   RO         4280    i.get_date          FS_CM3.lib(fs_fat.o)
    0x000341b8   0x0000002c   Code   RO         4281    i.get_dir_sect      FS_CM3.lib(fs_fat.o)
    0x000341e4   0x00000032   Code   RO         4282    i.get_fat_sect      FS_CM3.lib(fs_fat.o)
    0x00034216   0x00000002   PAD
    0x00034218   0x000000dc   Code   RO         4284    i.get_free_clus     FS_CM3.lib(fs_fat.o)
    0x000342f4   0x00000080   Code   RO         4285    i.get_fsinfo        FS_CM3.lib(fs_fat.o)
    0x00034374   0x000001c0   Code   RO         4286    i.get_next_info     FS_CM3.lib(fs_fat.o)
    0x00034534   0x00000190   Code   RO         4287    i.get_nt_name       FS_CM3.lib(fs_fat.o)
    0x000346c4   0x0000002a   Code   RO         4288    i.get_param         FS_CM3.lib(fs_fat.o)
    0x000346ee   0x00000030   Code   RO         4289    i.get_time          FS_CM3.lib(fs_fat.o)
    0x0003471e   0x0000000a   Code   RO         4290    i.get_u16           FS_CM3.lib(fs_fat.o)
    0x00034728   0x00000016   Code   RO         4291    i.get_u32           FS_CM3.lib(fs_fat.o)
    0x0003473e   0x000000ce   Code   RO         4231    i.init_drv          FS_CM3.lib(fs_mapi.o)
    0x0003480c   0x00000038   Code   RO         4292    i.is_EOC            FS_CM3.lib(fs_fat.o)
    0x00034844   0x0000001e   Code   RO         4301    i.lfn_calc_chksum   FS_CM3.lib(fs_fat.o)
    0x00034862   0x0000007a   Code   RO         4302    i.read_cache        FS_CM3.lib(fs_fat.o)
    0x000348dc   0x00000036   Code   RO         4303    i.read_last_entry   FS_CM3.lib(fs_fat.o)
    0x00034912   0x00000052   Code   RO         4304    i.read_sector       FS_CM3.lib(fs_fat.o)
    0x00034964   0x00000078   Code   RO         4305    i.rename_entries    FS_CM3.lib(fs_fat.o)
    0x000349dc   0x00000220   Code   RO         4306    i.search_for_name   FS_CM3.lib(fs_fat.o)
    0x00034bfc   0x0000008c   Code   RO         4307    i.set_next_clus     FS_CM3.lib(fs_fat.o)
    0x00034c88   0x00000008   Code   RO         4308    i.set_u16           FS_CM3.lib(fs_fat.o)
    0x00034c90   0x00000010   Code   RO         4309    i.set_u32           FS_CM3.lib(fs_fat.o)
    0x00034ca0   0x00000024   Code   RO         4310    i.sfn_cmp_name      FS_CM3.lib(fs_fat.o)
    0x00034cc4   0x000000b0   Code   RO         4617    i.sin               m_ws.l(sin.o)
    0x00034d74   0x0000004c   Code   RO         4625    i.sqrt              m_ws.l(sqrt.o)
    0x00034dc0   0x00000052   Code   RO         4232    i.uninit_drv        FS_CM3.lib(fs_mapi.o)
    0x00034e12   0x0000013a   Code   RO         4312    i.unlink_clus_chain  FS_CM3.lib(fs_fat.o)
    0x00034f4c   0x00000130   Code   RO         4066    i.usbh_engine       USB_CM3.lib(usbh_core.o)
    0x0003507c   0x00000090   Code   RO         4069    i.usbh_init         USB_CM3.lib(usbh_core.o)
    0x0003510c   0x00000044   Code   RO         4198    i.usbh_mem_alloc    USB_CM3.lib(usbh_mem.o)
    0x00035150   0x0000003c   Code   RO         4199    i.usbh_mem_free     USB_CM3.lib(usbh_mem.o)
    0x0003518c   0x00000040   Code   RO         4200    i.usbh_mem_init     USB_CM3.lib(usbh_mem.o)
    0x000351cc   0x0000003a   Code   RO         4118    i.usbh_msc_read     USB_CM3.lib(usbh_msc.o)
    0x00035206   0x00000002   PAD
    0x00035208   0x00000098   Code   RO         4119    i.usbh_msc_read_config  USB_CM3.lib(usbh_msc.o)
    0x000352a0   0x0000004c   Code   RO         4120    i.usbh_msc_status   USB_CM3.lib(usbh_msc.o)
    0x000352ec   0x0000003a   Code   RO         4121    i.usbh_msc_write    USB_CM3.lib(usbh_msc.o)
    0x00035326   0x00000002   PAD
    0x00035328   0x00000068   Code   RO         4071    i.usbh_uninit       USB_CM3.lib(usbh_core.o)
    0x00035390   0x00000012   Code   RO         4313    i.val_char          FS_CM3.lib(fs_fat.o)
    0x000353a2   0x0000003c   Code   RO         4314    i.val_char_sn       FS_CM3.lib(fs_fat.o)
    0x000353de   0x00000002   PAD
    0x000353e0   0x000001d8   Code   RO         4315    i.write_br          FS_CM3.lib(fs_fat.o)
    0x000355b8   0x0000009c   Code   RO         4316    i.write_cache       FS_CM3.lib(fs_fat.o)
    0x00035654   0x00000104   Code   RO         4317    i.write_dot_entries  FS_CM3.lib(fs_fat.o)
    0x00035758   0x000000e8   Code   RO         4318    i.write_fat_link    FS_CM3.lib(fs_fat.o)
    0x00035840   0x00000068   Code   RO         4319    i.write_fsinfo      FS_CM3.lib(fs_fat.o)
    0x000358a8   0x0000007e   Code   RO         4320    i.write_label       FS_CM3.lib(fs_fat.o)
    0x00035926   0x00000002   PAD
    0x00035928   0x000000c0   Code   RO         4321    i.write_mbr         FS_CM3.lib(fs_fat.o)
    0x000359e8   0x00000030   Code   RO         4322    i.write_sector      FS_CM3.lib(fs_fat.o)
    0x00035a18   0x0000002c   Code   RO         4901    locale$$code        c_w.l(lc_ctype_c.o)
    0x00035a44   0x00000150   Code   RO         4562    x$fpl$dadd          fz_ws.l(daddsub_clz.o)
    0x00035b94   0x00000010   Code   RO         4797    x$fpl$dcheck1       fz_ws.l(dcheck1.o)
    0x00035ba4   0x000002b0   Code   RO         4569    x$fpl$ddiv          fz_ws.l(ddiv.o)
    0x00035e54   0x0000005e   Code   RO         4932    x$fpl$dfix          fz_ws.l(dfix.o)
    0x00035eb2   0x00000002   PAD
    0x00035eb4   0x0000005a   Code   RO         4572    x$fpl$dfixu         fz_ws.l(dfixu.o)
    0x00035f0e   0x0000002e   Code   RO         4577    x$fpl$dflt          fz_ws.l(dflt_clz.o)
    0x00035f3c   0x00000026   Code   RO         4576    x$fpl$dfltu         fz_ws.l(dflt_clz.o)
    0x00035f62   0x00000002   PAD
    0x00035f64   0x00000154   Code   RO         4582    x$fpl$dmul          fz_ws.l(dmul.o)
    0x000360b8   0x0000009c   Code   RO         4801    x$fpl$dnaninf       fz_ws.l(dnaninf.o)
    0x00036154   0x0000000c   Code   RO         4803    x$fpl$dretinf       fz_ws.l(dretinf.o)
    0x00036160   0x00000016   Code   RO         4563    x$fpl$drsb          fz_ws.l(daddsub_clz.o)
    0x00036176   0x00000002   PAD
    0x00036178   0x000001cc   Code   RO         4805    x$fpl$dsqrt         fz_ws.l(dsqrt_noumaal.o)
    0x00036344   0x000001d4   Code   RO         4564    x$fpl$dsub          fz_ws.l(daddsub_clz.o)
    0x00036518   0x00000056   Code   RO         4584    x$fpl$f2d           fz_ws.l(f2d.o)
    0x0003656e   0x00000002   PAD
    0x00036570   0x00000184   Code   RO         4587    x$fpl$fdiv          fz_ws.l(fdiv.o)
    0x000366f4   0x00000026   Code   RO         4590    x$fpl$ffltu         fz_ws.l(fflt_clz.o)
    0x0003671a   0x0000008c   Code   RO         4807    x$fpl$fnaninf       fz_ws.l(fnaninf.o)
    0x000367a6   0x0000000e   Code   RO         5024    x$fpl$fpinit        fz_ws.l(fpinit.o)
    0x000367b4   0x0000000a   Code   RO         4809    x$fpl$fretinf       fz_ws.l(fretinf.o)
    0x000367be   0x00000064   Code   RO         4936    x$fpl$retnan        fz_ws.l(retnan.o)
    0x00036822   0x00000060   Code   RO         4596    x$fpl$scalbn        fz_ws.l(scalbn.o)
    0x00036882   0x00000030   Code   RO         5006    x$fpl$trapveneer    fz_ws.l(trapv.o)
    0x000368b2   0x00000002   PAD
    0x000368b4   0x00000004   Data   RO           60    .constdata          rtx_conf_cm.o
    0x000368b8   0x00000004   Data   RO           61    .constdata          rtx_conf_cm.o
    0x000368bc   0x00000004   Data   RO           62    .constdata          rtx_conf_cm.o
    0x000368c0   0x00000008   Data   RO           64    .constdata          rtx_conf_cm.o
    0x000368c8   0x00000004   Data   RO           66    .constdata          rtx_conf_cm.o
    0x000368cc   0x00000001   Data   RO          101    .constdata          usb_config.o
    0x000368cd   0x00000001   Data   RO          102    .constdata          usb_config.o
    0x000368ce   0x00000001   Data   RO          104    .constdata          usb_config.o
    0x000368cf   0x00000001   Data   RO          105    .constdata          usb_config.o
    0x000368d0   0x00000001   Data   RO          106    .constdata          usb_config.o
    0x000368d1   0x00000001   Data   RO          107    .constdata          usb_config.o
    0x000368d2   0x00000002   Data   RO          169    .constdata          file_config.o
    0x000368d4   0x00000002   Data   RO          170    .constdata          file_config.o
    0x000368d6   0x00000002   PAD
    0x000368d8   0x00000008   Data   RO          171    .constdata          file_config.o
    0x000368e0   0x00000044   Data   RO          219    .constdata          can_lpc17xx.o
    0x00036924   0x00000010   Data   RO          253    .constdata          taskcan.o
    0x00036934   0x00000010   Data   RO          405    .constdata          usersys.o
    0x00036944   0x0000006f   Data   RO          406    .constdata          usersys.o
    0x000369b3   0x00000001   PAD
    0x000369b4   0x00000200   Data   RO          605    .constdata          algol.o
    0x00036bb4   0x00000fe4   Data   RO          922    .constdata          keydisp.o
    0x00037b98   0x000001cc   Data   RO         1160    .constdata          taskuart0.o
    0x00037d64   0x000002c0   Data   RO         1394    .constdata          print.o
    0x00038024   0x0000013e   Data   RO         1540    .constdata          switch.o
    0x00038162   0x00000002   PAD
    0x00038164   0x0000011a   Data   RO         1889    .constdata          uart3.o
    0x0003827e   0x00000002   PAD
    0x00038280   0x00000028   Data   RO         1988    .constdata          dff_25xxx.o
    0x000382a8   0x0000008a   Data   RO         2020    .constdata          rtc.o
    0x00038332   0x00000002   PAD
    0x00038334   0x00000093   Data   RO         2178    .constdata          adc.o
    0x000383c7   0x00000600   Data   RO         2304    .constdata          led_e308.o
    0x000389c7   0x00001230   Data   RO         2582    .constdata          ascii_code24dot.o
    0x00039bf7   0x000039d3   Data   RO         2604    .constdata          cn_code24dot.o
    0x0003d5ca   0x00000002   PAD
    0x0003d5cc   0x00000018   Data   RO         2641    .constdata          fs_usbh_msc.o
    0x0003d5e4   0x00000054   Data   RO         2658    .constdata          msd_sd_file.o
    0x0003d638   0x00000029   Data   RO         2712    .constdata          serial_for_usb.o
    0x0003d661   0x00000006   Data   RO         2800    .constdata          retarget.o
    0x0003d667   0x00000007   Data   RO         2801    .constdata          retarget.o
    0x0003d66e   0x00000007   Data   RO         2802    .constdata          retarget.o
    0x0003d675   0x00000003   PAD
    0x0003d678   0x00000096   Data   RO         2839    .constdata          gps.o
    0x0003d70e   0x00000740   Data   RO         2980    .constdata          atcmd.o
    0x0003de4e   0x000001e3   Data   RO         3407    .constdata          gprs_cmd.o
    0x0003e031   0x00000033   Data   RO         3562    .constdata          phone.o
    0x0003e064   0x00000020   Data   RO         4170    .constdata          USB_CM3.lib(usbh_ohci.o)
    0x0003e084   0x000000a9   Data   RO         4323    .constdata          FS_CM3.lib(fs_fat.o)
    0x0003e12d   0x00000028   Data   RO         4459    .constdata          c_w.l(_printf_hex_ptr.o)
    0x0003e155   0x00000011   Data   RO         4488    .constdata          c_w.l(__printf_flags_ss_wp.o)
    0x0003e166   0x00000002   PAD
    0x0003e168   0x00000050   Data   RO         4600    .constdata          m_ws.l(acos.o)
    0x0003e1b8   0x00000030   Data   RO         4813    .constdata          m_ws.l(cos_i.o)
    0x0003e1e8   0x000000c8   Data   RO         4819    .constdata          m_ws.l(rred.o)
    0x0003e2b0   0x00000028   Data   RO         4823    .constdata          m_ws.l(sin_i.o)
    0x0003e2d8   0x00000040   Data   RO         5062    Region$$Table       anon$$obj.o
    0x0003e318   0x00000110   Data   RO         4900    locale$$data        c_w.l(lc_ctype_c.o)
    0x0003e428   0x00000004   Data   RO          256    .init_array         taskcan.o
    0x0003e42c   0x00000004   Data   RO          409    .init_array         usersys.o
    0x0003e430   0x00000004   Data   RO          935    .init_array         keydisp.o
    0x0003e434   0x00000004   Data   RO         1061    .init_array         speed.o
    0x0003e438   0x00000004   Data   RO         1396    .init_array         print.o
    0x0003e43c   0x00000004   Data   RO         1492    .init_array         pwm.o
    0x0003e440   0x00000004   Data   RO         1543    .init_array         switch.o
    0x0003e444   0x00000004   Data   RO         1663    .init_array         camera.o
    0x0003e448   0x00000004   Data   RO         1764    .init_array         uart0.o
    0x0003e44c   0x00000004   Data   RO         1821    .init_array         uart1.o
    0x0003e450   0x00000004   Data   RO         1853    .init_array         uart2 .o
    0x0003e454   0x00000004   Data   RO         1890    .init_array         uart3.o
    0x0003e458   0x00000004   Data   RO         1932    .init_array         dfe_25xxx.o
    0x0003e45c   0x00000004   Data   RO         1993    .init_array         dff_25xxx.o
    0x0003e460   0x00000004   Data   RO         2021    .init_array         rtc.o
    0x0003e464   0x00000004   Data   RO         2135    .init_array         spi0.o
    0x0003e468   0x00000004   Data   RO         2179    .init_array         adc.o
    0x0003e46c   0x00000004   Data   RO         2231    .init_array         timer2.o
    0x0003e470   0x00000004   Data   RO         2307    .init_array         led_e308.o
    0x0003e474   0x00000004   Data   RO         2338    .init_array         rit.o
    0x0003e478   0x00000004   Data   RO         2413    .init_array         timer0.o
    0x0003e47c   0x00000004   Data   RO         2440    .init_array         timer1.o
    0x0003e480   0x00000004   Data   RO         2468    .init_array         timer3.o
    0x0003e484   0x00000004   Data   RO         2497    .init_array         iic0.o
    0x0003e488   0x00000004   Data   RO         2621    .init_array         ssp0.o
    0x0003e48c   0x00000004   Data   RO         2841    .init_array         gps.o
    0x0003e490   0x00000004   Data   RO         3351    .init_array         gsm_gprs.o


    Execution Region RW_IRAM1 (Base: 0x10000000, Size: 0x00006f70, Max: 0x00008000, ABSOLUTE, COMPRESSED[0x00000054])

    Base Addr    Size         Type   Attr      Idx    E Section Name        Object

    0x10000000   0x00000004   Data   RW           69    .data               rtx_conf_cm.o
    0x10000004   0x00000004   Data   RW          108    .data               usb_config.o
    0x10000008   0x00000004   Data   RW          110    .data               usb_config.o
    0x1000000c   0x00000001   Data   RW          111    .data               usb_config.o
    0x1000000d   0x00000003   PAD
    0x10000010   0x00000004   Data   RW          254    .data               taskcan.o
    0x10000014   0x00000004   Data   RW          685    .data               main.o
    0x10000018   0x00000002   Data   RW          686    .data               main.o
    0x1000001a   0x00000008   Data   RW          687    .data               main.o
    0x10000022   0x00000008   Data   RW          691    .data               main.o
    0x1000002a   0x00000001   Data   RW          692    .data               main.o
    0x1000002b   0x00000001   PAD
    0x1000002c   0x00000004   Data   RW          694    .data               main.o
    0x10000030   0x00000002   Data   RW          697    .data               main.o
    0x10000032   0x00000001   Data   RW          699    .data               main.o
    0x10000033   0x00000001   Data   RW          701    .data               main.o
    0x10000034   0x00000001   Data   RW          705    .data               main.o
    0x10000035   0x00000003   PAD
    0x10000038   0x00000004   Data   RW          709    .data               main.o
    0x1000003c   0x00000002   Data   RW          714    .data               main.o
    0x1000003e   0x00000002   PAD
    0x10000040   0x00000004   Data   RW          716    .data               main.o
    0x10000044   0x00000001   Data   RW          721    .data               main.o
    0x10000045   0x00000001   Data   RW          723    .data               main.o
    0x10000046   0x00000001   Data   RW          725    .data               main.o
    0x10000047   0x00000001   Data   RW          727    .data               main.o
    0x10000048   0x00000004   Data   RW          732    .data               main.o
    0x1000004c   0x00000006   Data   RW          746    .data               main.o
    0x10000052   0x00000005   Data   RW          747    .data               main.o
    0x10000057   0x00000008   Data   RW          751    .data               main.o
    0x1000005f   0x00000001   Data   RW          756    .data               main.o
    0x10000060   0x00000001   Data   RW          759    .data               main.o
    0x10000061   0x00000003   PAD
    0x10000064   0x00000004   Data   RW          761    .data               main.o
    0x10000068   0x00000002   Data   RW          762    .data               main.o
    0x1000006a   0x00000001   Data   RW          763    .data               main.o
    0x1000006b   0x00000001   Data   RW          778    .data               main.o
    0x1000006c   0x00000001   Data   RW          781    .data               main.o
    0x1000006d   0x00000001   PAD
    0x1000006e   0x00000002   Data   RW          789    .data               main.o
    0x10000070   0x00000001   Data   RW          792    .data               main.o
    0x10000071   0x00000001   Data   RW          799    .data               main.o
    0x10000072   0x00000001   Data   RW          804    .data               main.o
    0x10000073   0x00000001   PAD
    0x10000074   0x00000002   Data   RW          806    .data               main.o
    0x10000076   0x00000001   Data   RW          810    .data               main.o
    0x10000077   0x00000001   Data   RW          812    .data               main.o
    0x10000078   0x00000001   Data   RW          814    .data               main.o
    0x10000079   0x00000001   Data   RW          816    .data               main.o
    0x1000007a   0x00000001   Data   RW          818    .data               main.o
    0x1000007b   0x00000001   Data   RW          820    .data               main.o
    0x1000007c   0x00000001   Data   RW          822    .data               main.o
    0x1000007d   0x00000001   Data   RW          825    .data               main.o
    0x1000007e   0x00000002   PAD
    0x10000080   0x00000004   Data   RW          826    .data               main.o
    0x10000084   0x00000001   Data   RW          829    .data               main.o
    0x10000085   0x00000001   Data   RW          831    .data               main.o
    0x10000086   0x00000002   Data   RW          834    .data               main.o
    0x10000088   0x00000001   Data   RW          836    .data               main.o
    0x10000089   0x00000003   PAD
    0x1000008c   0x00000004   Data   RW          839    .data               main.o
    0x10000090   0x00000001   Data   RW          841    .data               main.o
    0x10000091   0x00000001   Data   RW          844    .data               main.o
    0x10000092   0x00000001   Data   RW          847    .data               main.o
    0x10000093   0x00000001   Data   RW          849    .data               main.o
    0x10000094   0x00000001   Data   RW          851    .data               main.o
    0x10000095   0x00000001   PAD
    0x10000096   0x00000002   Data   RW          853    .data               main.o
    0x10000098   0x00000001   Data   RW          854    .data               main.o
    0x10000099   0x00000001   Data   RW          856    .data               main.o
    0x1000009a   0x00000001   Data   RW          858    .data               main.o
    0x1000009b   0x00000001   PAD
    0x1000009c   0x00000004   Data   RW          860    .data               main.o
    0x100000a0   0x00000001   Data   RW          861    .data               main.o
    0x100000a1   0x00000001   Data   RW          863    .data               main.o
    0x100000a2   0x00000001   Data   RW          867    .data               main.o
    0x100000a3   0x00000001   PAD
    0x100000a4   0x00000002   Data   RW          871    .data               main.o
    0x100000a6   0x00000002   PAD
    0x100000a8   0x00000015   Data   RW          932    .data               keydisp.o
    0x100000bd   0x00000008   Data   RW          933    .data               keydisp.o
    0x100000c5   0x00000001   Data   RW          934    .data               keydisp.o
    0x100000c6   0x00000002   PAD
    0x100000c8   0x00000014   Data   RW         1060    .data               speed.o
    0x100000dc   0x0000000c   Data   RW         1161    .data               taskuart0.o
    0x100000e8   0x00000068   Data   RW         1541    .data               switch.o
    0x10000150   0x0000000c   Data   RW         1661    .data               camera.o
    0x1000015c   0x00000004   Data   RW         1759    .data               uart0.o
    0x10000160   0x00000001   Data   RW         1762    .data               uart0.o
    0x10000161   0x00000003   PAD
    0x10000164   0x00000008   Data   RW         1989    .data               dff_25xxx.o
    0x1000016c   0x0000000c   Data   RW         2412    .data               timer0.o
    0x10000178   0x0000000c   Data   RW         2466    .data               timer3.o
    0x10000184   0x00000002   Data   RW         2494    .data               iic0.o
    0x10000186   0x00000001   Data   RW         2642    .data               fs_usbh_msc.o
    0x10000187   0x00000001   PAD
    0x10000188   0x00000004   Data   RW         2776    .data               usbh_ohci_lpc17xx.o
    0x1000018c   0x00000008   Data   RW         2778    .data               usbh_ohci_lpc17xx.o
    0x10000194   0x00000036   Data   RW         3071    .data               bb_gprs_cmd.o
    0x100001ca   0x00000002   PAD
    0x100001cc   0x00000004   Data   RW         3079    .data               bb_gprs_cmd.o
    0x100001d0   0x00000008   Data   RW         3294    .data               th_gprs_cmd.o
    0x100001d8   0x00000004   Data   RW         3349    .data               gsm_gprs.o
    0x100001dc   0x00000006   Data   RW         3519    .data               gprs_alig.o
    0x100001e2   0x00000001   Data   RW         3815    .data               hal_cm3.o
    0x100001e3   0x00000001   PAD
    0x100001e4   0x00000008   Data   RW         3909    .data               rt_robin.o
    0x100001ec   0x00000002   Data   RW         3979    .data               rt_time.o
    0x100001ee   0x00000002   PAD
    0x100001f0   0x00000008   Data   RW         3995    .data               rt_task.o
    0x100001f8   0x0000003c   Data   RW         4171    .data               USB_CM3.lib(usbh_ohci.o)
    0x10000234   0x00000010   Data   RW         4172    .data               USB_CM3.lib(usbh_ohci.o)
    0x10000244   0x00000004   Data   RW         4509    .data               c_w.l(streamlock.o)
    0x10000248   0x00000004   Data   RW         4748    .data               c_w.l(stdio_streams.o)
    0x1000024c   0x0000024c   Zero   RW           53    .bss                rtx_conf_cm.o
    0x10000498   0x00000204   Zero   RW           55    .bss                rtx_conf_cm.o
    0x1000069c   0x00000030   Zero   RW           56    .bss                rtx_conf_cm.o
    0x100006cc   0x000004e0   Zero   RW           58    .bss                rtx_conf_cm.o
    0x10000bac   0x0000000c   Zero   RW           99    .bss                usb_config.o
    0x10000bb8   0x00000014   Zero   RW          100    .bss                usb_config.o
    0x10000bcc   0x00000188   Zero   RW          252    .bss                taskcan.o
    0x10000d54   0x00000400   Zero   RW          604    .bss                algol.o
    0x10001154   0x00000014   Zero   RW          650    .bss                main.o
    0x10001168   0x00000038   Zero   RW          652    .bss                main.o
    0x100011a0   0x00000010   Zero   RW          653    .bss                main.o
    0x100011b0   0x0000000c   Zero   RW          654    .bss                main.o
    0x100011bc   0x0000010c   Zero   RW          655    .bss                main.o
    0x100012c8   0x00000020   Zero   RW          661    .bss                main.o
    0x100012e8   0x00000500   Zero   RW          668    .bss                main.o
    0x100017e8   0x000000f9   Zero   RW          669    .bss                main.o
    0x100018e1   0x00000087   Zero   RW          670    .bss                main.o
    0x10001968   0x0000001c   Zero   RW          671    .bss                main.o
    0x10001984   0x00000023   Zero   RW          673    .bss                main.o
    0x100019a7   0x00000020   Zero   RW          679    .bss                main.o
    0x100019c7   0x00000001   PAD
    0x100019c8   0x0000028d   Zero   RW          921    .bss                keydisp.o
    0x10001c55   0x00000117   Zero   RW         1059    .bss                speed.o
    0x10001d6c   0x0000002f   Zero   RW         1539    .bss                switch.o
    0x10001d9b   0x0000002b   Zero   RW         1660    .bss                camera.o
    0x10001dc6   0x00000011   Zero   RW         1986    .bss                dff_25xxx.o
    0x10001dd7   0x00000001   Zero   RW         2134    .bss                spi0.o
    0x10001dd8   0x000000c6   Zero   RW         2177    .bss                adc.o
    0x10001e9e   0x00000007   Zero   RW         2303    .bss                led_e308.o
    0x10001ea5   0x00000063   Zero   RW         2336    .bss                rit.o
    0x10001f08   0x00000001   Zero   RW         2411    .bss                timer0.o
    0x10001f09   0x00000001   Zero   RW         2465    .bss                timer3.o
    0x10001f0a   0x0000009b   Zero   RW         2493    .bss                iic0.o
    0x10001fa5   0x00000018   Zero   RW         3592    .bss                sms.o
    0x10001fbd   0x00000001   Zero   RW         3593    .bss                sms.o
    0x10001fbe   0x00000002   PAD
    0x10001fc0   0x00000030   Zero   RW         3870    .bss                rt_list.o
    0x10001ff0   0x00000010   PAD
    0x10002000   0x000009c4   Zero   RW          402    .ARM.__AT_0x10002000  usersys.o
    0x100029c4   0x00001fd0   Zero   RW          404    .bss                usersys.o
    0x10004994   0x00000914   Zero   RW         1819    .bss                uart1.o
    0x100052a8   0x00000828   Zero   RW         2838    .bss                gps.o
    0x10005ad0   0x00000800   Zero   RW         3337    .bss                gsm_gprs.o
    0x100062d0   0x00000400   Zero   RW         3338    .bss                gsm_gprs.o
    0x100066d0   0x00000050   Zero   RW         4744    .bss                c_w.l(stdio_streams.o)
    0x10006720   0x00000050   Zero   RW         4746    .bss                c_w.l(stdio_streams.o)
    0x10006770   0x00000800   Zero   RW            1    STACK               startup_lpc17xx.o


    Execution Region RW_IRAM2 (Base: 0x2007c000, Size: 0x00007720, Max: 0x00008000, ABSOLUTE, COMPRESSED[0x00000154])

    Base Addr    Size         Type   Attr      Idx    E Section Name        Object

    0x2007c000   0x00000004   Data   RW           14    .data               system_lpc17xx.o
    0x2007c004   0x00000004   Data   RW           70    .data               rtx_conf_cm.o
    0x2007c008   0x00000004   Data   RW          109    .data               usb_config.o
    0x2007c00c   0x00000001   Data   RW          113    .data               usb_config.o
    0x2007c00d   0x00000003   PAD
    0x2007c010   0x0000000c   Data   RW          197    .data               rtx_can.o
    0x2007c01c   0x00000004   Data   RW          220    .data               can_lpc17xx.o
    0x2007c020   0x00000014   Data   RW          408    .data               usersys.o
    0x2007c034   0x00000004   Data   RW          606    .data               algol.o
    0x2007c038   0x00000008   Data   RW          684    .data               main.o
    0x2007c040   0x00000004   Data   RW          688    .data               main.o
    0x2007c044   0x0000000c   Data   RW          689    .data               main.o
    0x2007c050   0x00000008   Data   RW          690    .data               main.o
    0x2007c058   0x00000001   Data   RW          698    .data               main.o
    0x2007c059   0x00000001   Data   RW          700    .data               main.o
    0x2007c05a   0x00000001   Data   RW          702    .data               main.o
    0x2007c05b   0x00000001   PAD
    0x2007c05c   0x00000004   Data   RW          703    .data               main.o
    0x2007c060   0x00000002   Data   RW          713    .data               main.o
    0x2007c062   0x00000002   PAD
    0x2007c064   0x00000004   Data   RW          715    .data               main.o
    0x2007c068   0x00000001   Data   RW          717    .data               main.o
    0x2007c069   0x00000001   Data   RW          722    .data               main.o
    0x2007c06a   0x00000001   Data   RW          724    .data               main.o
    0x2007c06b   0x00000001   Data   RW          726    .data               main.o
    0x2007c06c   0x00000001   Data   RW          728    .data               main.o
    0x2007c06d   0x00000003   PAD
    0x2007c070   0x00000004   Data   RW          731    .data               main.o
    0x2007c074   0x00000004   Data   RW          733    .data               main.o
    0x2007c078   0x00000005   Data   RW          741    .data               main.o
    0x2007c07d   0x00000006   Data   RW          744    .data               main.o
    0x2007c083   0x00000008   Data   RW          748    .data               main.o
    0x2007c08b   0x00000007   Data   RW          750    .data               main.o
    0x2007c092   0x00000002   Data   RW          757    .data               main.o
    0x2007c094   0x00000001   Data   RW          758    .data               main.o
    0x2007c095   0x00000001   Data   RW          760    .data               main.o
    0x2007c096   0x00000001   Data   RW          776    .data               main.o
    0x2007c097   0x00000001   Data   RW          779    .data               main.o
    0x2007c098   0x00000001   Data   RW          785    .data               main.o
    0x2007c099   0x00000001   PAD
    0x2007c09a   0x00000002   Data   RW          788    .data               main.o
    0x2007c09c   0x00000001   Data   RW          793    .data               main.o
    0x2007c09d   0x00000004   Data   RW          794    .data               main.o
    0x2007c0a1   0x00000006   Data   RW          795    .data               main.o
    0x2007c0a7   0x00000001   Data   RW          800    .data               main.o
    0x2007c0a8   0x00000002   Data   RW          801    .data               main.o
    0x2007c0aa   0x00000008   Data   RW          802    .data               main.o
    0x2007c0b2   0x00000001   Data   RW          805    .data               main.o
    0x2007c0b3   0x00000001   PAD
    0x2007c0b4   0x00000002   Data   RW          807    .data               main.o
    0x2007c0b6   0x00000001   Data   RW          811    .data               main.o
    0x2007c0b7   0x00000001   Data   RW          813    .data               main.o
    0x2007c0b8   0x00000001   Data   RW          815    .data               main.o
    0x2007c0b9   0x00000001   Data   RW          817    .data               main.o
    0x2007c0ba   0x00000001   Data   RW          819    .data               main.o
    0x2007c0bb   0x00000001   Data   RW          821    .data               main.o
    0x2007c0bc   0x00000001   Data   RW          824    .data               main.o
    0x2007c0bd   0x00000001   Data   RW          827    .data               main.o
    0x2007c0be   0x00000001   Data   RW          830    .data               main.o
    0x2007c0bf   0x00000001   PAD
    0x2007c0c0   0x00000004   Data   RW          833    .data               main.o
    0x2007c0c4   0x00000001   Data   RW          835    .data               main.o
    0x2007c0c5   0x00000001   Data   RW          837    .data               main.o
    0x2007c0c6   0x00000001   Data   RW          842    .data               main.o
    0x2007c0c7   0x00000001   PAD
    0x2007c0c8   0x00000004   Data   RW          843    .data               main.o
    0x2007c0cc   0x00000002   Data   RW          845    .data               main.o
    0x2007c0ce   0x00000001   Data   RW          846    .data               main.o
    0x2007c0cf   0x00000001   Data   RW          848    .data               main.o
    0x2007c0d0   0x00000001   Data   RW          850    .data               main.o
    0x2007c0d1   0x00000001   Data   RW          852    .data               main.o
    0x2007c0d2   0x00000001   Data   RW          855    .data               main.o
    0x2007c0d3   0x00000001   Data   RW          857    .data               main.o
    0x2007c0d4   0x00000001   Data   RW          859    .data               main.o
    0x2007c0d5   0x00000001   Data   RW          862    .data               main.o
    0x2007c0d6   0x00000001   Data   RW          865    .data               main.o
    0x2007c0d7   0x00000001   PAD
    0x2007c0d8   0x00000004   Data   RW          866    .data               main.o
    0x2007c0dc   0x00000002   Data   RW          870    .data               main.o
    0x2007c0de   0x00000002   Data   RW          872    .data               main.o
    0x2007c0e0   0x00000001   Data   RW          873    .data               main.o
    0x2007c0e1   0x00000001   Data   RW         1760    .data               uart0.o
    0x2007c0e2   0x00000002   PAD
    0x2007c0e4   0x00000008   Data   RW         1930    .data               dfe_25xxx.o
    0x2007c0ec   0x00000008   Data   RW         2230    .data               timer2.o
    0x2007c0f4   0x0000000c   Data   RW         2337    .data               rit.o
    0x2007c100   0x0000000c   Data   RW         2439    .data               timer1.o
    0x2007c10c   0x00000004   Data   RW         2659    .data               msd_sd_file.o
    0x2007c110   0x00000040   Data   RW         2777    .data               usbh_ohci_lpc17xx.o
    0x2007c150   0x00000008   Data   RW         2840    .data               gps.o
    0x2007c158   0x00000004   Data   RW         3078    .data               bb_gprs_cmd.o
    0x2007c15c   0x00000001   Data   RW         3080    .data               bb_gprs_cmd.o
    0x2007c15d   0x00000003   PAD
    0x2007c160   0x0000002e   Data   RW         3340    .data               gsm_gprs.o
    0x2007c18e   0x00000002   PAD
    0x2007c190   0x00000004   Data   RW         3348    .data               gsm_gprs.o
    0x2007c194   0x00000002   Data   RW         3350    .data               gsm_gprs.o
    0x2007c196   0x00000002   PAD
    0x2007c198   0x00000248   Data   RW         3408    .data               gprs_cmd.o
    0x2007c3e0   0x00000008   Data   RW         3563    .data               phone.o
    0x2007c3e8   0x00000001   Data   RW         3670    .data               kionix_kxtf9_driver.o
    0x2007c3e9   0x00000004   Data   RW         3727    .data               kionix_kxtf9_common.o
    0x2007c3ed   0x00000003   PAD
    0x2007c3f0   0x00000008   Data   RW         3964    .data               rt_timer.o
    0x2007c3f8   0x00000002   Data   RW         4024    .data               rt_system.o
    0x2007c3fa   0x00000002   PAD
    0x2007c3fc   0x00000018   Data   RW         4122    .data               USB_CM3.lib(usbh_msc.o)
    0x2007c414   0x00000010   Data   RW         4201    .data               USB_CM3.lib(usbh_mem.o)
    0x2007c424   0x00000001   Data   RW         4233    .data               FS_CM3.lib(fs_mapi.o)
    0x2007c425   0x00000003   PAD
    0x2007c428   0x00000004   Data   RW         4747    .data               c_w.l(stdio_streams.o)
    0x2007c42c   0x00000004   Data   RW         4749    .data               c_w.l(stdio_streams.o)
    0x2007c430   0x00001f50   Zero   RW           54    .bss                rtx_conf_cm.o
    0x2007e380   0x0000008c   Zero   RW           57    .bss                rtx_conf_cm.o
    0x2007e40c   0x00000018   Zero   RW           98    .bss                usb_config.o
    0x2007e424   0x00000024   Zero   RW          167    .bss                file_config.o
    0x2007e448   0x00000980   Zero   RW          168    .bss                file_config.o
    0x2007edc8   0x0000034c   Zero   RW          196    .bss                rtx_can.o
    0x2007f114   0x00000038   Zero   RW          651    .bss                main.o
    0x2007f14c   0x00000018   Zero   RW          656    .bss                main.o
    0x2007f164   0x00000010   Zero   RW          657    .bss                main.o
    0x2007f174   0x00000036   Zero   RW          663    .bss                main.o
    0x2007f1aa   0x00000030   Zero   RW          664    .bss                main.o
    0x2007f1da   0x00000114   Zero   RW          666    .bss                main.o
    0x2007f2ee   0x00000200   Zero   RW          667    .bss                main.o
    0x2007f4ee   0x00000100   Zero   RW          672    .bss                main.o
    0x2007f5ee   0x00000079   Zero   RW          674    .bss                main.o
    0x2007f667   0x00000001   PAD
    0x2007f668   0x00000014   Zero   RW          675    .bss                main.o
    0x2007f67c   0x000000b4   Zero   RW          676    .bss                main.o
    0x2007f730   0x00000012   Zero   RW          677    .bss                main.o
    0x2007f742   0x00000012   Zero   RW          678    .bss                main.o
    0x2007f754   0x00000034   Zero   RW          680    .bss                main.o
    0x2007f788   0x00000023   Zero   RW         1393    .bss                print.o
    0x2007f7ab   0x00000001   PAD
    0x2007f7ac   0x0000000c   Zero   RW         1491    .bss                pwm.o
    0x2007f7b8   0x0000000a   Zero   RW         1757    .bss                uart0.o
    0x2007f7c2   0x00000511   Zero   RW         1758    .bss                uart0.o
    0x2007fcd3   0x00000001   Zero   RW         1929    .bss                dfe_25xxx.o
    0x2007fcd4   0x0000003e   Zero   RW         2019    .bss                rtc.o
    0x2007fd12   0x00000001   Zero   RW         2229    .bss                timer2.o
    0x2007fd13   0x00000001   Zero   RW         2438    .bss                timer1.o
    0x2007fd14   0x00000001   Zero   RW         2620    .bss                ssp0.o
    0x2007fd15   0x000000d2   Zero   RW         2657    .bss                msd_sd_file.o
    0x2007fde7   0x00000148   Zero   RW         3070    .bss                bb_gprs_cmd.o
    0x2007ff2f   0x00000020   Zero   RW         3335    .bss                gsm_gprs.o
    0x2007ff4f   0x0000009c   Zero   RW         3339    .bss                gsm_gprs.o
    0x2007ffeb   0x00000015   PAD
    0x20080000   0x00000100   Zero   RW         2772    .ARM.__AT_0x20080000  usbh_ohci_lpc17xx.o
    0x20080100   0x00000030   Zero   RW         2773    .ARM.__AT_0x20080100  usbh_ohci_lpc17xx.o
    0x20080130   0x00000010   Zero   RW         2774    .ARM.__AT_0x20080130  usbh_ohci_lpc17xx.o
    0x20080140   0x00001034   Zero   RW         2775    .ARM.__AT_0x20080140  usbh_ohci_lpc17xx.o
    0x20081174   0x00000396   Zero   RW         1852    .bss                uart2 .o
    0x2008150a   0x0000043e   Zero   RW         1888    .bss                uart3.o
    0x20081948   0x00000884   Zero   RW         3334    .bss                gsm_gprs.o
    0x200821cc   0x000004c8   Zero   RW         3518    .bss                gprs_alig.o
    0x20082694   0x000007ac   Zero   RW         3591    .bss                sms.o
    0x20082e40   0x00000030   Zero   RW         3994    .bss                rt_task.o
    0x20082e70   0x00000060   Zero   RW         4423    .bss                c_w.l(libspace.o)
    0x20082ed0   0x00000050   Zero   RW         4745    .bss                c_w.l(stdio_streams.o)
    0x20082f20   0x00000800   Zero   RW            2    HEAP                startup_lpc17xx.o


==============================================================================

Image component sizes


      Code (inc. data)   RO Data    RW Data    ZI Data      Debug   Object Name

      1804        156        151          0        198       5854   adc.o
      2300         32        512          4       1024      16104   algol.o
        40          6       4656          0          0       1106   ascii_code24dot.o
      1460        346       1856          0          0      15560   atcmd.o
     15916       1432          0         63        328      67148   bb_gprs_cmd.o
      5576        828          4         12         43      11950   camera.o
       976         82         68          4          0      39059   can_lpc17xx.o
        96         10      14803          0          0       1591   cn_code24dot.o
       924         36          4          8          1       5146   dfe_25xxx.o
      2220         64         44          8         17       8357   dff_25xxx.o
      3532        638          0          0          0      19012   drivercard.o
       124         14         12          0       2468      12322   file_config.o
       204          4         24          1          0       2343   fs_usbh_msc.o
       312         32          0          0          0      26760   gb_gprs_cmd.o
      1848        176          0          6       1224       5227   gprs_alig.o
      1564        176        483        584          0      26624   gprs_cmd.o
      7900       1322        154          8       2088      24747   gps.o
      3752        138          0          0          0      12829   gps_pack.o
     16308       3074          4         56       5440      30368   gsm_gprs.o
       504         52          0          1          0       3819   hal_cm3.o
        46          0          0          0          0       1067   i2c_interface.o
      1936        320          4          2        155       7854   iic0.o
      8932        714       4072         30        653      24152   keydisp.o
      1336        224          0          4          0       9179   kionix_kxtf9_common.o
      6086         30          0          1          0      32653   kionix_kxtf9_driver.o
      2372         28       1540          0          7       6421   led_e308.o
       712         42          0        285       3814      50644   main.o
      4796       1896         84          4        210       8801   msd_sd_file.o
      1664        384         51          8          0      13567   phone.o
      4548        352        708          0         35      25450   print.o
       288         30          4          0         12       2810   pwm.o
       204         24         20          0          0       8881   retarget.o
       732         72          4         12         99       3890   rit.o
       296         12          0          0          0       2106   rt_event.o
       536         18          0          0         48       5226   rt_list.o
       656          8          0          0          0       2907   rt_mailbox.o
       158          0          0          0          0       1657   rt_membox.o
       284          8          0          0          0       1337   rt_mutex.o
        88         16          0          8          0        788   rt_robin.o
       192         10          0          0          0       1662   rt_semaphore.o
       288         30          0          2          0       1518   rt_system.o
       872         74          0          8         48       4490   rt_task.o
        64          8          0          2          0        947   rt_time.o
       180         10          0          8          0       1425   rt_timer.o
      2992        176        142          0         62      13236   rtc.o
       448         36          0         12        844       4953   rtx_can.o
       172         30         32          8      10556       7908   rtx_conf_cm.o
       184         16         41          0          0       1869   serial_for_usb.o
      1572         98          0          0       1989      10557   sms.o
      5528        416          4         20        279      26763   speed.o
       408         14          4          0          1       2559   spi0.o
       604         18          4          0          1       2507   ssp0.o
       260        226          0          0       4096        944   startup_lpc17xx.o
         4          4          0          0          0        176   svc_table.o
      8500       1808        322        104         47      16777   switch.o
       492         32          0          4          0      22138   system_lpc17xx.o
       856         66         20          4        392      32192   taskcan.o
     13216        852        460         12          0      75522   taskuart0.o
     14304       1290          0          8          0      32468   th_gprs_cmd.o
       112         12          4         12          1       1840   timer0.o
       116         18          4         12          1       1840   timer1.o
       284         46          4          8          1      19164   timer2.o
       120         18          4         12          1       1902   timer3.o
       640         48          4          6       1307      24436   uart0.o
       836         64          4          0       2324       6438   uart1.o
       980         48          4          0        918       6155   uart2 .o
      1788        338        286          0       1086       5644   uart3.o
         0          0          6         14         56      10308   usb_config.o
       284         24          0         76       4468      19793   usbh_ohci_lpc17xx.o
     11912       1536        583         20      10644      60541   usersys.o

    ----------------------------------------------------------------------
    171240      20162      31274       1524      57028     963988   Object Totals
         0          0         64          0          0          0   (incl. Generated)
         2          0         16         63         42          0   (incl. Padding)

    ----------------------------------------------------------------------

      Code (inc. data)   RO Data    RW Data    ZI Data      Debug   Library Member Name

     10028        230        169          0          0       5156   fs_fat.o
       368         28          0          0          0        456   fs_lib.o
      1632         90          0          1          0        872   fs_mapi.o
       908         64          0          0          0        568   fs_sys.o
        14          4          0          0          0        136   fs_time.o
      2454        146          0          0          0       1256   usbh_core.o
       192         18          0         16          0        232   usbh_mem.o
      5152        260          0         24          0       1956   usbh_msc.o
      3058        138         32         76          0       1952   usbh_ohci.o
        60          8          0          0          0         84   __0sscanf.o
        20          0          0          0          0         84   __2fprintf.o
        44          6          0          0          0         84   __2sprintf.o
        90          0          0          0          0          0   __dczerorl2.o
         8          0          0          0          0         68   __main.o
       412          4         17          0          0         92   __printf_flags_ss_wp.o
        14          0          0          0          0         68   __printf_wp.o
        52          8          0          0          0          0   __scatter.o
        28          0          0          0          0          0   __scatter_zi.o
        32          0          0          0          0         68   _chval.o
        44          0          0          0          0        108   _printf_char.o
        48          6          0          0          0         96   _printf_char_common.o
        64          6          0          0          0         84   _printf_char_file_locked.o
        42          0          0          0          0         68   _printf_charcount.o
         6          0          0          0          0          0   _printf_d.o
       120         18          0          0          0         92   _printf_dec.o
        88          6         40          0          0         88   _printf_hex_ptr.o
       182          0          0          0          0         88   _printf_intcommon.o
         6          0          0          0          0          0   _printf_n.o
         6          0          0          0          0          0   _printf_p.o
        80          0          0          0          0        108   _printf_pad.o
         0          0          0          0          0          0   _printf_percent.o
         4          0          0          0          0          0   _printf_percent_end.o
         6          0          0          0          0          0   _printf_s.o
        82          0          0          0          0         80   _printf_str.o
        22          0          0          0          0        100   _rserrno.o
       904          4          0          0          0        100   _scanf.o
       334          0          0          0          0         96   _scanf_int.o
        64          0          0          0          0         84   _sgetc.o
        10          0          0          0          0         68   _sputc.o
       158          0          0          0          0         92   _strtoul.o
        16          0          0          0          0         68   aeabi_memset.o
        26          0          0          0          0         80   atoi.o
        10          0          0          0          0         68   defsig_exit.o
        50          0          0          0          0         88   defsig_general.o
        76         56          0          0          0         76   defsig_rtmem_inner.o
        14          0          0          0          0         80   defsig_rtmem_outer.o
        52         38          0          0          0         76   defsig_rtred_inner.o
        14          0          0          0          0         80   defsig_rtred_outer.o
        12          0          0          0          0         68   exit.o
        78          0          0          0          0         88   fclose.o
        52          6          0          0          0         80   fclose_locked.o
        30          0          0          0          0         80   ferror_locked.o
       144         10          0          0          0        128   fflush_locked.o
       578          0          0          0          0        132   filbuf.o
       472          0          0          0          0         88   flsbuf.o
        92         10          0          0          0         88   flushlinebuffered_locked.o
       324          8          0          0          0        152   fopen_locked.o
        26          0          0          0          0         68   fputc.o
        54          0          0          0          0         80   fputs_locked.o
       314          0          0          0          0         96   freadfast_locked.o
       248          4          0          0          0         84   fseek.o
        70          0          0          0          0         76   ftell.o
       218          0          0          0          0         92   fwritefast_locked.o
       158          0          0          0          0        128   h1_alloc_mt.o
        62          0          0          0          0         80   h1_extend_mt.o
       118          0          0          0          0        108   h1_free_mt.o
        18          0          0          0          0         84   h1_init_mt.o
         6          0          0          0          0        152   heapauxi.o
         4          0          0          0          0        136   hguard.o
        36         10          0          0          0         80   init_aeabi.o
       138          0          0          0          0        168   init_alloc.o
       456         48          0          0          0        116   initio_locked.o
        18          0          0          0          0         76   isspace.o
        44         10        272          0          0         76   lc_ctype_c.o
         6          0          0          0          0          0   libinit.o
        36          0          0          0          0          0   libinit2.o
         2          0          0          0          0          0   libshutdown.o
         6          0          0          0          0          0   libshutdown2.o
         8          4          0          0         96         68   libspace.o
       238          0          0          0          0        100   lludivv7m.o
         0          0          0          0          0         68   maybetermalloc1.o
        78          0          0          0          0         76   memcmp.o
        16          4          0          0          0         76   rt_ctype_table.o
         4          0          0          0          0         68   rt_errno_addr_twolibspace.o
        10          0          0          0          0         76   rt_fp_status_addr_twolibspace.o
        10          0          0          0          0         76   rt_heap_descriptor_twolibspace.o
        10          0          0          0          0         76   rt_locale_twolibspace.o
        68          0          0          0          0         68   rt_memclr.o
        78          0          0          0          0         80   rt_memclr_w.o
       138          0          0          0          0         68   rt_memcpy_v6.o
       100          0          0          0          0         80   rt_memcpy_w.o
       132          0          0          0          0         68   rt_memmove_v6.o
       122          0          0          0          0         80   rt_memmove_w.o
         0          0          0          0          0          0   rtentry.o
        12          0          0          0          0          0   rtentry2.o
         6          0          0          0          0          0   rtentry4.o
         2          0          0          0          0          0   rtexit.o
        10          0          0          0          0          0   rtexit2.o
        48         10          0          0          0         84   scanf_char.o
       104          0          0          0          0         88   setvbuf_locked.o
       240          6          0          0          0        156   stdio.o
         0          0          0         12        240          0   stdio_streams.o
        24          0          0          0          0         68   strcat.o
       128          0          0          0          0         68   strcmpv7m.o
        72          0          0          0          0         80   strcpy.o
         0          0          0          4          0          0   streamlock.o
        62          0          0          0          0         76   strlen.o
        86          0          0          0          0         76   strncpy.o
        36          0          0          0          0         80   strstr.o
       112          0          0          0          0         88   strtol.o
        74          0          0          0          0         80   sys_stackheap_outer.o
        30          0          0          0          0         76   toupper.o
         2          0          0          0          0         68   use_no_semi.o
       826         16          0          0          0        356   daddsub_clz.o
        16          4          0          0          0         68   dcheck1.o
       688        140          0          0          0        212   ddiv.o
        94          4          0          0          0         92   dfix.o
        90          4          0          0          0         92   dfixu.o
        84          0          0          0          0        136   dflt_clz.o
       340         12          0          0          0        104   dmul.o
       156          4          0          0          0         92   dnaninf.o
        12          0          0          0          0         68   dretinf.o
       460         56          0          0          0        120   dsqrt_noumaal.o
        86          4          0          0          0         84   f2d.o
       388         76          0          0          0         96   fdiv.o
        38          0          0          0          0         68   fflt_clz.o
       140          4          0          0          0         84   fnaninf.o
        14          0          0          0          0         76   fpinit.o
        10          0          0          0          0         68   fretinf.o
       100          0          0          0          0         68   retnan.o
        96          0          0          0          0         68   scalbn.o
        48          0          0          0          0         68   trapv.o
         0          0          0          0          0          0   usenofp.o
       644         60         80          0          0        196   acos.o
       172         10          0          0          0        116   cos.o
       252         22         48          0          0        128   cos_i.o
        16          6          0          0          0         68   dunder.o
        40          0          0          0          0         68   fpclassify.o
       170          0          0          0          0         96   poly.o
       900         74        200          0          0        140   rred.o
       176         10          0          0          0        120   sin.o
       240         14         40          0          0        132   sin_i.o
        76          0          0          0          0         84   sqrt.o

    ----------------------------------------------------------------------
     39422       1788        900        136        336      23088   Library Totals
        76          0          2          3          0          0   (incl. Padding)

    ----------------------------------------------------------------------

      Code (inc. data)   RO Data    RW Data    ZI Data      Debug   Library Name

     12950        416        169          1          0       7188   FS_CM3.lib
     10856        562         32        116          0       5396   USB_CM3.lib
      9168        290        329         16        336       7336   c_w.l
      3686        324          0          0          0       2020   fz_ws.l
      2686        196        368          0          0       1148   m_ws.l

    ----------------------------------------------------------------------
     39422       1788        900        136        336      23088   Library Totals

    ----------------------------------------------------------------------

==============================================================================


      Code (inc. data)   RO Data    RW Data    ZI Data      Debug   

    210662      21950      32174       1660      57364     963364   Grand Totals
    210662      21950      32174        424      57364     963364   ELF Image Totals (compressed)
    210662      21950      32174        424          0          0   ROM Totals

==============================================================================

    Total RO  Size (Code + RO Data)               242836 ( 237.14kB)
    Total RW  Size (RW Data + ZI Data)             59024 (  57.64kB)
    Total ROM Size (Code + RO Data + RW Data)     243260 ( 237.56kB)

==============================================================================

